Archive member included to satisfy reference by file (symbol)

/usr/lib/gcc/arm-none-eabi/13.2.1/thumb/v6-m/nofp/libgcc.a(_dvmd_tls.o)
                              CMakeFiles/prog.dir/home/sebastiaan/Documents/ProtocolDIrectory/pico-sdk/src/rp2_common/pico_divider/divider_hardware.S.o (__aeabi_idiv0)
/usr/lib/gcc/arm-none-eabi/13.2.1/../../../arm-none-eabi/lib/thumb/v6-m/nofp/libc.a(libc_a-calloc.o)
                              CMakeFiles/prog.dir/home/sebastiaan/Documents/ProtocolDIrectory/pico-sdk/src/rp2_common/pico_malloc/malloc.c.o (calloc)
/usr/lib/gcc/arm-none-eabi/13.2.1/../../../arm-none-eabi/lib/thumb/v6-m/nofp/libc.a(libc_a-impure.o)
                              /usr/lib/gcc/arm-none-eabi/13.2.1/../../../arm-none-eabi/lib/thumb/v6-m/nofp/libc.a(libc_a-calloc.o) (_impure_ptr)
/usr/lib/gcc/arm-none-eabi/13.2.1/../../../arm-none-eabi/lib/thumb/v6-m/nofp/libc.a(libc_a-callocr.o)
                              /usr/lib/gcc/arm-none-eabi/13.2.1/../../../arm-none-eabi/lib/thumb/v6-m/nofp/libc.a(libc_a-calloc.o) (_calloc_r)
/usr/lib/gcc/arm-none-eabi/13.2.1/../../../arm-none-eabi/lib/thumb/v6-m/nofp/libc.a(libc_a-realloc.o)
                              CMakeFiles/prog.dir/home/sebastiaan/Documents/ProtocolDIrectory/pico-sdk/src/rp2_common/pico_malloc/malloc.c.o (realloc)
/usr/lib/gcc/arm-none-eabi/13.2.1/../../../arm-none-eabi/lib/thumb/v6-m/nofp/libc.a(libc_a-mallocr.o)
                              /usr/lib/gcc/arm-none-eabi/13.2.1/../../../arm-none-eabi/lib/thumb/v6-m/nofp/libc.a(libc_a-callocr.o) (_malloc_r)
/usr/lib/gcc/arm-none-eabi/13.2.1/../../../arm-none-eabi/lib/thumb/v6-m/nofp/libc.a(libc_a-freer.o)
                              /usr/lib/gcc/arm-none-eabi/13.2.1/../../../arm-none-eabi/lib/thumb/v6-m/nofp/libc.a(libc_a-mallocr.o) (_free_r)
/usr/lib/gcc/arm-none-eabi/13.2.1/../../../arm-none-eabi/lib/thumb/v6-m/nofp/libc.a(libc_a-memcmp.o)
                              CMakeFiles/prog.dir/home/sebastiaan/Documents/ProtocolDIrectory/pico-sdk/src/rp2_common/pico_atomic/atomic.c.o (memcmp)
/usr/lib/gcc/arm-none-eabi/13.2.1/../../../arm-none-eabi/lib/thumb/v6-m/nofp/libc.a(libc_a-strtol.o)
                              CMakeFiles/prog.dir/main.c.o (strtol)
/usr/lib/gcc/arm-none-eabi/13.2.1/../../../arm-none-eabi/lib/thumb/v6-m/nofp/libc.a(libc_a-malloc.o)
                              CMakeFiles/prog.dir/home/sebastiaan/Documents/ProtocolDIrectory/pico-sdk/src/rp2_common/pico_malloc/malloc.c.o (malloc)
/usr/lib/gcc/arm-none-eabi/13.2.1/../../../arm-none-eabi/lib/thumb/v6-m/nofp/libc.a(libc_a-sysconf.o)
                              /usr/lib/gcc/arm-none-eabi/13.2.1/../../../arm-none-eabi/lib/thumb/v6-m/nofp/libc.a(libc_a-mallocr.o) (sysconf)
/usr/lib/gcc/arm-none-eabi/13.2.1/../../../arm-none-eabi/lib/thumb/v6-m/nofp/libc.a(libc_a-init.o)
                              /usr/lib/gcc/arm-none-eabi/13.2.1/../../../arm-none-eabi/lib/thumb/v6-m/nofp/crt0.o (__libc_init_array)
/usr/lib/gcc/arm-none-eabi/13.2.1/../../../arm-none-eabi/lib/thumb/v6-m/nofp/libc.a(libc_a-reallocr.o)
                              /usr/lib/gcc/arm-none-eabi/13.2.1/../../../arm-none-eabi/lib/thumb/v6-m/nofp/libc.a(libc_a-realloc.o) (_realloc_r)
/usr/lib/gcc/arm-none-eabi/13.2.1/../../../arm-none-eabi/lib/thumb/v6-m/nofp/libc.a(libc_a-mktime.o)
                              CMakeFiles/prog.dir/home/sebastiaan/Documents/ProtocolDIrectory/pico-sdk/src/common/pico_util/datetime.c.o (mktime)
/usr/lib/gcc/arm-none-eabi/13.2.1/../../../arm-none-eabi/lib/thumb/v6-m/nofp/libc.a(libc_a-mlock.o)
                              /usr/lib/gcc/arm-none-eabi/13.2.1/../../../arm-none-eabi/lib/thumb/v6-m/nofp/libc.a(libc_a-mallocr.o) (__malloc_lock)
/usr/lib/gcc/arm-none-eabi/13.2.1/../../../arm-none-eabi/lib/thumb/v6-m/nofp/libc.a(libc_a-findfp.o)
                              /usr/lib/gcc/arm-none-eabi/13.2.1/../../../arm-none-eabi/lib/thumb/v6-m/nofp/libc.a(libc_a-impure.o) (__sf)
/usr/lib/gcc/arm-none-eabi/13.2.1/../../../arm-none-eabi/lib/thumb/v6-m/nofp/libc.a(libc_a-tzlock.o)
                              /usr/lib/gcc/arm-none-eabi/13.2.1/../../../arm-none-eabi/lib/thumb/v6-m/nofp/libc.a(libc_a-mktime.o) (__tz_lock)
/usr/lib/gcc/arm-none-eabi/13.2.1/../../../arm-none-eabi/lib/thumb/v6-m/nofp/libc.a(libc_a-ctype_.o)
                              /usr/lib/gcc/arm-none-eabi/13.2.1/../../../arm-none-eabi/lib/thumb/v6-m/nofp/libc.a(libc_a-strtol.o) (_ctype_)
/usr/lib/gcc/arm-none-eabi/13.2.1/../../../arm-none-eabi/lib/thumb/v6-m/nofp/libc.a(libc_a-atexit.o)
                              /usr/lib/gcc/arm-none-eabi/13.2.1/../../../arm-none-eabi/lib/thumb/v6-m/nofp/crt0.o (atexit)
/usr/lib/gcc/arm-none-eabi/13.2.1/../../../arm-none-eabi/lib/thumb/v6-m/nofp/libc.a(libc_a-lcltime_r.o)
                              CMakeFiles/prog.dir/home/sebastiaan/Documents/ProtocolDIrectory/pico-sdk/src/common/pico_util/datetime.c.o (localtime_r)
/usr/lib/gcc/arm-none-eabi/13.2.1/../../../arm-none-eabi/lib/thumb/v6-m/nofp/libc.a(libc_a-strlen-stub.o)
[...]
Memory Configuration

Name             Origin             Length             Attributes
FLASH            0x10000000         0x00200000         xr
RAM              0x20000000         0x00040000         xrw
SCRATCH_X        0x20040000         0x00001000         xrw
SCRATCH_Y        0x20041000         0x00001000         xrw
*default*        0x00000000         0xffffffff

Linker script and memory map

LOAD /usr/lib/gcc/arm-none-eabi/13.2.1/thumb/v6-m/nofp/crti.o
LOAD /usr/lib/gcc/arm-none-eabi/13.2.1/thumb/v6-m/nofp/crtbegin.o
LOAD /usr/lib/gcc/arm-none-eabi/13.2.1/../../../arm-none-eabi/lib/thumb/v6-m/nofp/crt0.o

.flash_begin    0x10000000        0x0
                0x10000000                        __flash_binary_start = .

.boot2          0x10000000      0x100
                0x10000000                        __boot2_start__ = .
 *(.boot2)
 .boot2         0x10000000      0x100 pico-sdk/src/rp2040/boot_stage2/CMakeFiles/bs2_default_library.dir/bs2_default_padded_checksummed.S.o
                0x10000100                        __boot2_end__ = .
                0x00000001                        ASSERT (((__boot2_end__ - __boot2_start__) == 0x100), ERROR: Pico second stage bootloader must be 256 bytes in size)

.text           0x10000100     0x81f8
                0x10000100                        __logical_binary_start = .
 *(.vectors)
 .vectors       0x10000100       0xd4 CMakeFiles/prog.dir/home/sebastiaan/Documents/ProtocolDIrectory/pico-sdk/src/rp2_common/pico_crt0/crt0.S.o
                0x10000100                __vectors
                0x10000100                __VECTOR_TABLE
                0x100001c0                isr_irq30
                0x100001c0                __unhandled_user_irq
                0x100001c0                isr_irq13
                0x100001c0                isr_irq27
                0x100001c0                isr_irq31
                0x100001c0                isr_irq5
                0x100001c0                isr_irq11
                0x100001c0                isr_irq23
                0x100001c0                isr_irq18
                0x100001c0                isr_irq28
                0x100001c0                isr_irq19
                0x100001c0                isr_irq0
                0x100001c0                isr_irq6
                0x100001c0                isr_irq22
                0x100001c0                isr_irq17
                0x100001c0                isr_irq14
                0x100001c0                __vectors_end
                0x100001c0                __default_isrs_start
                0x100001c0                isr_irq2
                0x100001c0                isr_irq10
                0x100001c0                isr_irq8
                0x100001c0                isr_irq24
                0x100001c0                isr_irq1
                0x100001c0                isr_irq7
                0x100001c0                isr_irq21
                0x100001c0                isr_irq20
                0x100001c0                isr_irq15
                0x100001c0                isr_irq25
                0x100001c0                isr_irq4
                0x100001c0                isr_irq16
                0x100001c0                isr_irq29
                0x100001c0                isr_irq26
                0x100001c0                isr_irq3
                0x100001c0                isr_irq12
                0x100001c0                isr_irq9
                0x100001c6                unhandled_user_irq_num_in_r0
                0x100001c8                isr_invalid
                0x100001ca                isr_nmi
                0x100001cc                isr_hardfault
                0x100001ce                isr_svcall
                0x100001d0                isr_pendsv
                0x100001d2                isr_systick
                0x100001d4                __default_isrs_end
 *(.binary_info_header)
 .binary_info_header
                0x100001d4       0x14 CMakeFiles/prog.dir/home/sebastiaan/Documents/ProtocolDIrectory/pico-sdk/src/rp2_common/pico_crt0/crt0.S.o
                0x100001e8                        __binary_info_header_end = .
 *(.embedded_block)
                0x100001e8                        __embedded_block_end = .
 *(.reset)
 .reset         0x100001e8       0x9c CMakeFiles/prog.dir/home/sebastiaan/Documents/ProtocolDIrectory/pico-sdk/src/rp2_common/pico_crt0/crt0.S.o
                0x100001e8                _entry_point
 *(.init)
 .init          0x10000284        0x4 /usr/lib/gcc/arm-none-eabi/13.2.1/thumb/v6-m/nofp/crti.o
                0x10000284                _init
 *(EXCLUDE_FILE(*libm.a: *libc.a:*lib_a-mem*.o *libgcc.a:) .text*)
 .text          0x10000288       0x98 /usr/lib/gcc/arm-none-eabi/13.2.1/thumb/v6-m/nofp/crtbegin.o
 .text.startup.main
                0x10000320      0x380 CMakeFiles/prog.dir/main.c.o
                0x10000320                main
 .text.avr_read_signature
                0x100006a0       0x4c CMakeFiles/prog.dir/avrprog.c.o
                0x100006a0                avr_read_signature
 .text.avr_spi_init
                0x100006ec       0x3c CMakeFiles/prog.dir/avrprog.c.o
                0x100006ec                avr_spi_init
 .text.avr_reset
                0x10000728       0x24 CMakeFiles/prog.dir/avrprog.c.o
                0x10000728                avr_reset
 .text.avr_enter_programming_mode
                0x1000074c       0x30 CMakeFiles/prog.dir/avrprog.c.o
                0x1000074c                avr_enter_programming_mode
 .text.avr_erase_memory
                0x1000077c       0x50 CMakeFiles/prog.dir/avrprog.c.o
                0x1000077c                avr_erase_memory
 .text.avr_write_temporary_buffer_16
                0x100007cc       0x5c CMakeFiles/prog.dir/avrprog.c.o
                0x100007cc                avr_write_temporary_buffer_16
 .text.avr_flash_program_memory
                0x10000828       0x30 CMakeFiles/prog.dir/avrprog.c.o
                0x10000828                avr_flash_program_memory
 .text.avr_verify_program_memory_page
                0x10000858       0xa4 CMakeFiles/prog.dir/avrprog.c.o
                0x10000858                avr_verify_program_memory_page
 .text.avr_lookup_device_by_signature
                0x100008fc       0x20 CMakeFiles/prog.dir/avr_devices.c.o
                0x100008fc                avr_lookup_device_by_signature
 .text.gpio_set_function
                0x1000091c       0x34 CMakeFiles/prog.dir/home/sebastiaan/Documents/ProtocolDIrectory/pico-sdk/src/rp2_common/hardware_gpio/gpio.c.o
                0x1000091c                gpio_set_function
 .text.gpio_init
                0x10000950       0x40 CMakeFiles/prog.dir/home/sebastiaan/Documents/ProtocolDIrectory/pico-sdk/src/rp2_common/hardware_gpio/gpio.c.o
                0x10000950                gpio_init
 .text.rp2040_chip_version
                0x10000990        0xc CMakeFiles/prog.dir/home/sebastiaan/Documents/ProtocolDIrectory/pico-sdk/src/rp2040/pico_platform/platform.c.o
                0x10000990                rp2040_chip_version
 .text.panic    0x1000099c       0x30 CMakeFiles/prog.dir/home/sebastiaan/Documents/ProtocolDIrectory/pico-sdk/src/rp2_common/pico_platform_panic/panic.c.o
                0x1000099c                panic
 .text.hw_claim_or_assert
                0x100009cc       0x44 CMakeFiles/prog.dir/home/sebastiaan/Documents/ProtocolDIrectory/pico-sdk/src/common/hardware_claim/claim.c.o
                0x100009cc                hw_claim_or_assert
 .text.hw_claim_unused_from_range
                0x10000a10       0x9c CMakeFiles/prog.dir/home/sebastiaan/Documents/ProtocolDIrectory/pico-sdk/src/common/hardware_claim/claim.c.o
                0x10000a10                hw_claim_unused_from_range
 .text.next_striped_spin_lock_num
                0x10000aac       0x18 CMakeFiles/prog.dir/home/sebastiaan/Documents/ProtocolDIrectory/pico-sdk/src/rp2_common/hardware_sync/sync.c.o
                0x10000aac                next_striped_spin_lock_num
 .text.spin_lock_claim_unused
                0x10000ac4       0x24 CMakeFiles/prog.dir/home/sebastiaan/Documents/ProtocolDIrectory/pico-sdk/src/rp2_common/hardware_sync/sync.c.o
                0x10000ac4                spin_lock_claim_unused
 .text.spin_locks_reset
                0x10000ae8       0x1c CMakeFiles/prog.dir/home/sebastiaan/Documents/ProtocolDIrectory/pico-sdk/src/rp2_common/hardware_sync_spin_lock/sync_spin_lock.c.o
                0x10000ae8                spin_locks_reset
 .text.runtime_init_per_core_irq_priorities
                0x10000b04       0x24 CMakeFiles/prog.dir/home/sebastiaan/Documents/ProtocolDIrectory/pico-sdk/src/rp2_common/hardware_irq/irq.c.o
                0x10000b04                runtime_init_per_core_irq_priorities
 .text.irq_set_enabled
                0x10000b28       0x24 CMakeFiles/prog.dir/home/sebastiaan/Documents/ProtocolDIrectory/pico-sdk/src/rp2_common/hardware_irq/irq.c.o
                0x10000b28                irq_set_enabled
 .text.irq_is_enabled
                0x10000b4c       0x18 CMakeFiles/prog.dir/home/sebastiaan/Documents/ProtocolDIrectory/pico-sdk/src/rp2_common/hardware_irq/irq.c.o
                0x10000b4c                irq_is_enabled
 .text.irq_set_pending
                0x10000b64       0x10 CMakeFiles/prog.dir/home/sebastiaan/Documents/ProtocolDIrectory/pico-sdk/src/rp2_common/hardware_irq/irq.c.o
                0x10000b64                irq_set_pending
 .text.irq_has_shared_handler
                0x10000b74       0x24 CMakeFiles/prog.dir/home/sebastiaan/Documents/ProtocolDIrectory/pico-sdk/src/rp2_common/hardware_irq/irq.c.o
                0x10000b74                irq_has_shared_handler
 .text.irq_set_exclusive_handler
                0x10000b98       0x54 CMakeFiles/prog.dir/home/sebastiaan/Documents/ProtocolDIrectory/pico-sdk/src/rp2_common/hardware_irq/irq.c.o
                0x10000b98                irq_set_exclusive_handler
 .text.irq_add_shared_handler
                0x10000bec      0x1f4 CMakeFiles/prog.dir/home/sebastiaan/Documents/ProtocolDIrectory/pico-sdk/src/rp2_common/hardware_irq/irq.c.o
                0x10000bec                irq_add_shared_handler
 .text.irq_remove_handler
                0x10000de0      0x1d4 CMakeFiles/prog.dir/home/sebastiaan/Documents/ProtocolDIrectory/pico-sdk/src/rp2_common/hardware_irq/irq.c.o
                0x10000de0                irq_remove_handler
 .text.irq_add_tail_to_free_list
                0x10000fb4       0xb4 CMakeFiles/prog.dir/home/sebastiaan/Documents/ProtocolDIrectory/pico-sdk/src/rp2_common/hardware_irq/irq.c.o
                0x10000fb4                irq_add_tail_to_free_list
 .text.user_irq_claim_unused
                0x10001068       0x2c CMakeFiles/prog.dir/home/sebastiaan/Documents/ProtocolDIrectory/pico-sdk/src/rp2_common/hardware_irq/irq.c.o
                0x10001068                user_irq_claim_unused
 .text.lock_init
                0x10001094       0x10 CMakeFiles/prog.dir/home/sebastiaan/Documents/ProtocolDIrectory/pico-sdk/src/common/pico_sync/lock_core.c.o
                0x10001094                lock_init
 .text.runtime_init_mutex
                0x100010a4       0x50 CMakeFiles/prog.dir/home/sebastiaan/Documents/ProtocolDIrectory/pico-sdk/src/common/pico_sync/mutex.c.o
                0x100010a4                runtime_init_mutex
 .text.mutex_init
                0x100010f4       0x1c CMakeFiles/prog.dir/home/sebastiaan/Documents/ProtocolDIrectory/pico-sdk/src/common/pico_sync/mutex.c.o
                0x100010f4                mutex_init
 .text.critical_section_init
                0x10001110       0x1c CMakeFiles/prog.dir/home/sebastiaan/Documents/ProtocolDIrectory/pico-sdk/src/common/pico_sync/critical_section.c.o
                0x10001110                critical_section_init
 .text.critical_section_init_with_lock_num
                0x1000112c       0x14 CMakeFiles/prog.dir/home/sebastiaan/Documents/ProtocolDIrectory/pico-sdk/src/common/pico_sync/critical_section.c.o
                0x1000112c                critical_section_init_with_lock_num
 .text.sleep_until_callback
                0x10001140       0x30 CMakeFiles/prog.dir/home/sebastiaan/Documents/ProtocolDIrectory/pico-sdk/src/common/pico_time/time.c.o
 .text.alarm_pool_irq_handler
                0x10001170      0x2fc CMakeFiles/prog.dir/home/sebastiaan/Documents/ProtocolDIrectory/pico-sdk/src/common/pico_time/time.c.o
 .text.runtime_init_default_alarm_pool
                0x1000146c       0xdc CMakeFiles/prog.dir/home/sebastiaan/Documents/ProtocolDIrectory/pico-sdk/src/common/pico_time/time.c.o
                0x1000146c                runtime_init_default_alarm_pool
 .text.alarm_pool_get_default
                0x10001548        0x8 CMakeFiles/prog.dir/home/sebastiaan/Documents/ProtocolDIrectory/pico-sdk/src/common/pico_time/time.c.o
                0x10001548                alarm_pool_get_default
 .text.alarm_pool_add_alarm_at
                0x10001550       0xd4 CMakeFiles/prog.dir/home/sebastiaan/Documents/ProtocolDIrectory/pico-sdk/src/common/pico_time/time.c.o
                0x10001550                alarm_pool_add_alarm_at
 .text.alarm_pool_add_alarm_at_force_in_context
                0x10001624       0xb0 CMakeFiles/prog.dir/home/sebastiaan/Documents/ProtocolDIrectory/pico-sdk/src/common/pico_time/time.c.o
                0x10001624                alarm_pool_add_alarm_at_force_in_context
 .text.alarm_pool_cancel_alarm
                0x100016d4       0x74 CMakeFiles/prog.dir/home/sebastiaan/Documents/ProtocolDIrectory/pico-sdk/src/common/pico_time/time.c.o
                0x100016d4                alarm_pool_cancel_alarm
 .text.alarm_pool_core_num
                0x10001748        0x4 CMakeFiles/prog.dir/home/sebastiaan/Documents/ProtocolDIrectory/pico-sdk/src/common/pico_time/time.c.o
                0x10001748                alarm_pool_core_num
 .text.sleep_until
                0x1000174c       0xd8 CMakeFiles/prog.dir/home/sebastiaan/Documents/ProtocolDIrectory/pico-sdk/src/common/pico_time/time.c.o
                0x1000174c                sleep_until
 .text.sleep_ms
                0x10001824       0x38 CMakeFiles/prog.dir/home/sebastiaan/Documents/ProtocolDIrectory/pico-sdk/src/common/pico_time/time.c.o
                0x10001824                sleep_ms
 .text.best_effort_wfe_or_timeout
                0x1000185c       0xf8 CMakeFiles/prog.dir/home/sebastiaan/Documents/ProtocolDIrectory/pico-sdk/src/common/pico_time/time.c.o
                0x1000185c                best_effort_wfe_or_timeout
 .text.timer_hardware_alarm_claim
                0x10001954       0x14 CMakeFiles/prog.dir/home/sebastiaan/Documents/ProtocolDIrectory/pico-sdk/src/rp2_common/hardware_timer/timer.c.o
                0x10001954                timer_hardware_alarm_claim
 .text.timer_time_us_64
                0x10001968       0x10 CMakeFiles/prog.dir/home/sebastiaan/Documents/ProtocolDIrectory/pico-sdk/src/rp2_common/hardware_timer/timer.c.o
                0x10001968                timer_time_us_64
 .text.time_us_64
                0x10001978       0x14 CMakeFiles/prog.dir/home/sebastiaan/Documents/ProtocolDIrectory/pico-sdk/src/rp2_common/hardware_timer/timer.c.o
                0x10001978                time_us_64
 .text.busy_wait_us
                0x1000198c       0x68 CMakeFiles/prog.dir/home/sebastiaan/Documents/ProtocolDIrectory/pico-sdk/src/rp2_common/hardware_timer/timer.c.o
                0x1000198c                busy_wait_us
 .text.busy_wait_until
                0x100019f4       0x20 CMakeFiles/prog.dir/home/sebastiaan/Documents/ProtocolDIrectory/pico-sdk/src/rp2_common/hardware_timer/timer.c.o
                0x100019f4                busy_wait_until
 .text.uart_init
                0x10001a14      0x120 CMakeFiles/prog.dir/home/sebastiaan/Documents/ProtocolDIrectory/pico-sdk/src/rp2_common/hardware_uart/uart.c.o
                0x10001a14                uart_init
 .text.clock_configure_int_divider
                0x10001b34       0xf4 CMakeFiles/prog.dir/home/sebastiaan/Documents/ProtocolDIrectory/pico-sdk/src/rp2_common/hardware_clocks/clocks.c.o
                0x10001b34                clock_configure_int_divider
 .text.clock_configure_undivided
                0x10001c28       0xe8 CMakeFiles/prog.dir/home/sebastiaan/Documents/ProtocolDIrectory/pico-sdk/src/rp2_common/hardware_clocks/clocks.c.o
                0x10001c28                clock_configure_undivided
 .text.clock_get_hz
                0x10001d10        0xc CMakeFiles/prog.dir/home/sebastiaan/Documents/ProtocolDIrectory/pico-sdk/src/rp2_common/hardware_clocks/clocks.c.o
                0x10001d10                clock_get_hz
 .text.pll_init
                0x10001d1c       0xa4 CMakeFiles/prog.dir/home/sebastiaan/Documents/ProtocolDIrectory/pico-sdk/src/rp2_common/hardware_pll/pll.c.o
                0x10001d1c                pll_init
 .text.watchdog_reboot
                0x10001dc0       0x9c CMakeFiles/prog.dir/home/sebastiaan/Documents/ProtocolDIrectory/pico-sdk/src/rp2_common/hardware_watchdog/watchdog.c.o
                0x10001dc0                watchdog_reboot
 .text.tick_start
                0x10001e5c       0x10 CMakeFiles/prog.dir/home/sebastiaan/Documents/ProtocolDIrectory/pico-sdk/src/rp2_common/hardware_ticks/ticks.c.o
                0x10001e5c                tick_start
 .text.rom_func_lookup
                0x10001e6c       0x10 CMakeFiles/prog.dir/home/sebastiaan/Documents/ProtocolDIrectory/pico-sdk/src/rp2_common/pico_bootrom/bootrom.c.o
                0x10001e6c                rom_func_lookup
 .text.rom_data_lookup
                0x10001e7c       0x10 CMakeFiles/prog.dir/home/sebastiaan/Documents/ProtocolDIrectory/pico-sdk/src/rp2_common/pico_bootrom/bootrom.c.o
                0x10001e7c                rom_data_lookup
 .text.rom_funcs_lookup
                0x10001e8c       0x44 CMakeFiles/prog.dir/home/sebastiaan/Documents/ProtocolDIrectory/pico-sdk/src/rp2_common/pico_bootrom/bootrom.c.o
                0x10001e8c                rom_funcs_lookup
 .text.rom_reset_usb_boot_extra
                0x10001ed0       0x28 CMakeFiles/prog.dir/home/sebastiaan/Documents/ProtocolDIrectory/pico-sdk/src/rp2_common/pico_bootrom/bootrom.c.o
                0x10001ed0                rom_reset_usb_boot_extra
 .text.xosc_init
                0x10001ef8       0x28 CMakeFiles/prog.dir/home/sebastiaan/Documents/ProtocolDIrectory/pico-sdk/src/rp2_common/hardware_xosc/xosc.c.o
                0x10001ef8                xosc_init
 .text.first_per_core_initializer
                0x10001f20        0x4 CMakeFiles/prog.dir/home/sebastiaan/Documents/ProtocolDIrectory/pico-sdk/src/rp2_common/pico_runtime/runtime.c.o
 .text.hard_assertion_failure
                0x10001f24        0xc CMakeFiles/prog.dir/home/sebastiaan/Documents/ProtocolDIrectory/pico-sdk/src/rp2_common/pico_runtime/runtime.c.o
                0x10001f24                hard_assertion_failure
 .text.runtime_run_initializers
                0x10001f30       0x28 CMakeFiles/prog.dir/home/sebastiaan/Documents/ProtocolDIrectory/pico-sdk/src/rp2_common/pico_runtime/runtime.c.o
                0x10001f30                runtime_run_initializers
 .text.runtime_init_early_resets
                0x10001f58       0x2c CMakeFiles/prog.dir/home/sebastiaan/Documents/ProtocolDIrectory/pico-sdk/src/rp2_common/pico_runtime_init/runtime_init.c.o
                0x10001f58                runtime_init_early_resets
 .text.runtime_init_usb_power_down
                0x10001f84       0x1c CMakeFiles/prog.dir/home/sebastiaan/Documents/ProtocolDIrectory/pico-sdk/src/rp2_common/pico_runtime_init/runtime_init.c.o
                0x10001f84                runtime_init_usb_power_down
 .text.runtime_init_post_clock_resets
                0x10001fa0       0x20 CMakeFiles/prog.dir/home/sebastiaan/Documents/ProtocolDIrectory/pico-sdk/src/rp2_common/pico_runtime_init/runtime_init.c.o
                0x10001fa0                runtime_init_post_clock_resets
 .text.runtime_init_rp2040_gpio_ie_disable
                0x10001fc0       0x14 CMakeFiles/prog.dir/home/sebastiaan/Documents/ProtocolDIrectory/pico-sdk/src/rp2_common/pico_runtime_init/runtime_init.c.o
                0x10001fc0                runtime_init_rp2040_gpio_ie_disable
 .text.runtime_init_spin_locks_reset
                0x10001fd4        0x8 CMakeFiles/prog.dir/home/sebastiaan/Documents/ProtocolDIrectory/pico-sdk/src/rp2_common/pico_runtime_init/runtime_init.c.o
                0x10001fd4                runtime_init_spin_locks_reset
 .text.runtime_init_install_ram_vector_table
                0x10001fdc       0xb4 CMakeFiles/prog.dir/home/sebastiaan/Documents/ProtocolDIrectory/pico-sdk/src/rp2_common/pico_runtime_init/runtime_init.c.o
                0x10001fdc                runtime_init_install_ram_vector_table
 .text.runtime_init_clocks
                0x10002090       0xd8 CMakeFiles/prog.dir/home/sebastiaan/Documents/ProtocolDIrectory/pico-sdk/src/rp2_common/pico_runtime_init/runtime_init_clocks.c.o
                0x10002090                runtime_init_clocks
 .text          0x10002168       0x10 CMakeFiles/prog.dir/home/sebastiaan/Documents/ProtocolDIrectory/pico-sdk/src/rp2_common/pico_bit_ops/bit_ops_aeabi.S.o
 .text.__wrap___aeabi_idiv
                0x10002178       0x50 CMakeFiles/prog.dir/home/sebastiaan/Documents/ProtocolDIrectory/pico-sdk/src/rp2_common/pico_divider/divider_hardware.S.o
                0x10002178                __wrap___aeabi_idivmod
                0x10002178                divmod_s32s32
                0x10002178                div_s32s32
                0x10002178                __wrap___aeabi_idiv
                0x10002180                divmod_s32s32_unsafe
                0x100021ac                divmod_s32s32_savestate
 .text.__wrap___aeabi_uidiv
                0x100021c8       0x4c CMakeFiles/prog.dir/home/sebastiaan/Documents/ProtocolDIrectory/pico-sdk/src/rp2_common/pico_divider/divider_hardware.S.o
                0x100021c8                __wrap___aeabi_uidiv
                0x100021c8                __wrap___aeabi_uidivmod
                0x100021c8                div_u32u32
                0x100021c8                divmod_u32u32
                0x100021d0                divmod_u32u32_unsafe
                0x100021f8                divmod_u32u32_savestate
 .text.__wrap___aeabi_ldiv
                0x10002214      0x424 CMakeFiles/prog.dir/home/sebastiaan/Documents/ProtocolDIrectory/pico-sdk/src/rp2_common/pico_divider/divider_hardware.S.o
                0x10002214                div_s64s64
                0x10002214                divmod_s64s64
                0x10002214                __wrap___aeabi_ldivmod
                0x10002244                div_u64u64
                0x10002244                divmod_u64u64
                0x10002244                __wrap___aeabi_uldivmod
                0x10002254                divmod_u64u64_savestate
                0x10002274                divmod_s64s64_unsafe
                0x100022fc                divmod_u64u64_unsafe
 .text.__wrap___aeabi_darithmetic
                0x10002638       0x80 CMakeFiles/prog.dir/home/sebastiaan/Documents/ProtocolDIrectory/pico-sdk/src/rp2_common/pico_double/double_aeabi_rp2040.S.o
                0x10002638                __wrap___aeabi_drsub
                0x1000263e                __wrap___aeabi_dsub
                0x10002650                __wrap___aeabi_dadd
                0x10002662                __wrap___aeabi_ddiv
                0x1000269e                __wrap___aeabi_dmul
 .text.__wrap___aeabi_cdcmple
                0x100026b8       0x6c CMakeFiles/prog.dir/home/sebastiaan/Documents/ProtocolDIrectory/pico-sdk/src/rp2_common/pico_double/double_aeabi_rp2040.S.o
                0x100026b8                __wrap___aeabi_cdrcmple
                0x100026c8                __wrap___aeabi_cdcmple
                0x100026c8                __wrap___aeabi_cdcmpeq
 .text.__wrap___aeabi_dcmplt
                0x10002724        0xc CMakeFiles/prog.dir/home/sebastiaan/Documents/ProtocolDIrectory/pico-sdk/src/rp2_common/pico_double/double_aeabi_rp2040.S.o
                0x10002724                __wrap___aeabi_dcmplt
 .text.__wrap___aeabi_dcmpge
                0x10002730       0x10 CMakeFiles/prog.dir/home/sebastiaan/Documents/ProtocolDIrectory/pico-sdk/src/rp2_common/pico_double/double_aeabi_rp2040.S.o
                0x10002730                __wrap___aeabi_dcmpge
 .text.__wrap___aeabi_dcmpgt
                0x10002740        0xa CMakeFiles/prog.dir/home/sebastiaan/Documents/ProtocolDIrectory/pico-sdk/src/rp2_common/pico_double/double_aeabi_rp2040.S.o
                0x10002740                __wrap___aeabi_dcmpgt
 .text.__wrap___aeabi_dcmpun
                0x1000274a       0x18 CMakeFiles/prog.dir/home/sebastiaan/Documents/ProtocolDIrectory/pico-sdk/src/rp2_common/pico_double/double_aeabi_rp2040.S.o
                0x1000274a                __wrap___aeabi_dcmpun
 *fill*         0x10002762        0x2 
 .text.__wrap___aeabi_i2d
                0x10002764       0x38 CMakeFiles/prog.dir/home/sebastiaan/Documents/ProtocolDIrectory/pico-sdk/src/rp2_common/pico_double/double_aeabi_rp2040.S.o
                0x10002764                __wrap___aeabi_ui2d
                0x10002764                uint2double
                0x1000276c                __wrap___aeabi_i2d
                0x1000276c                int2double
 .text.__wrap___aeabi_d2iz
                0x1000279c       0x48 CMakeFiles/prog.dir/home/sebastiaan/Documents/ProtocolDIrectory/pico-sdk/src/rp2_common/pico_double/double_aeabi_rp2040.S.o
                0x1000279c                __wrap___aeabi_d2iz
                0x1000279c                double2int_z
 .text.__wrap___aeabi_d2uiz
                0x100027e4       0x18 CMakeFiles/prog.dir/home/sebastiaan/Documents/ProtocolDIrectory/pico-sdk/src/rp2_common/pico_double/double_aeabi_rp2040.S.o
                0x100027e4                double2uint_z
                0x100027e4                double2uint
                0x100027e4                __wrap___aeabi_d2uiz
 .text.__aeabi_double_init
                0x100027fc       0xa4 CMakeFiles/prog.dir/home/sebastiaan/Documents/ProtocolDIrectory/pico-sdk/src/rp2_common/pico_double/double_init_rom_rp2040.c.o
                0x100027fc                __aeabi_double_init
 .text.double_table_shim_on_use_helper
                0x100028a0       0x2c CMakeFiles/prog.dir/home/sebastiaan/Documents/ProtocolDIrectory/pico-sdk/src/rp2_common/pico_double/double_v1_rom_shim_rp2040.S.o
                0x100028a0                double_table_shim_on_use_helper
 .text.__wrap___aeabi_dsub
                0x100028cc       0x10 CMakeFiles/prog.dir/home/sebastiaan/Documents/ProtocolDIrectory/pico-sdk/src/rp2_common/pico_double/double_v1_rom_shim_rp2040.S.o
                0x100028cc                drsub_shim
                0x100028d2                dsub_shim
 .text.dadd_shim
                0x100028dc      0x15c CMakeFiles/prog.dir/home/sebastiaan/Documents/ProtocolDIrectory/pico-sdk/src/rp2_common/pico_double/double_v1_rom_shim_rp2040.S.o
                0x100028dc                dadd_shim
 .text.dmul_shim
                0x10002a38      0x15c CMakeFiles/prog.dir/home/sebastiaan/Documents/ProtocolDIrectory/pico-sdk/src/rp2_common/pico_double/double_v1_rom_shim_rp2040.S.o
                0x10002a38                dmul_shim
 .text.ddiv_shim
                0x10002b94      0x1b0 CMakeFiles/prog.dir/home/sebastiaan/Documents/ProtocolDIrectory/pico-sdk/src/rp2_common/pico_double/double_v1_rom_shim_rp2040.S.o
                0x10002b94                ddiv_shim
 .text.double2uint_shim
                0x10002d44        0xe CMakeFiles/prog.dir/home/sebastiaan/Documents/ProtocolDIrectory/pico-sdk/src/rp2_common/pico_double/double_v1_rom_shim_rp2040.S.o
                0x10002d44                double2uint_shim
                0x10002d46                double2ufix_shim
 *fill*         0x10002d52        0x2 
 .text.double2uint64_shim
                0x10002d54       0x70 CMakeFiles/prog.dir/home/sebastiaan/Documents/ProtocolDIrectory/pico-sdk/src/rp2_common/pico_double/double_v1_rom_shim_rp2040.S.o
                0x10002d54                double2uint64_shim
                0x10002d56                double2ufix64_shim
                0x10002d76                d2fix_a
 .text.dunpacks
                0x10002dc4       0x3c CMakeFiles/prog.dir/home/sebastiaan/Documents/ProtocolDIrectory/pico-sdk/src/rp2_common/pico_double/double_v1_rom_shim_rp2040.S.o
                0x10002dc4                dunpacks
 .text.__aeabi_lmul
                0x10002e00       0x32 CMakeFiles/prog.dir/home/sebastiaan/Documents/ProtocolDIrectory/pico-sdk/src/rp2_common/pico_int64_ops/pico_int64_ops_aeabi.S.o
                0x10002e00                __wrap___aeabi_lmul
 *fill*         0x10002e32        0x2 
 .text.__aeabi_float_init
                0x10002e34       0x64 CMakeFiles/prog.dir/home/sebastiaan/Documents/ProtocolDIrectory/pico-sdk/src/rp2_common/pico_float/float_init_rom_rp2040.c.o
                0x10002e34                __aeabi_float_init
 .text.float_table_shim_on_use_helper
                0x10002e98       0x2c CMakeFiles/prog.dir/home/sebastiaan/Documents/ProtocolDIrectory/pico-sdk/src/rp2_common/pico_float/float_v1_rom_shim_rp2040.S.o
                0x10002e98                float_table_shim_on_use_helper
 .text.__wrap_malloc
                0x10002ec4       0x24 CMakeFiles/prog.dir/home/sebastiaan/Documents/ProtocolDIrectory/pico-sdk/src/rp2_common/pico_malloc/malloc.c.o
                0x10002ec4                __wrap_malloc
 .text.__wrap_free
                0x10002ee8        0x8 CMakeFiles/prog.dir/home/sebastiaan/Documents/ProtocolDIrectory/pico-sdk/src/rp2_common/pico_malloc/malloc.c.o
                0x10002ee8                __wrap_free
 .text          0x10002ef0       0x10 CMakeFiles/prog.dir/home/sebastiaan/Documents/ProtocolDIrectory/pico-sdk/src/rp2_common/pico_mem_ops/mem_ops_aeabi.S.o
                0x10002ef0                __aeabi_mem_init
 .text.memset   0x10002f00        0xc CMakeFiles/prog.dir/home/sebastiaan/Documents/ProtocolDIrectory/pico-sdk/src/rp2_common/pico_mem_ops/mem_ops_aeabi.S.o
                0x10002f00                __wrap_memset
 .text.memcpy   0x10002f0c        0xc CMakeFiles/prog.dir/home/sebastiaan/Documents/ProtocolDIrectory/pico-sdk/src/rp2_common/pico_mem_ops/mem_ops_aeabi.S.o
                0x10002f0c                __wrap___aeabi_memcpy
                0x10002f0c                __wrap_memcpy
 .text._out_null
                0x10002f18        0x4 CMakeFiles/prog.dir/home/sebastiaan/Documents/ProtocolDIrectory/pico-sdk/src/rp2_common/pico_printf/printf.c.o
 .text._out_rev
                0x10002f1c       0xac CMakeFiles/prog.dir/home/sebastiaan/Documents/ProtocolDIrectory/pico-sdk/src/rp2_common/pico_printf/printf.c.o
 .text._ntoa_format
                0x10002fc8      0x250 CMakeFiles/prog.dir/home/sebastiaan/Documents/ProtocolDIrectory/pico-sdk/src/rp2_common/pico_printf/printf.c.o
 .text._out_char
                0x10003218       0x10 CMakeFiles/prog.dir/home/sebastiaan/Documents/ProtocolDIrectory/pico-sdk/src/rp2_common/pico_printf/printf.c.o
 .text._out_fct
                0x10003228       0x10 CMakeFiles/prog.dir/home/sebastiaan/Documents/ProtocolDIrectory/pico-sdk/src/rp2_common/pico_printf/printf.c.o
 .text._etoa    0x10003238      0x464 CMakeFiles/prog.dir/home/sebastiaan/Documents/ProtocolDIrectory/pico-sdk/src/rp2_common/pico_printf/printf.c.o
 .text._ftoa    0x1000369c      0x3c0 CMakeFiles/prog.dir/home/sebastiaan/Documents/ProtocolDIrectory/pico-sdk/src/rp2_common/pico_printf/printf.c.o
 .text._vsnprintf
                0x10003a5c      0xbc8 CMakeFiles/prog.dir/home/sebastiaan/Documents/ProtocolDIrectory/pico-sdk/src/rp2_common/pico_printf/printf.c.o
 .text.vfctprintf
                0x10004624       0x20 CMakeFiles/prog.dir/home/sebastiaan/Documents/ProtocolDIrectory/pico-sdk/src/rp2_common/pico_printf/printf.c.o
                0x10004624                vfctprintf
 .text.weak_raw_vprintf
                0x10004644       0x30 CMakeFiles/prog.dir/home/sebastiaan/Documents/ProtocolDIrectory/pico-sdk/src/rp2_common/pico_printf/printf.c.o
                0x10004644                weak_raw_vprintf
 .text._exit    0x10004674        0x4 CMakeFiles/prog.dir/home/sebastiaan/Documents/ProtocolDIrectory/pico-sdk/src/rp2_common/pico_clib_interface/newlib_interface.c.o
                0x10004674                _exit
 .text._sbrk    0x10004678       0x34 CMakeFiles/prog.dir/home/sebastiaan/Documents/ProtocolDIrectory/pico-sdk/src/rp2_common/pico_clib_interface/newlib_interface.c.o
                0x10004678                _sbrk
 .text.exit     0x100046ac        0x8 CMakeFiles/prog.dir/home/sebastiaan/Documents/ProtocolDIrectory/pico-sdk/src/rp2_common/pico_clib_interface/newlib_interface.c.o
                0x100046ac                exit
 .text.runtime_init
                0x100046b4       0x2c CMakeFiles/prog.dir/home/sebastiaan/Documents/ProtocolDIrectory/pico-sdk/src/rp2_common/pico_clib_interface/newlib_interface.c.o
                0x100046b4                runtime_init
 .text.stdio_out_chars_no_crlf
                0x100046e0       0x10 CMakeFiles/prog.dir/home/sebastiaan/Documents/ProtocolDIrectory/pico-sdk/src/rp2_common/pico_stdio/stdio.c.o
 .text.stdio_out_chars_crlf
                0x100046f0       0x94 CMakeFiles/prog.dir/home/sebastiaan/Documents/ProtocolDIrectory/pico-sdk/src/rp2_common/pico_stdio/stdio.c.o
 .text.stdio_buffered_printer
                0x10004784       0x64 CMakeFiles/prog.dir/home/sebastiaan/Documents/ProtocolDIrectory/pico-sdk/src/rp2_common/pico_stdio/stdio.c.o
 .text.stdio_put_string
                0x100047e8      0x100 CMakeFiles/prog.dir/home/sebastiaan/Documents/ProtocolDIrectory/pico-sdk/src/rp2_common/pico_stdio/stdio.c.o
                0x100047e8                stdio_put_string
 .text.stdio_set_driver_enabled
                0x100048e8       0x30 CMakeFiles/prog.dir/home/sebastiaan/Documents/ProtocolDIrectory/pico-sdk/src/rp2_common/pico_stdio/stdio.c.o
                0x100048e8                stdio_set_driver_enabled
 .text.stdio_init_all
                0x10004918       0x10 CMakeFiles/prog.dir/home/sebastiaan/Documents/ProtocolDIrectory/pico-sdk/src/rp2_common/pico_stdio/stdio.c.o
                0x10004918                stdio_init_all
 .text.__wrap_getchar
                0x10004928       0x7c CMakeFiles/prog.dir/home/sebastiaan/Documents/ProtocolDIrectory/pico-sdk/src/rp2_common/pico_stdio/stdio.c.o
                0x10004928                __wrap_getchar
                0x10004928                stdio_getchar
 .text.__wrap_putchar
                0x100049a4       0x98 CMakeFiles/prog.dir/home/sebastiaan/Documents/ProtocolDIrectory/pico-sdk/src/rp2_common/pico_stdio/stdio.c.o
                0x100049a4                stdio_putchar
                0x100049a4                __wrap_putchar
 .text.__wrap_puts
                0x10004a3c       0x3c CMakeFiles/prog.dir/home/sebastiaan/Documents/ProtocolDIrectory/pico-sdk/src/rp2_common/pico_stdio/stdio.c.o
                0x10004a3c                __wrap_puts
                0x10004a3c                stdio_puts
 .text.__wrap_vprintf
                0x10004a78       0xd4 CMakeFiles/prog.dir/home/sebastiaan/Documents/ProtocolDIrectory/pico-sdk/src/rp2_common/pico_stdio/stdio.c.o
                0x10004a78                __wrap_vprintf
                0x10004a78                stdio_vprintf
 .text.__wrap_printf
                0x10004b4c       0x18 CMakeFiles/prog.dir/home/sebastiaan/Documents/ProtocolDIrectory/pico-sdk/src/rp2_common/pico_stdio/stdio.c.o
                0x10004b4c                stdio_printf
                0x10004b4c                __wrap_printf
 .text.stdio_uart_out_chars
                0x10004b64       0x4c CMakeFiles/prog.dir/home/sebastiaan/Documents/ProtocolDIrectory/pico-sdk/src/rp2_common/pico_stdio_uart/stdio_uart.c.o
 .text.stdio_uart_in_chars
                0x10004bb0       0x90 CMakeFiles/prog.dir/home/sebastiaan/Documents/ProtocolDIrectory/pico-sdk/src/rp2_common/pico_stdio_uart/stdio_uart.c.o
                0x10004bb0                stdio_uart_in_chars
 .text.on_uart_rx
                0x10004c40       0x28 CMakeFiles/prog.dir/home/sebastiaan/Documents/ProtocolDIrectory/pico-sdk/src/rp2_common/pico_stdio_uart/stdio_uart.c.o
 .text.stdio_uart_out_flush
                0x10004c68       0x14 CMakeFiles/prog.dir/home/sebastiaan/Documents/ProtocolDIrectory/pico-sdk/src/rp2_common/pico_stdio_uart/stdio_uart.c.o
 .text.stdio_uart_set_chars_available_callback
                0x10004c7c       0x84 CMakeFiles/prog.dir/home/sebastiaan/Documents/ProtocolDIrectory/pico-sdk/src/rp2_common/pico_stdio_uart/stdio_uart.c.o
 .text.stdio_uart_init
                0x10004d00       0x50 CMakeFiles/prog.dir/home/sebastiaan/Documents/ProtocolDIrectory/pico-sdk/src/rp2_common/pico_stdio_uart/stdio_uart.c.o
                0x10004d00                stdio_uart_init
 .text.resetd_init
                0x10004d50        0x4 CMakeFiles/prog.dir/home/sebastiaan/Documents/ProtocolDIrectory/pico-sdk/src/rp2_common/pico_stdio_usb/reset_interface.c.o
 .text.resetd_reset
                0x10004d54        0xc CMakeFiles/prog.dir/home/sebastiaan/Documents/ProtocolDIrectory/pico-sdk/src/rp2_common/pico_stdio_usb/reset_interface.c.o
 .text.resetd_open
                0x10004d60       0x28 CMakeFiles/prog.dir/home/sebastiaan/Documents/ProtocolDIrectory/pico-sdk/src/rp2_common/pico_stdio_usb/reset_interface.c.o
 .text.resetd_xfer_cb
                0x10004d88        0x4 CMakeFiles/prog.dir/home/sebastiaan/Documents/ProtocolDIrectory/pico-sdk/src/rp2_common/pico_stdio_usb/reset_interface.c.o
 .text.resetd_control_xfer_cb
                0x10004d8c       0x5c CMakeFiles/prog.dir/home/sebastiaan/Documents/ProtocolDIrectory/pico-sdk/src/rp2_common/pico_stdio_usb/reset_interface.c.o
 .text.tud_descriptor_bos_cb
                0x10004de8        0x8 CMakeFiles/prog.dir/home/sebastiaan/Documents/ProtocolDIrectory/pico-sdk/src/rp2_common/pico_stdio_usb/reset_interface.c.o
                0x10004de8                tud_descriptor_bos_cb
 .text.tud_vendor_control_xfer_cb
                0x10004df0       0x34 CMakeFiles/prog.dir/home/sebastiaan/Documents/ProtocolDIrectory/pico-sdk/src/rp2_common/pico_stdio_usb/reset_interface.c.o
                0x10004df0                tud_vendor_control_xfer_cb
 .text.usbd_app_driver_get_cb
                0x10004e24        0xc CMakeFiles/prog.dir/home/sebastiaan/Documents/ProtocolDIrectory/pico-sdk/src/rp2_common/pico_stdio_usb/reset_interface.c.o
                0x10004e24                usbd_app_driver_get_cb
 .text.tud_cdc_line_coding_cb
                0x10004e30       0x2c CMakeFiles/prog.dir/home/sebastiaan/Documents/ProtocolDIrectory/pico-sdk/src/rp2_common/pico_stdio_usb/reset_interface.c.o
                0x10004e30                tud_cdc_line_coding_cb
 .text.stdio_usb_set_chars_available_callback
                0x10004e5c       0x14 CMakeFiles/prog.dir/home/sebastiaan/Documents/ProtocolDIrectory/pico-sdk/src/rp2_common/pico_stdio_usb/stdio_usb.c.o
                0x10004e5c                stdio_usb_set_chars_available_callback
 .text.usb_irq  0x10004e70       0x10 CMakeFiles/prog.dir/home/sebastiaan/Documents/ProtocolDIrectory/pico-sdk/src/rp2_common/pico_stdio_usb/stdio_usb.c.o
 .text.timer_task
                0x10004e80       0x64 CMakeFiles/prog.dir/home/sebastiaan/Documents/ProtocolDIrectory/pico-sdk/src/rp2_common/pico_stdio_usb/stdio_usb.c.o
 .text.stdio_usb_in_chars
                0x10004ee4       0x90 CMakeFiles/prog.dir/home/sebastiaan/Documents/ProtocolDIrectory/pico-sdk/src/rp2_common/pico_stdio_usb/stdio_usb.c.o
                0x10004ee4                stdio_usb_in_chars
 .text.stdio_usb_out_flush
                0x10004f74       0x50 CMakeFiles/prog.dir/home/sebastiaan/Documents/ProtocolDIrectory/pico-sdk/src/rp2_common/pico_stdio_usb/stdio_usb.c.o
 .text.stdio_usb_out_chars
                0x10004fc4      0x104 CMakeFiles/prog.dir/home/sebastiaan/Documents/ProtocolDIrectory/pico-sdk/src/rp2_common/pico_stdio_usb/stdio_usb.c.o
 .text.low_priority_worker_irq
                0x100050c8       0xcc CMakeFiles/prog.dir/home/sebastiaan/Documents/ProtocolDIrectory/pico-sdk/src/rp2_common/pico_stdio_usb/stdio_usb.c.o
 .text.stdio_usb_init
                0x10005194       0xec CMakeFiles/prog.dir/home/sebastiaan/Documents/ProtocolDIrectory/pico-sdk/src/rp2_common/pico_stdio_usb/stdio_usb.c.o
                0x10005194                stdio_usb_init
 .text.tud_descriptor_device_cb
                0x10005280        0x8 CMakeFiles/prog.dir/home/sebastiaan/Documents/ProtocolDIrectory/pico-sdk/src/rp2_common/pico_stdio_usb/stdio_usb_descriptors.c.o
                0x10005280                tud_descriptor_device_cb
 .text.tud_descriptor_configuration_cb
                0x10005288        0x8 CMakeFiles/prog.dir/home/sebastiaan/Documents/ProtocolDIrectory/pico-sdk/src/rp2_common/pico_stdio_usb/stdio_usb_descriptors.c.o
                0x10005288                tud_descriptor_configuration_cb
 .text.tud_descriptor_string_cb
                0x10005290       0x78 CMakeFiles/prog.dir/home/sebastiaan/Documents/ProtocolDIrectory/pico-sdk/src/rp2_common/pico_stdio_usb/stdio_usb_descriptors.c.o
                0x10005290                tud_descriptor_string_cb
 .text.startup._retrieve_unique_id_on_boot
                0x10005308       0x10 CMakeFiles/prog.dir/home/sebastiaan/Documents/ProtocolDIrectory/pico-sdk/src/rp2_common/pico_unique_id/unique_id.c.o
 .text.pico_get_unique_board_id_string
                0x10005318      0x1a8 CMakeFiles/prog.dir/home/sebastiaan/Documents/ProtocolDIrectory/pico-sdk/src/rp2_common/pico_unique_id/unique_id.c.o
                0x10005318                pico_get_unique_board_id_string
 .text.flash_get_unique_id
                0x100054c0       0x3c CMakeFiles/prog.dir/home/sebastiaan/Documents/ProtocolDIrectory/pico-sdk/src/rp2_common/hardware_flash/flash.c.o
                0x100054c0                flash_get_unique_id
 .text.dcd_init
                0x100054fc       0x90 CMakeFiles/prog.dir/home/sebastiaan/Documents/ProtocolDIrectory/pico-sdk/lib/tinyusb/src/portable/raspberrypi/rp2040/dcd_rp2040.c.o
                0x100054fc                dcd_init
 .text.dcd_int_enable
                0x1000558c        0xc CMakeFiles/prog.dir/home/sebastiaan/Documents/ProtocolDIrectory/pico-sdk/lib/tinyusb/src/portable/raspberrypi/rp2040/dcd_rp2040.c.o
                0x1000558c                dcd_int_enable
 .text.dcd_set_address
                0x10005598       0x14 CMakeFiles/prog.dir/home/sebastiaan/Documents/ProtocolDIrectory/pico-sdk/lib/tinyusb/src/portable/raspberrypi/rp2040/dcd_rp2040.c.o
                0x10005598                dcd_set_address
 .text.dcd_sof_enable
                0x100055ac       0x1c CMakeFiles/prog.dir/home/sebastiaan/Documents/ProtocolDIrectory/pico-sdk/lib/tinyusb/src/portable/raspberrypi/rp2040/dcd_rp2040.c.o
                0x100055ac                dcd_sof_enable
 .text.dcd_edpt0_status_complete
                0x100055c8       0x1c CMakeFiles/prog.dir/home/sebastiaan/Documents/ProtocolDIrectory/pico-sdk/lib/tinyusb/src/portable/raspberrypi/rp2040/dcd_rp2040.c.o
                0x100055c8                dcd_edpt0_status_complete
 .text.dcd_edpt_open
                0x100055e4      0x114 CMakeFiles/prog.dir/home/sebastiaan/Documents/ProtocolDIrectory/pico-sdk/lib/tinyusb/src/portable/raspberrypi/rp2040/dcd_rp2040.c.o
                0x100055e4                dcd_edpt_open
 .text.dcd_edpt_close_all
                0x100056f8        0x8 CMakeFiles/prog.dir/home/sebastiaan/Documents/ProtocolDIrectory/pico-sdk/lib/tinyusb/src/portable/raspberrypi/rp2040/dcd_rp2040.c.o
                0x100056f8                dcd_edpt_close_all
 .text.dcd_edpt_xfer
                0x10005700       0x24 CMakeFiles/prog.dir/home/sebastiaan/Documents/ProtocolDIrectory/pico-sdk/lib/tinyusb/src/portable/raspberrypi/rp2040/dcd_rp2040.c.o
                0x10005700                dcd_edpt_xfer
 .text.dcd_edpt_stall
                0x10005724       0x34 CMakeFiles/prog.dir/home/sebastiaan/Documents/ProtocolDIrectory/pico-sdk/lib/tinyusb/src/portable/raspberrypi/rp2040/dcd_rp2040.c.o
                0x10005724                dcd_edpt_stall
 .text.dcd_edpt_clear_stall
                0x10005758       0x30 CMakeFiles/prog.dir/home/sebastiaan/Documents/ProtocolDIrectory/pico-sdk/lib/tinyusb/src/portable/raspberrypi/rp2040/dcd_rp2040.c.o
                0x10005758                dcd_edpt_clear_stall
 .text.rp2040_usb_init
                0x10005788       0x40 CMakeFiles/prog.dir/home/sebastiaan/Documents/ProtocolDIrectory/pico-sdk/lib/tinyusb/src/portable/raspberrypi/rp2040/rp2040_usb.c.o
                0x10005788                rp2040_usb_init
 .text.hw_endpoint_xfer_start
                0x100057c8       0x40 CMakeFiles/prog.dir/home/sebastiaan/Documents/ProtocolDIrectory/pico-sdk/lib/tinyusb/src/portable/raspberrypi/rp2040/rp2040_usb.c.o
                0x100057c8                hw_endpoint_xfer_start
 .text.tud_event_hook_cb
                0x10005808        0x4 CMakeFiles/prog.dir/home/sebastiaan/Documents/ProtocolDIrectory/pico-sdk/lib/tinyusb/src/device/usbd.c.o
                0x10005808                tud_event_hook_cb
 .text.tud_sof_cb
                0x1000580c        0x4 CMakeFiles/prog.dir/home/sebastiaan/Documents/ProtocolDIrectory/pico-sdk/lib/tinyusb/src/device/usbd.c.o
                0x1000580c                tud_sof_cb
 .text.tud_descriptor_device_qualifier_cb
                0x10005810        0x4 CMakeFiles/prog.dir/home/sebastiaan/Documents/ProtocolDIrectory/pico-sdk/lib/tinyusb/src/device/usbd.c.o
                0x10005810                tud_descriptor_device_qualifier_cb
 .text.tud_descriptor_other_speed_configuration_cb
                0x10005814        0x4 CMakeFiles/prog.dir/home/sebastiaan/Documents/ProtocolDIrectory/pico-sdk/lib/tinyusb/src/device/usbd.c.o
                0x10005814                tud_descriptor_other_speed_configuration_cb
 .text.tud_mount_cb
                0x10005818        0x4 CMakeFiles/prog.dir/home/sebastiaan/Documents/ProtocolDIrectory/pico-sdk/lib/tinyusb/src/device/usbd.c.o
                0x10005818                tud_mount_cb
 .text.tud_umount_cb
                0x1000581c        0x4 CMakeFiles/prog.dir/home/sebastiaan/Documents/ProtocolDIrectory/pico-sdk/lib/tinyusb/src/device/usbd.c.o
                0x1000581c                tud_umount_cb
 .text.tud_suspend_cb
                0x10005820        0x4 CMakeFiles/prog.dir/home/sebastiaan/Documents/ProtocolDIrectory/pico-sdk/lib/tinyusb/src/device/usbd.c.o
                0x10005820                tud_suspend_cb
 .text.tud_resume_cb
                0x10005824        0x4 CMakeFiles/prog.dir/home/sebastiaan/Documents/ProtocolDIrectory/pico-sdk/lib/tinyusb/src/device/usbd.c.o
                0x10005824                tud_resume_cb
 .text.tud_mounted
                0x10005828       0x10 CMakeFiles/prog.dir/home/sebastiaan/Documents/ProtocolDIrectory/pico-sdk/lib/tinyusb/src/device/usbd.c.o
                0x10005828                tud_mounted
 .text.tud_suspended
                0x10005838       0x10 CMakeFiles/prog.dir/home/sebastiaan/Documents/ProtocolDIrectory/pico-sdk/lib/tinyusb/src/device/usbd.c.o
                0x10005838                tud_suspended
 .text.tud_rhport_init
                0x10005848       0xfc CMakeFiles/prog.dir/home/sebastiaan/Documents/ProtocolDIrectory/pico-sdk/lib/tinyusb/src/device/usbd.c.o
                0x10005848                tud_rhport_init
 .text.tud_task_ext
                0x10005944      0x800 CMakeFiles/prog.dir/home/sebastiaan/Documents/ProtocolDIrectory/pico-sdk/lib/tinyusb/src/device/usbd.c.o
                0x10005944                tud_task_ext
 .text.usbd_open_edpt_pair
                0x10006144       0x9c CMakeFiles/prog.dir/home/sebastiaan/Documents/ProtocolDIrectory/pico-sdk/lib/tinyusb/src/device/usbd.c.o
                0x10006144                usbd_open_edpt_pair
 .text.usbd_edpt_open
                0x100061e0       0x34 CMakeFiles/prog.dir/home/sebastiaan/Documents/ProtocolDIrectory/pico-sdk/lib/tinyusb/src/device/usbd.c.o
                0x100061e0                usbd_edpt_open
 .text.usbd_edpt_claim
                0x10006214       0x28 CMakeFiles/prog.dir/home/sebastiaan/Documents/ProtocolDIrectory/pico-sdk/lib/tinyusb/src/device/usbd.c.o
                0x10006214                usbd_edpt_claim
 .text.usbd_edpt_release
                0x1000623c       0x28 CMakeFiles/prog.dir/home/sebastiaan/Documents/ProtocolDIrectory/pico-sdk/lib/tinyusb/src/device/usbd.c.o
                0x1000623c                usbd_edpt_release
 .text.usbd_edpt_xfer
                0x10006264       0x4c CMakeFiles/prog.dir/home/sebastiaan/Documents/ProtocolDIrectory/pico-sdk/lib/tinyusb/src/device/usbd.c.o
                0x10006264                usbd_edpt_xfer
 .text.tud_control_status
                0x100062b0       0x2c CMakeFiles/prog.dir/home/sebastiaan/Documents/ProtocolDIrectory/pico-sdk/lib/tinyusb/src/device/usbd_control.c.o
                0x100062b0                tud_control_status
 .text.tud_control_xfer
                0x100062dc       0xac CMakeFiles/prog.dir/home/sebastiaan/Documents/ProtocolDIrectory/pico-sdk/lib/tinyusb/src/device/usbd_control.c.o
                0x100062dc                tud_control_xfer
 .text.usbd_control_reset
                0x10006388       0x14 CMakeFiles/prog.dir/home/sebastiaan/Documents/ProtocolDIrectory/pico-sdk/lib/tinyusb/src/device/usbd_control.c.o
                0x10006388                usbd_control_reset
 .text.usbd_control_set_complete_callback
                0x1000639c        0xc CMakeFiles/prog.dir/home/sebastiaan/Documents/ProtocolDIrectory/pico-sdk/lib/tinyusb/src/device/usbd_control.c.o
                0x1000639c                usbd_control_set_complete_callback
 .text.usbd_control_set_request
                0x100063a8       0x1c CMakeFiles/prog.dir/home/sebastiaan/Documents/ProtocolDIrectory/pico-sdk/lib/tinyusb/src/device/usbd_control.c.o
                0x100063a8                usbd_control_set_request
 .text.usbd_control_xfer_cb
                0x100063c4       0xec CMakeFiles/prog.dir/home/sebastiaan/Documents/ProtocolDIrectory/pico-sdk/lib/tinyusb/src/device/usbd_control.c.o
                0x100063c4                usbd_control_xfer_cb
 .text._prep_out_transaction.isra.0
                0x100064b0       0x6c CMakeFiles/prog.dir/home/sebastiaan/Documents/ProtocolDIrectory/pico-sdk/lib/tinyusb/src/class/cdc/cdc_device.c.o
 .text.tud_cdc_n_connected
                0x1000651c       0x2c CMakeFiles/prog.dir/home/sebastiaan/Documents/ProtocolDIrectory/pico-sdk/lib/tinyusb/src/class/cdc/cdc_device.c.o
                0x1000651c                tud_cdc_n_connected
 .text.tud_cdc_n_available
                0x10006548       0x14 CMakeFiles/prog.dir/home/sebastiaan/Documents/ProtocolDIrectory/pico-sdk/lib/tinyusb/src/class/cdc/cdc_device.c.o
                0x10006548                tud_cdc_n_available
 .text.tud_cdc_n_read
                0x1000655c       0x94 CMakeFiles/prog.dir/home/sebastiaan/Documents/ProtocolDIrectory/pico-sdk/lib/tinyusb/src/class/cdc/cdc_device.c.o
                0x1000655c                tud_cdc_n_read
 .text.tud_cdc_n_write_flush
                0x100065f0       0x74 CMakeFiles/prog.dir/home/sebastiaan/Documents/ProtocolDIrectory/pico-sdk/lib/tinyusb/src/class/cdc/cdc_device.c.o
                0x100065f0                tud_cdc_n_write_flush
 .text.tud_cdc_n_write
                0x10006664       0x40 CMakeFiles/prog.dir/home/sebastiaan/Documents/ProtocolDIrectory/pico-sdk/lib/tinyusb/src/class/cdc/cdc_device.c.o
                0x10006664                tud_cdc_n_write
 .text.tud_cdc_n_write_available
                0x100066a4       0x14 CMakeFiles/prog.dir/home/sebastiaan/Documents/ProtocolDIrectory/pico-sdk/lib/tinyusb/src/class/cdc/cdc_device.c.o
                0x100066a4                tud_cdc_n_write_available
 .text.cdcd_init
                0x100066b8       0x70 CMakeFiles/prog.dir/home/sebastiaan/Documents/ProtocolDIrectory/pico-sdk/lib/tinyusb/src/class/cdc/cdc_device.c.o
                0x100066b8                cdcd_init
 .text.cdcd_deinit
                0x10006728       0x34 CMakeFiles/prog.dir/home/sebastiaan/Documents/ProtocolDIrectory/pico-sdk/lib/tinyusb/src/class/cdc/cdc_device.c.o
                0x10006728                cdcd_deinit
 .text.cdcd_reset
                0x1000675c       0x4c CMakeFiles/prog.dir/home/sebastiaan/Documents/ProtocolDIrectory/pico-sdk/lib/tinyusb/src/class/cdc/cdc_device.c.o
                0x1000675c                cdcd_reset
 .text.cdcd_open
                0x100067a8       0xa8 CMakeFiles/prog.dir/home/sebastiaan/Documents/ProtocolDIrectory/pico-sdk/lib/tinyusb/src/class/cdc/cdc_device.c.o
                0x100067a8                cdcd_open
 .text.cdcd_control_xfer_cb
                0x10006850       0xe8 CMakeFiles/prog.dir/home/sebastiaan/Documents/ProtocolDIrectory/pico-sdk/lib/tinyusb/src/class/cdc/cdc_device.c.o
                0x10006850                cdcd_control_xfer_cb
 .text.cdcd_xfer_cb
                0x10006938      0x100 CMakeFiles/prog.dir/home/sebastiaan/Documents/ProtocolDIrectory/pico-sdk/lib/tinyusb/src/class/cdc/cdc_device.c.o
                0x10006938                cdcd_xfer_cb
 .text.vendord_init
                0x10006a38       0x5c CMakeFiles/prog.dir/home/sebastiaan/Documents/ProtocolDIrectory/pico-sdk/lib/tinyusb/src/class/vendor/vendor_device.c.o
                0x10006a38                vendord_init
 .text.vendord_deinit
                0x10006a94       0x1c CMakeFiles/prog.dir/home/sebastiaan/Documents/ProtocolDIrectory/pico-sdk/lib/tinyusb/src/class/vendor/vendor_device.c.o
                0x10006a94                vendord_deinit
 .text.vendord_reset
                0x10006ab0       0x28 CMakeFiles/prog.dir/home/sebastiaan/Documents/ProtocolDIrectory/pico-sdk/lib/tinyusb/src/class/vendor/vendor_device.c.o
                0x10006ab0                vendord_reset
 .text.vendord_open
                0x10006ad8      0x128 CMakeFiles/prog.dir/home/sebastiaan/Documents/ProtocolDIrectory/pico-sdk/lib/tinyusb/src/class/vendor/vendor_device.c.o
                0x10006ad8                vendord_open
 .text.vendord_xfer_cb
                0x10006c00       0x9c CMakeFiles/prog.dir/home/sebastiaan/Documents/ProtocolDIrectory/pico-sdk/lib/tinyusb/src/class/vendor/vendor_device.c.o
                0x10006c00                vendord_xfer_cb
 .text.tusb_rhport_init
                0x10006c9c       0x48 CMakeFiles/prog.dir/home/sebastiaan/Documents/ProtocolDIrectory/pico-sdk/lib/tinyusb/src/tusb.c.o
                0x10006c9c                tusb_rhport_init
 .text.tu_edpt_claim
                0x10006ce4       0x50 CMakeFiles/prog.dir/home/sebastiaan/Documents/ProtocolDIrectory/pico-sdk/lib/tinyusb/src/tusb.c.o
                0x10006ce4                tu_edpt_claim
 .text.tu_edpt_release
                0x10006d34       0x38 CMakeFiles/prog.dir/home/sebastiaan/Documents/ProtocolDIrectory/pico-sdk/lib/tinyusb/src/tusb.c.o
                0x10006d34                tu_edpt_release
 .text.tu_edpt_validate
                0x10006d6c       0x7c CMakeFiles/prog.dir/home/sebastiaan/Documents/ProtocolDIrectory/pico-sdk/lib/tinyusb/src/tusb.c.o
                0x10006d6c                tu_edpt_validate
 .text.tu_edpt_bind_driver
                0x10006de8       0x34 CMakeFiles/prog.dir/home/sebastiaan/Documents/ProtocolDIrectory/pico-sdk/lib/tinyusb/src/tusb.c.o
                0x10006de8                tu_edpt_bind_driver
 .text.tu_edpt_stream_init
                0x10006e1c       0x6c CMakeFiles/prog.dir/home/sebastiaan/Documents/ProtocolDIrectory/pico-sdk/lib/tinyusb/src/tusb.c.o
                0x10006e1c                tu_edpt_stream_init
 .text.tu_edpt_stream_deinit
                0x10006e88        0x4 CMakeFiles/prog.dir/home/sebastiaan/Documents/ProtocolDIrectory/pico-sdk/lib/tinyusb/src/tusb.c.o
                0x10006e88                tu_edpt_stream_deinit
 .text.tu_edpt_stream_write_zlp_if_needed
                0x10006e8c       0x68 CMakeFiles/prog.dir/home/sebastiaan/Documents/ProtocolDIrectory/pico-sdk/lib/tinyusb/src/tusb.c.o
                0x10006e8c                tu_edpt_stream_write_zlp_if_needed
 .text.tu_edpt_stream_write_xfer
                0x10006ef4       0x64 CMakeFiles/prog.dir/home/sebastiaan/Documents/ProtocolDIrectory/pico-sdk/lib/tinyusb/src/tusb.c.o
                0x10006ef4                tu_edpt_stream_write_xfer
 .text.tu_edpt_stream_read_xfer
                0x10006f58       0xdc CMakeFiles/prog.dir/home/sebastiaan/Documents/ProtocolDIrectory/pico-sdk/lib/tinyusb/src/tusb.c.o
                0x10006f58                tu_edpt_stream_read_xfer
 .text.tu_fifo_config
                0x10007034       0x6c CMakeFiles/prog.dir/home/sebastiaan/Documents/ProtocolDIrectory/pico-sdk/lib/tinyusb/src/common/tusb_fifo.c.o
                0x10007034                tu_fifo_config
 .text.tu_fifo_count
                0x100070a0       0x2c CMakeFiles/prog.dir/home/sebastiaan/Documents/ProtocolDIrectory/pico-sdk/lib/tinyusb/src/common/tusb_fifo.c.o
                0x100070a0                tu_fifo_count
 .text.tu_fifo_empty
                0x100070cc       0x10 CMakeFiles/prog.dir/home/sebastiaan/Documents/ProtocolDIrectory/pico-sdk/lib/tinyusb/src/common/tusb_fifo.c.o
                0x100070cc                tu_fifo_empty
 .text.tu_fifo_remaining
                0x100070dc       0x2c CMakeFiles/prog.dir/home/sebastiaan/Documents/ProtocolDIrectory/pico-sdk/lib/tinyusb/src/common/tusb_fifo.c.o
                0x100070dc                tu_fifo_remaining
 .text.tu_fifo_read
                0x10007108       0x9c CMakeFiles/prog.dir/home/sebastiaan/Documents/ProtocolDIrectory/pico-sdk/lib/tinyusb/src/common/tusb_fifo.c.o
                0x10007108                tu_fifo_read
 .text.tu_fifo_read_n
                0x100071a4       0xe8 CMakeFiles/prog.dir/home/sebastiaan/Documents/ProtocolDIrectory/pico-sdk/lib/tinyusb/src/common/tusb_fifo.c.o
                0x100071a4                tu_fifo_read_n
 .text.tu_fifo_write
                0x1000728c       0xa8 CMakeFiles/prog.dir/home/sebastiaan/Documents/ProtocolDIrectory/pico-sdk/lib/tinyusb/src/common/tusb_fifo.c.o
                0x1000728c                tu_fifo_write
 .text.tu_fifo_write_n
                0x10007334      0x178 CMakeFiles/prog.dir/home/sebastiaan/Documents/ProtocolDIrectory/pico-sdk/lib/tinyusb/src/common/tusb_fifo.c.o
                0x10007334                tu_fifo_write_n
 .text.tu_fifo_clear
                0x100074ac       0x40 CMakeFiles/prog.dir/home/sebastiaan/Documents/ProtocolDIrectory/pico-sdk/lib/tinyusb/src/common/tusb_fifo.c.o
                0x100074ac                tu_fifo_clear
 .text.tu_fifo_set_overwritable
                0x100074ec       0x48 CMakeFiles/prog.dir/home/sebastiaan/Documents/ProtocolDIrectory/pico-sdk/lib/tinyusb/src/common/tusb_fifo.c.o
                0x100074ec                tu_fifo_set_overwritable
 .text.spi_init
                0x10007534      0x13c CMakeFiles/prog.dir/home/sebastiaan/Documents/ProtocolDIrectory/pico-sdk/src/rp2_common/hardware_spi/spi.c.o
                0x10007534                spi_init
 .text          0x10007670      0x5b4 /usr/lib/gcc/arm-none-eabi/13.2.1/../../../arm-none-eabi/lib/thumb/v6-m/nofp/libc.a(libc_a-mallocr.o)
                0x10007670                _malloc_r
 .text          0x10007c24      0x288 /usr/lib/gcc/arm-none-eabi/13.2.1/../../../arm-none-eabi/lib/thumb/v6-m/nofp/libc.a(libc_a-freer.o)
                0x10007c24                _malloc_trim_r
                0x10007cd8                _free_r
 .text          0x10007eac      0x190 /usr/lib/gcc/arm-none-eabi/13.2.1/../../../arm-none-eabi/lib/thumb/v6-m/nofp/libc.a(libc_a-strtol.o)
                0x10008004                _strtol_r
                0x1000800c                strtol_l
                0x10008024                strtol
 .text          0x1000803c       0x28 /usr/lib/gcc/arm-none-eabi/13.2.1/../../../arm-none-eabi/lib/thumb/v6-m/nofp/libc.a(libc_a-malloc.o)
                0x1000803c                malloc
                0x10008050                free
 .text          0x10008064       0x1c /usr/lib/gcc/arm-none-eabi/13.2.1/../../../arm-none-eabi/lib/thumb/v6-m/nofp/libc.a(libc_a-sysconf.o)
                0x10008064                sysconf
 .text          0x10008080        0x8 /usr/lib/gcc/arm-none-eabi/13.2.1/../../../arm-none-eabi/lib/thumb/v6-m/nofp/libc.a(libc_a-mlock.o)
                0x10008080                __malloc_lock
                0x10008084                __malloc_unlock
 .text          0x10008088       0x10 /usr/lib/gcc/arm-none-eabi/13.2.1/../../../arm-none-eabi/lib/thumb/v6-m/nofp/libc.a(libc_a-atexit.o)
                0x10008088                atexit
 .text          0x10008098       0x5c /usr/lib/gcc/arm-none-eabi/13.2.1/../../../arm-none-eabi/lib/thumb/v6-m/nofp/libc.a(libc_a-strlen-stub.o)
                0x10008098                strlen
 .text          0x100080f4       0x24 /usr/lib/gcc/arm-none-eabi/13.2.1/../../../arm-none-eabi/lib/thumb/v6-m/nofp/libc.a(libc_a-sbrkr.o)
                0x100080f4                _sbrk_r
 .text          0x10008118       0x28 /usr/lib/gcc/arm-none-eabi/13.2.1/../../../arm-none-eabi/lib/thumb/v6-m/nofp/libc.a(libc_a-fini.o)
                0x10008118                __libc_fini_array
 .text          0x10008140        0xc /usr/lib/gcc/arm-none-eabi/13.2.1/../../../arm-none-eabi/lib/thumb/v6-m/nofp/libc.a(libc_a-errno.o)
                0x10008140                __errno
 .text          0x1000814c       0x78 /usr/lib/gcc/arm-none-eabi/13.2.1/../../../arm-none-eabi/lib/thumb/v6-m/nofp/libc.a(libc_a-__atexit.o)
                0x1000814c                __register_exitproc
 .text.startup  0x100081c4       0x18 /usr/lib/gcc/arm-none-eabi/13.2.1/../../../arm-none-eabi/lib/thumb/v6-m/nofp/libc.a(libc_a-__call_atexit.o)
 *(.fini)
 .fini          0x100081dc        0x4 /usr/lib/gcc/arm-none-eabi/13.2.1/thumb/v6-m/nofp/crti.o
                0x100081dc                _fini
 .fini.__stub   0x100081e0       0xd0 linker stubs
 *crtbegin.o(.ctors)
 *crtbegin?.o(.ctors)
 *(EXCLUDE_FILE(*crtend.o *crtend?.o) .ctors)
 *(SORT_BY_NAME(.ctors.*))
 *(.ctors)
 *crtbegin.o(.dtors)
 *crtbegin?.o(.dtors)
 *(EXCLUDE_FILE(*crtend.o *crtend?.o) .dtors)
 *(SORT_BY_NAME(.dtors.*))
 *(.dtors)
                0x100082b0                        . = ALIGN (0x4)
                0x100082b0                        PROVIDE (__preinit_array_start = .)
 *(SORT_BY_NAME(.preinit_array.*))
 .preinit_array.00100
                0x100082b0        0x4 CMakeFiles/prog.dir/home/sebastiaan/Documents/ProtocolDIrectory/pico-sdk/src/rp2_common/pico_runtime_init/runtime_init.c.o
                0x100082b0                __pre_init_runtime_init_early_resets
 .preinit_array.00101
                0x100082b4        0x4 CMakeFiles/prog.dir/home/sebastiaan/Documents/ProtocolDIrectory/pico-sdk/src/rp2_common/pico_runtime_init/runtime_init.c.o
                0x100082b4                __pre_init_runtime_init_usb_power_down
 .preinit_array.00275
                0x100082b8        0x4 CMakeFiles/prog.dir/home/sebastiaan/Documents/ProtocolDIrectory/pico-sdk/src/rp2_common/pico_bit_ops/bit_ops_aeabi.S.o
 .preinit_array.00300
                0x100082bc        0x4 CMakeFiles/prog.dir/home/sebastiaan/Documents/ProtocolDIrectory/pico-sdk/src/rp2_common/pico_mem_ops/mem_ops_aeabi.S.o
 .preinit_array.00350
                0x100082c0        0x4 CMakeFiles/prog.dir/home/sebastiaan/Documents/ProtocolDIrectory/pico-sdk/src/rp2_common/pico_double/double_aeabi_rp2040.S.o
 .preinit_array.00350
                0x100082c4        0x4 CMakeFiles/prog.dir/home/sebastiaan/Documents/ProtocolDIrectory/pico-sdk/src/rp2_common/pico_float/float_aeabi_rp2040.S.o
 .preinit_array.00500
                0x100082c8        0x4 CMakeFiles/prog.dir/home/sebastiaan/Documents/ProtocolDIrectory/pico-sdk/src/rp2_common/pico_runtime_init/runtime_init.c.o
                0x100082c8                __pre_init_runtime_init_clocks
 .preinit_array.00600
                0x100082cc        0x4 CMakeFiles/prog.dir/home/sebastiaan/Documents/ProtocolDIrectory/pico-sdk/src/rp2_common/pico_runtime_init/runtime_init.c.o
                0x100082cc                __pre_init_runtime_init_post_clock_resets
 .preinit_array.00700
                0x100082d0        0x4 CMakeFiles/prog.dir/home/sebastiaan/Documents/ProtocolDIrectory/pico-sdk/src/rp2_common/pico_runtime_init/runtime_init.c.o
                0x100082d0                __pre_init_runtime_init_rp2040_gpio_ie_disable
 .preinit_array.01000
                0x100082d4        0x4 CMakeFiles/prog.dir/home/sebastiaan/Documents/ProtocolDIrectory/pico-sdk/src/rp2_common/pico_runtime_init/runtime_init.c.o
                0x100082d4                __pre_init_runtime_init_spin_locks_reset
 .preinit_array.01100
                0x100082d8        0x4 CMakeFiles/prog.dir/home/sebastiaan/Documents/ProtocolDIrectory/pico-sdk/src/common/pico_sync/mutex.c.o
                0x100082d8                __pre_init_runtime_init_mutex
 .preinit_array.10080
                0x100082dc        0x4 CMakeFiles/prog.dir/home/sebastiaan/Documents/ProtocolDIrectory/pico-sdk/src/rp2_common/pico_runtime_init/runtime_init.c.o
                0x100082dc                __pre_init_runtime_init_install_ram_vector_table
 .preinit_array.11000
                0x100082e0        0x4 CMakeFiles/prog.dir/home/sebastiaan/Documents/ProtocolDIrectory/pico-sdk/src/common/pico_time/time.c.o
                0x100082e0                __pre_init_runtime_init_default_alarm_pool
 .preinit_array.YYYYY
                0x100082e4        0x4 CMakeFiles/prog.dir/home/sebastiaan/Documents/ProtocolDIrectory/pico-sdk/src/rp2_common/pico_runtime/runtime.c.o
                0x100082e4                __pre_init_first_per_core_initializer
 .preinit_array.ZZZZZ.01200
                0x100082e8        0x4 CMakeFiles/prog.dir/home/sebastiaan/Documents/ProtocolDIrectory/pico-sdk/src/rp2_common/hardware_irq/irq.c.o
                0x100082e8                __pre_init_runtime_init_per_core_irq_priorities
 *(.preinit_array)
                0x100082ec                        PROVIDE (__preinit_array_end = .)
                0x100082ec                        . = ALIGN (0x4)
                0x100082ec                        PROVIDE (__init_array_start = .)
 *(SORT_BY_NAME(.init_array.*))
 .init_array.00000
                0x100082ec        0x4 /usr/lib/gcc/arm-none-eabi/13.2.1/../../../arm-none-eabi/lib/thumb/v6-m/nofp/libc.a(libc_a-__call_atexit.o)
 .init_array.01000
                0x100082f0        0x4 CMakeFiles/prog.dir/home/sebastiaan/Documents/ProtocolDIrectory/pico-sdk/src/rp2_common/pico_unique_id/unique_id.c.o
 *(.init_array)
 .init_array    0x100082f4        0x4 /usr/lib/gcc/arm-none-eabi/13.2.1/thumb/v6-m/nofp/crtbegin.o
                0x100082f8                        PROVIDE (__init_array_end = .)
                0x100082f8                        . = ALIGN (0x4)
                0x100082f8                        PROVIDE (__fini_array_start = .)
 *(SORT_BY_NAME(.fini_array.*))
 *(.fini_array)
                0x100082f8                        PROVIDE (__fini_array_end = .)
 *(.eh_frame*)
 .eh_frame      0x100082f8        0x0 /usr/lib/gcc/arm-none-eabi/13.2.1/thumb/v6-m/nofp/crtbegin.o
                0x100082f8                        . = ALIGN (0x4)

.glue_7         0x100082f8        0x0
 .glue_7        0x100082f8        0x0 linker stubs

.glue_7t        0x100082f8        0x0
 .glue_7t       0x100082f8        0x0 linker stubs

.vfp11_veneer   0x100082f8        0x0
 .vfp11_veneer  0x100082f8        0x0 linker stubs

.v4_bx          0x100082f8        0x0
 .v4_bx         0x100082f8        0x0 linker stubs

.iplt           0x100082f8        0x0
 .iplt          0x100082f8        0x0 /usr/lib/gcc/arm-none-eabi/13.2.1/thumb/v6-m/nofp/crtbegin.o

.rodata         0x100082f8      0xbe4
 *(EXCLUDE_FILE(*libm.a: *libc.a:*lib_a-mem*.o *libgcc.a:) .rodata*)
 .rodata.main.str1.4
                0x100082f8      0x604 CMakeFiles/prog.dir/main.c.o
                                0x3ab (size before relaxing)
 .rodata.avr_erase_memory.str1.4
                0x100088fc       0xa2 CMakeFiles/prog.dir/avrprog.c.o
 .rodata.str1.4
                0x100088fc        0xb CMakeFiles/prog.dir/avr_devices.c.o
 .rodata.devices
                0x100088fc       0x10 CMakeFiles/prog.dir/avr_devices.c.o
 .rodata.panic.str1.4
                0x1000890c       0x12 CMakeFiles/prog.dir/home/sebastiaan/Documents/ProtocolDIrectory/pico-sdk/src/rp2_common/pico_platform_panic/panic.c.o
 .rodata.spin_lock_claim_unused.str1.4
                0x1000890c       0x1b CMakeFiles/prog.dir/home/sebastiaan/Documents/ProtocolDIrectory/pico-sdk/src/rp2_common/hardware_sync/sync.c.o
 .rodata.user_irq_claim_unused.str1.4
                0x1000890c       0x1b CMakeFiles/prog.dir/home/sebastiaan/Documents/ProtocolDIrectory/pico-sdk/src/rp2_common/hardware_irq/irq.c.o
 *fill*         0x1000890c        0x4 
 .rodata.at_the_end_of_time
                0x10008910        0x8 CMakeFiles/prog.dir/home/sebastiaan/Documents/ProtocolDIrectory/pico-sdk/src/common/pico_time/time.c.o
                0x10008910                at_the_end_of_time
 .rodata.timer_hardware_alarm_claim.str1.4
                0x10008918       0x22 CMakeFiles/prog.dir/home/sebastiaan/Documents/ProtocolDIrectory/pico-sdk/src/rp2_common/hardware_timer/timer.c.o
 .rodata.hard_assertion_failure.str1.4
                0x10008918        0xc CMakeFiles/prog.dir/home/sebastiaan/Documents/ProtocolDIrectory/pico-sdk/src/rp2_common/pico_runtime/runtime.c.o
 .rodata.__wrap_malloc.str1.4
                0x10008918        0xe CMakeFiles/prog.dir/home/sebastiaan/Documents/ProtocolDIrectory/pico-sdk/src/rp2_common/pico_malloc/malloc.c.o
 .rodata.str1.4
                0x10008918       0x3c CMakeFiles/prog.dir/home/sebastiaan/Documents/ProtocolDIrectory/pico-sdk/src/rp2_common/pico_standard_binary_info/standard_binary_info.c.o
 .rodata.__bi_84
                0x10008918        0xc CMakeFiles/prog.dir/home/sebastiaan/Documents/ProtocolDIrectory/pico-sdk/src/rp2_common/pico_standard_binary_info/standard_binary_info.c.o
 .rodata.__bi_78
                0x10008924        0xc CMakeFiles/prog.dir/home/sebastiaan/Documents/ProtocolDIrectory/pico-sdk/src/rp2_common/pico_standard_binary_info/standard_binary_info.c.o
 .rodata.__bi_54
                0x10008930        0xc CMakeFiles/prog.dir/home/sebastiaan/Documents/ProtocolDIrectory/pico-sdk/src/rp2_common/pico_standard_binary_info/standard_binary_info.c.o
 .rodata.__bi_48
                0x1000893c        0xc CMakeFiles/prog.dir/home/sebastiaan/Documents/ProtocolDIrectory/pico-sdk/src/rp2_common/pico_standard_binary_info/standard_binary_info.c.o
 .rodata.__bi_42
                0x10008948        0xc CMakeFiles/prog.dir/home/sebastiaan/Documents/ProtocolDIrectory/pico-sdk/src/rp2_common/pico_standard_binary_info/standard_binary_info.c.o
 .rodata.__bi_34
                0x10008954        0xc CMakeFiles/prog.dir/home/sebastiaan/Documents/ProtocolDIrectory/pico-sdk/src/rp2_common/pico_standard_binary_info/standard_binary_info.c.o
 .rodata.__bi_26
                0x10008960        0xc CMakeFiles/prog.dir/home/sebastiaan/Documents/ProtocolDIrectory/pico-sdk/src/rp2_common/pico_standard_binary_info/standard_binary_info.c.o
 .rodata._ftoa.str1.4
                0x1000896c       0x15 CMakeFiles/prog.dir/home/sebastiaan/Documents/ProtocolDIrectory/pico-sdk/src/rp2_common/pico_printf/printf.c.o
 .rodata._vsnprintf
                0x1000896c      0x19c CMakeFiles/prog.dir/home/sebastiaan/Documents/ProtocolDIrectory/pico-sdk/src/rp2_common/pico_printf/printf.c.o
 .rodata.pow10.0
                0x10008b08       0x50 CMakeFiles/prog.dir/home/sebastiaan/Documents/ProtocolDIrectory/pico-sdk/src/rp2_common/pico_printf/printf.c.o
 .rodata.crlf_str.0
                0x10008b58        0x2 CMakeFiles/prog.dir/home/sebastiaan/Documents/ProtocolDIrectory/pico-sdk/src/rp2_common/pico_stdio/stdio.c.o
 .rodata.str1.4
                0x10008b5a       0x2c CMakeFiles/prog.dir/home/sebastiaan/Documents/ProtocolDIrectory/pico-sdk/src/rp2_common/pico_stdio_uart/stdio_uart.c.o
 *fill*         0x10008b5a        0x2 
 .rodata.__bi_45.4
                0x10008b5c        0xc CMakeFiles/prog.dir/home/sebastiaan/Documents/ProtocolDIrectory/pico-sdk/src/rp2_common/pico_stdio_uart/stdio_uart.c.o
 .rodata.__bi_49.5
                0x10008b68        0x8 CMakeFiles/prog.dir/home/sebastiaan/Documents/ProtocolDIrectory/pico-sdk/src/rp2_common/pico_stdio_uart/stdio_uart.c.o
 .rodata.__bi_50.6
                0x10008b70        0x8 CMakeFiles/prog.dir/home/sebastiaan/Documents/ProtocolDIrectory/pico-sdk/src/rp2_common/pico_stdio_uart/stdio_uart.c.o
 .rodata._resetd_driver
                0x10008b78       0x20 CMakeFiles/prog.dir/home/sebastiaan/Documents/ProtocolDIrectory/pico-sdk/src/rp2_common/pico_stdio_usb/reset_interface.c.o
 .rodata.desc_ms_os_20
                0x10008b98       0xa6 CMakeFiles/prog.dir/home/sebastiaan/Documents/ProtocolDIrectory/pico-sdk/src/rp2_common/pico_stdio_usb/reset_interface.c.o
 *fill*         0x10008c3e        0x2 
 .rodata.desc_bos
                0x10008c40       0x21 CMakeFiles/prog.dir/home/sebastiaan/Documents/ProtocolDIrectory/pico-sdk/src/rp2_common/pico_stdio_usb/reset_interface.c.o
                0x10008c40                desc_bos
 .rodata.str1.4
                0x10008c61       0x13 CMakeFiles/prog.dir/home/sebastiaan/Documents/ProtocolDIrectory/pico-sdk/src/rp2_common/pico_stdio_usb/stdio_usb.c.o
 *fill*         0x10008c61        0x3 
 .rodata.__bi_202.0
                0x10008c64        0xc CMakeFiles/prog.dir/home/sebastiaan/Documents/ProtocolDIrectory/pico-sdk/src/rp2_common/pico_stdio_usb/stdio_usb.c.o
 .rodata.str1.4
                0x10008c70       0x2a CMakeFiles/prog.dir/home/sebastiaan/Documents/ProtocolDIrectory/pico-sdk/src/rp2_common/pico_stdio_usb/stdio_usb_descriptors.c.o
 .rodata.usbd_desc_str
                0x10008c70       0x18 CMakeFiles/prog.dir/home/sebastiaan/Documents/ProtocolDIrectory/pico-sdk/src/rp2_common/pico_stdio_usb/stdio_usb_descriptors.c.o
 .rodata.usbd_desc_cfg
                0x10008c88       0x54 CMakeFiles/prog.dir/home/sebastiaan/Documents/ProtocolDIrectory/pico-sdk/src/rp2_common/pico_stdio_usb/stdio_usb_descriptors.c.o
 .rodata.usbd_desc_device
                0x10008cdc       0x12 CMakeFiles/prog.dir/home/sebastiaan/Documents/ProtocolDIrectory/pico-sdk/src/rp2_common/pico_stdio_usb/stdio_usb_descriptors.c.o
 .rodata.str1.4
                0x10008cee       0x14 CMakeFiles/prog.dir/home/sebastiaan/Documents/ProtocolDIrectory/pico-sdk/lib/tinyusb/src/portable/raspberrypi/rp2040/dcd_rp2040.c.o
 .rodata.str1.4
                0x10008cee       0x48 CMakeFiles/prog.dir/home/sebastiaan/Documents/ProtocolDIrectory/pico-sdk/lib/tinyusb/src/portable/raspberrypi/rp2040/rp2040_usb.c.o
 *fill*         0x10008cee        0x2 
 .rodata.tud_task_ext
                0x10008cf0       0x8c CMakeFiles/prog.dir/home/sebastiaan/Documents/ProtocolDIrectory/pico-sdk/lib/tinyusb/src/device/usbd.c.o
 .rodata        0x10008d7c       0x1c CMakeFiles/prog.dir/home/sebastiaan/Documents/ProtocolDIrectory/pico-sdk/lib/tinyusb/src/device/usbd.c.o
 .rodata._usbd_driver
                0x10008d98       0x40 CMakeFiles/prog.dir/home/sebastiaan/Documents/ProtocolDIrectory/pico-sdk/lib/tinyusb/src/device/usbd.c.o
 .rodata        0x10008dd8      0x101 /usr/lib/gcc/arm-none-eabi/13.2.1/../../../arm-none-eabi/lib/thumb/v6-m/nofp/libc.a(libc_a-ctype_.o)
                0x10008dd8                _ctype_
                0x10008edc                        . = ALIGN (0x4)
 *fill*         0x10008ed9        0x3 
 *(SORT_BY_ALIGNMENT(SORT_BY_NAME(.flashdata*)))
                0x10008edc                        . = ALIGN (0x4)

.ARM.extab
 *(.ARM.extab* .gnu.linkonce.armextab.*)
                0x10008edc                        __exidx_start = .

.ARM.exidx
 *(.ARM.exidx* .gnu.linkonce.armexidx.*)
                0x10008edc                        __exidx_end = .
                0x10008edc                        . = ALIGN (0x4)
                0x10008edc                        __binary_info_start = .

.binary_info    0x10008edc       0x2c
 *(.binary_info.keep.*)
 .binary_info.keep.__bi_ptr84
                0x10008edc        0x4 CMakeFiles/prog.dir/home/sebastiaan/Documents/ProtocolDIrectory/pico-sdk/src/rp2_common/pico_standard_binary_info/standard_binary_info.c.o
 .binary_info.keep.__bi_ptr78
                0x10008ee0        0x4 CMakeFiles/prog.dir/home/sebastiaan/Documents/ProtocolDIrectory/pico-sdk/src/rp2_common/pico_standard_binary_info/standard_binary_info.c.o
 .binary_info.keep.__bi_ptr54
                0x10008ee4        0x4 CMakeFiles/prog.dir/home/sebastiaan/Documents/ProtocolDIrectory/pico-sdk/src/rp2_common/pico_standard_binary_info/standard_binary_info.c.o
 .binary_info.keep.__bi_ptr48
                0x10008ee8        0x4 CMakeFiles/prog.dir/home/sebastiaan/Documents/ProtocolDIrectory/pico-sdk/src/rp2_common/pico_standard_binary_info/standard_binary_info.c.o
 .binary_info.keep.__bi_ptr42
                0x10008eec        0x4 CMakeFiles/prog.dir/home/sebastiaan/Documents/ProtocolDIrectory/pico-sdk/src/rp2_common/pico_standard_binary_info/standard_binary_info.c.o
 .binary_info.keep.__bi_ptr34
                0x10008ef0        0x4 CMakeFiles/prog.dir/home/sebastiaan/Documents/ProtocolDIrectory/pico-sdk/src/rp2_common/pico_standard_binary_info/standard_binary_info.c.o
 .binary_info.keep.__bi_ptr26
                0x10008ef4        0x4 CMakeFiles/prog.dir/home/sebastiaan/Documents/ProtocolDIrectory/pico-sdk/src/rp2_common/pico_standard_binary_info/standard_binary_info.c.o
 *(.binary_info.*)
 .binary_info.__bi_ptr50
                0x10008ef8        0x4 CMakeFiles/prog.dir/home/sebastiaan/Documents/ProtocolDIrectory/pico-sdk/src/rp2_common/pico_stdio_uart/stdio_uart.c.o
 .binary_info.__bi_ptr49
                0x10008efc        0x4 CMakeFiles/prog.dir/home/sebastiaan/Documents/ProtocolDIrectory/pico-sdk/src/rp2_common/pico_stdio_uart/stdio_uart.c.o
 .binary_info.__bi_ptr45
                0x10008f00        0x4 CMakeFiles/prog.dir/home/sebastiaan/Documents/ProtocolDIrectory/pico-sdk/src/rp2_common/pico_stdio_uart/stdio_uart.c.o
 .binary_info.__bi_ptr202
                0x10008f04        0x4 CMakeFiles/prog.dir/home/sebastiaan/Documents/ProtocolDIrectory/pico-sdk/src/rp2_common/pico_stdio_usb/stdio_usb.c.o
                0x10008f08                        __binary_info_end = .
                0x10008f08                        . = ALIGN (0x4)

.ram_vector_table
                0x20000000       0xc0
 *(.ram_vector_table)
 .ram_vector_table
                0x20000000       0xc0 CMakeFiles/prog.dir/home/sebastiaan/Documents/ProtocolDIrectory/pico-sdk/src/rp2_common/pico_runtime_init/runtime_init.c.o
                0x20000000                ram_vector_table

.uninitialized_data
                0x200000c0        0x0
                0x200000c0                        . = ALIGN (0x4)
 *(.uninitialized_data*)

.data           0x200000c0     0x1570 load address 0x10008f08
                0x200000c0                        __data_start__ = .
 *(vtable)
 *(.time_critical*)
 .time_critical.mutex_try_enter
                0x200000c0       0x40 CMakeFiles/prog.dir/home/sebastiaan/Documents/ProtocolDIrectory/pico-sdk/src/common/pico_sync/mutex.c.o
                0x200000c0                mutex_try_enter
 .time_critical.mutex_try_enter_block_until
                0x20000100       0x9c CMakeFiles/prog.dir/home/sebastiaan/Documents/ProtocolDIrectory/pico-sdk/src/common/pico_sync/mutex.c.o
                0x20000100                mutex_try_enter_block_until
 .time_critical.mutex_enter_timeout_ms
                0x2000019c       0x90 CMakeFiles/prog.dir/home/sebastiaan/Documents/ProtocolDIrectory/pico-sdk/src/common/pico_sync/mutex.c.o
                0x2000019c                mutex_enter_timeout_ms
 .time_critical.mutex_exit
                0x2000022c       0x28 CMakeFiles/prog.dir/home/sebastiaan/Documents/ProtocolDIrectory/pico-sdk/src/common/pico_sync/mutex.c.o
                0x2000022c                mutex_exit
 .time_critical.flash_init_boot2_copyout
                0x20000254       0x30 CMakeFiles/prog.dir/home/sebastiaan/Documents/ProtocolDIrectory/pico-sdk/src/rp2_common/hardware_flash/flash.c.o
 .time_critical.flash_enable_xip_via_boot2
                0x20000284        0xc CMakeFiles/prog.dir/home/sebastiaan/Documents/ProtocolDIrectory/pico-sdk/src/rp2_common/hardware_flash/flash.c.o
 .time_critical.flash_save_hardware_state
                0x20000290       0x20 CMakeFiles/prog.dir/home/sebastiaan/Documents/ProtocolDIrectory/pico-sdk/src/rp2_common/hardware_flash/flash.c.o
 .time_critical.flash_restore_hardware_state
                0x200002b0       0x20 CMakeFiles/prog.dir/home/sebastiaan/Documents/ProtocolDIrectory/pico-sdk/src/rp2_common/hardware_flash/flash.c.o
 .time_critical.flash_cs_force
                0x200002d0       0x38 CMakeFiles/prog.dir/home/sebastiaan/Documents/ProtocolDIrectory/pico-sdk/src/rp2_common/hardware_flash/flash.c.o
 .time_critical.flash_do_cmd
                0x20000308       0xd0 CMakeFiles/prog.dir/home/sebastiaan/Documents/ProtocolDIrectory/pico-sdk/src/rp2_common/hardware_flash/flash.c.o
                0x20000308                flash_do_cmd
 .time_critical.reset_non_control_endpoints
                0x200003d8       0x68 CMakeFiles/prog.dir/home/sebastiaan/Documents/ProtocolDIrectory/pico-sdk/lib/tinyusb/src/portable/raspberrypi/rp2040/dcd_rp2040.c.o
 .time_critical.hw_handle_buff_status
                0x20000440       0xa0 CMakeFiles/prog.dir/home/sebastiaan/Documents/ProtocolDIrectory/pico-sdk/lib/tinyusb/src/portable/raspberrypi/rp2040/dcd_rp2040.c.o
 .time_critical.dcd_rp2040_irq
                0x200004e0      0x544 CMakeFiles/prog.dir/home/sebastiaan/Documents/ProtocolDIrectory/pico-sdk/lib/tinyusb/src/portable/raspberrypi/rp2040/dcd_rp2040.c.o
 .time_critical.prepare_ep_buffer
                0x20000a24       0xe0 CMakeFiles/prog.dir/home/sebastiaan/Documents/ProtocolDIrectory/pico-sdk/lib/tinyusb/src/portable/raspberrypi/rp2040/rp2040_usb.c.o
 .time_critical.sync_ep_buffer
                0x20000b04       0xa8 CMakeFiles/prog.dir/home/sebastiaan/Documents/ProtocolDIrectory/pico-sdk/lib/tinyusb/src/portable/raspberrypi/rp2040/rp2040_usb.c.o
 .time_critical._hw_endpoint_xfer_sync
                0x20000bac       0x28 CMakeFiles/prog.dir/home/sebastiaan/Documents/ProtocolDIrectory/pico-sdk/lib/tinyusb/src/portable/raspberrypi/rp2040/rp2040_usb.c.o
 .time_critical.e15_is_bulkin_ep
                0x20000bd4       0x28 CMakeFiles/prog.dir/home/sebastiaan/Documents/ProtocolDIrectory/pico-sdk/lib/tinyusb/src/portable/raspberrypi/rp2040/rp2040_usb.c.o
 .time_critical.e15_is_critical_frame_period
                0x20000bfc       0x34 CMakeFiles/prog.dir/home/sebastiaan/Documents/ProtocolDIrectory/pico-sdk/lib/tinyusb/src/portable/raspberrypi/rp2040/rp2040_usb.c.o
 .time_critical.hw_endpoint_reset_transfer
                0x20000c30        0xc CMakeFiles/prog.dir/home/sebastiaan/Documents/ProtocolDIrectory/pico-sdk/lib/tinyusb/src/portable/raspberrypi/rp2040/rp2040_usb.c.o
                0x20000c30                hw_endpoint_reset_transfer
 .time_critical._hw_endpoint_buffer_control_update32
                0x20000c3c       0x50 CMakeFiles/prog.dir/home/sebastiaan/Documents/ProtocolDIrectory/pico-sdk/lib/tinyusb/src/portable/raspberrypi/rp2040/rp2040_usb.c.o
                0x20000c3c                _hw_endpoint_buffer_control_update32
 .time_critical.hw_endpoint_start_next_buffer
                0x20000c8c       0x6c CMakeFiles/prog.dir/home/sebastiaan/Documents/ProtocolDIrectory/pico-sdk/lib/tinyusb/src/portable/raspberrypi/rp2040/rp2040_usb.c.o
                0x20000c8c                hw_endpoint_start_next_buffer
 .time_critical.hw_endpoint_xfer_continue
                0x20000cf8       0x40 CMakeFiles/prog.dir/home/sebastiaan/Documents/ProtocolDIrectory/pico-sdk/lib/tinyusb/src/portable/raspberrypi/rp2040/rp2040_usb.c.o
                0x20000cf8                hw_endpoint_xfer_continue
 .time_critical.tinyusb
                0x20000d38      0x1e4 CMakeFiles/prog.dir/home/sebastiaan/Documents/ProtocolDIrectory/pico-sdk/lib/tinyusb/src/device/usbd.c.o
                0x20000d38                dcd_event_handler
 .time_critical.spi_write_read_blocking
                0x20000f1c       0x74 CMakeFiles/prog.dir/home/sebastiaan/Documents/ProtocolDIrectory/pico-sdk/src/rp2_common/hardware_spi/spi.c.o
                0x20000f1c                spi_write_read_blocking
 *(.text*)
 .text          0x20000f90        0x4 /usr/lib/gcc/arm-none-eabi/13.2.1/thumb/v6-m/nofp/libgcc.a(_dvmd_tls.o)
                0x20000f90                __aeabi_ldiv0
                0x20000f90                __aeabi_idiv0
 *fill*         0x20000f94        0x4 
 .text.__stub   0x20000f98       0x80 linker stubs
                0x20001018                        . = ALIGN (0x4)
 *(.rodata*)
                0x20001018                        . = ALIGN (0x4)
 *(.data*)
 .data.striped_spin_lock_num
                0x20001018        0x1 CMakeFiles/prog.dir/home/sebastiaan/Documents/ProtocolDIrectory/pico-sdk/src/rp2_common/hardware_sync/sync.c.o
 *fill*         0x20001019        0x3 
 .data          0x2000101c       0x48 CMakeFiles/prog.dir/home/sebastiaan/Documents/ProtocolDIrectory/pico-sdk/src/rp2_common/hardware_irq/irq_handler_chain.S.o
                0x2000101c                irq_handler_chain_slots
                0x2000104c                irq_handler_chain_first_slot
                0x20001056                irq_handler_chain_remove_tail
 .data.default_alarm_pool
                0x20001064       0x18 CMakeFiles/prog.dir/home/sebastiaan/Documents/ProtocolDIrectory/pico-sdk/src/common/pico_time/time.c.o
 *fill*         0x2000107c        0x4 
 .data.aeabi_bits_funcs
                0x20001080       0x10 CMakeFiles/prog.dir/home/sebastiaan/Documents/ProtocolDIrectory/pico-sdk/src/rp2_common/pico_bit_ops/bit_ops_aeabi.S.o
                0x20001080                aeabi_bits_funcs
                0x20001090                aeabi_bits_funcs_end
 .data.aeabi_mem_funcs
                0x20001090       0x10 CMakeFiles/prog.dir/home/sebastiaan/Documents/ProtocolDIrectory/pico-sdk/src/rp2_common/pico_mem_ops/mem_ops_aeabi.S.o
                0x20001090                aeabi_mem_funcs
                0x200010a0                aeabi_mem_funcs_end
 .data.stdio_uart
                0x200010a0       0x18 CMakeFiles/prog.dir/home/sebastiaan/Documents/ProtocolDIrectory/pico-sdk/src/rp2_common/pico_stdio_uart/stdio_uart.c.o
                0x200010a0                stdio_uart
 .data.stdio_usb
                0x200010b8       0x18 CMakeFiles/prog.dir/home/sebastiaan/Documents/ProtocolDIrectory/pico-sdk/src/rp2_common/pico_stdio_usb/stdio_usb.c.o
                0x200010b8                stdio_usb
 .data._usbd_qdef
                0x200010d0       0x1c CMakeFiles/prog.dir/home/sebastiaan/Documents/ProtocolDIrectory/pico-sdk/lib/tinyusb/src/device/usbd.c.o
                0x200010d0                _usbd_qdef
 .data._usbd_rhport
                0x200010ec        0x1 CMakeFiles/prog.dir/home/sebastiaan/Documents/ProtocolDIrectory/pico-sdk/lib/tinyusb/src/device/usbd.c.o
 *fill*         0x200010ed        0x3 
 .data          0x200010f0      0x128 /usr/lib/gcc/arm-none-eabi/13.2.1/../../../arm-none-eabi/lib/thumb/v6-m/nofp/libc.a(libc_a-impure.o)
                0x200010f0                _impure_ptr
                0x200010f8                _impure_data
 .data          0x20001218      0x410 /usr/lib/gcc/arm-none-eabi/13.2.1/../../../arm-none-eabi/lib/thumb/v6-m/nofp/libc.a(libc_a-mallocr.o)
                0x20001218                __malloc_sbrk_base
                0x2000121c                __malloc_trim_threshold
                0x20001220                __malloc_av_
                0x20001628                        . = ALIGN (0x4)
 *(.after_data.*)
                0x20001628                        . = ALIGN (0x4)
                0x20001628                        PROVIDE (__mutex_array_start = .)
 *(SORT_BY_NAME(.mutex_array.*))
 *(.mutex_array)
 .mutex_array   0x20001628        0x8 CMakeFiles/prog.dir/home/sebastiaan/Documents/ProtocolDIrectory/pico-sdk/src/rp2_common/pico_stdio/stdio.c.o
                0x20001630                        PROVIDE (__mutex_array_end = .)
                0x20001630                        . = ALIGN (0x4)
 *(.jcr)
                0x20001630                        . = ALIGN (0x4)

.tm_clone_table
                0x20001630        0x0 load address 0x1000a478
 .tm_clone_table
                0x20001630        0x0 /usr/lib/gcc/arm-none-eabi/13.2.1/thumb/v6-m/nofp/crtbegin.o
 .tm_clone_table
                0x20001630        0x0 /usr/lib/gcc/arm-none-eabi/13.2.1/thumb/v6-m/nofp/crtend.o

.igot.plt       0x20001630        0x0 load address 0x1000a478
 .igot.plt      0x20001630        0x0 /usr/lib/gcc/arm-none-eabi/13.2.1/thumb/v6-m/nofp/crtbegin.o

.tdata          0x20001630        0x0 load address 0x1000a478
                0x20001630                        . = ALIGN (0x4)
 *(.tdata .tdata.* .gnu.linkonce.td.*)
                0x20001630                        __tdata_end = .
                0x20001630                        PROVIDE (__data_end__ = .)
                0x10008f08                        __etext = LOADADDR (.data)

.tbss           0x20001630        0x0 load address 0x1000a478
                0x20001630                        . = ALIGN (0x4)
                0x20001630                        __bss_start__ = .
                0x20001630                        __tls_base = .
 *(.tbss .tbss.* .gnu.linkonce.tb.*)
 *(.tcommon)
                0x20001630                        __tls_end = .

.bss            0x20001630     0x1a00 load address 0x1000a478
                0x20001630                        . = ALIGN (0x4)
                0x20001630                        __tbss_end = .
 *(SORT_BY_ALIGNMENT(SORT_BY_NAME(.bss*)))
 .bss.default_alarm_pool_entries
                0x20001630      0x180 CMakeFiles/prog.dir/home/sebastiaan/Documents/ProtocolDIrectory/pico-sdk/src/common/pico_time/time.c.o
 .bss.last_avail_time.1
                0x200017b0        0x8 CMakeFiles/prog.dir/home/sebastiaan/Documents/ProtocolDIrectory/pico-sdk/src/rp2_common/pico_stdio_usb/stdio_usb.c.o
 .bss.sd_table  0x200017b8      0x100 CMakeFiles/prog.dir/home/sebastiaan/Documents/ProtocolDIrectory/pico-sdk/src/rp2_common/pico_double/double_init_rom_rp2040.c.o
                0x200017b8                sd_table
 .bss.sf_table  0x200018b8      0x100 CMakeFiles/prog.dir/home/sebastiaan/Documents/ProtocolDIrectory/pico-sdk/src/rp2_common/pico_float/float_init_rom_rp2040.c.o
                0x200018b8                sf_table
 .bss           0x200019b8       0x1c /usr/lib/gcc/arm-none-eabi/13.2.1/thumb/v6-m/nofp/crtbegin.o
 .bss           0x200019d4       0x34 /usr/lib/gcc/arm-none-eabi/13.2.1/../../../arm-none-eabi/lib/thumb/v6-m/nofp/libc.a(libc_a-mallocr.o)
                0x200019d4                __malloc_top_pad
                0x200019d8                __malloc_current_mallinfo
                0x20001a00                __malloc_max_sbrked_mem
                0x20001a04                __malloc_max_total_mem
 .bss           0x20001a08      0x13c /usr/lib/gcc/arm-none-eabi/13.2.1/../../../arm-none-eabi/lib/thumb/v6-m/nofp/libc.a(libc_a-findfp.o)
                0x20001a08                __stdio_exit_handler
                0x20001a0c                __sf
 .bss           0x20001b44        0x4 /usr/lib/gcc/arm-none-eabi/13.2.1/../../../arm-none-eabi/lib/thumb/v6-m/nofp/libc.a(libc_a-reent.o)
                0x20001b44                errno
 .bss           0x20001b48      0x190 /usr/lib/gcc/arm-none-eabi/13.2.1/../../../arm-none-eabi/lib/thumb/v6-m/nofp/libc.a(libc_a-__atexit.o)
                0x20001b48                __atexit0
 .bss           0x20001cd8        0x4 /usr/lib/gcc/arm-none-eabi/13.2.1/../../../arm-none-eabi/lib/thumb/v6-m/nofp/libc.a(libc_a-__call_atexit.o)
                0x20001cd8                __atexit
 .bss._app_driver
                0x20001cdc        0x4 CMakeFiles/prog.dir/home/sebastiaan/Documents/ProtocolDIrectory/pico-sdk/lib/tinyusb/src/device/usbd.c.o
 .bss._cdcd_epbuf
                0x20001ce0       0x80 CMakeFiles/prog.dir/home/sebastiaan/Documents/ProtocolDIrectory/pico-sdk/lib/tinyusb/src/class/cdc/cdc_device.c.o
 .bss._cdcd_fifo_cfg
                0x20001d60        0x1 CMakeFiles/prog.dir/home/sebastiaan/Documents/ProtocolDIrectory/pico-sdk/lib/tinyusb/src/class/cdc/cdc_device.c.o
 *fill*         0x20001d61        0x3 
 .bss._cdcd_itf
                0x20001d64       0xc8 CMakeFiles/prog.dir/home/sebastiaan/Documents/ProtocolDIrectory/pico-sdk/lib/tinyusb/src/class/cdc/cdc_device.c.o
 .bss._ctrl_epbuf
                0x20001e2c       0x40 CMakeFiles/prog.dir/home/sebastiaan/Documents/ProtocolDIrectory/pico-sdk/lib/tinyusb/src/device/usbd_control.c.o
 .bss._ctrl_xfer
                0x20001e6c       0x14 CMakeFiles/prog.dir/home/sebastiaan/Documents/ProtocolDIrectory/pico-sdk/lib/tinyusb/src/device/usbd_control.c.o
 .bss._tusb_rhport_role
                0x20001e80        0x2 CMakeFiles/prog.dir/home/sebastiaan/Documents/ProtocolDIrectory/pico-sdk/lib/tinyusb/src/tusb.c.o
                0x20001e80                _tusb_rhport_role
 *fill*         0x20001e82        0x2 
 .bss._ubsd_mutexdef
                0x20001e84        0x8 CMakeFiles/prog.dir/home/sebastiaan/Documents/ProtocolDIrectory/pico-sdk/lib/tinyusb/src/device/usbd.c.o
 .bss._usbd_dev
                0x20001e8c       0x54 CMakeFiles/prog.dir/home/sebastiaan/Documents/ProtocolDIrectory/pico-sdk/lib/tinyusb/src/device/usbd.c.o
 .bss._usbd_mutex
                0x20001ee0        0x4 CMakeFiles/prog.dir/home/sebastiaan/Documents/ProtocolDIrectory/pico-sdk/lib/tinyusb/src/device/usbd.c.o
 .bss._usbd_q   0x20001ee4        0x4 CMakeFiles/prog.dir/home/sebastiaan/Documents/ProtocolDIrectory/pico-sdk/lib/tinyusb/src/device/usbd.c.o
 .bss._usbd_qdef_buf
                0x20001ee8       0xc0 CMakeFiles/prog.dir/home/sebastiaan/Documents/ProtocolDIrectory/pico-sdk/lib/tinyusb/src/device/usbd.c.o
                0x20001ee8                _usbd_qdef_buf
 .bss._vendord_epbuf
                0x20001fa8       0x80 CMakeFiles/prog.dir/home/sebastiaan/Documents/ProtocolDIrectory/pico-sdk/lib/tinyusb/src/class/vendor/vendor_device.c.o
 .bss._vendord_itf