Archive member included to satisfy reference by file (symbol)

/usr/lib/gcc/arm-none-eabi/13.2.1/thumb/v6-m/nofp/libgcc.a(_dvmd_tls.o)
                              CMakeFiles/prog.dir/home/sebastiaan/Documents/ProtocolDIrectory/avr-pico-programmer-release/pico-sdk/src/rp2_common/pico_divider/divider_hardware.S.o (__aeabi_idiv0)
/usr/lib/gcc/arm-none-eabi/13.2.1/../../../arm-none-eabi/lib/thumb/v6-m/nofp/libg.a(libc_a-memchr-stub.o)
                              CMakeFiles/prog.dir/stk500v1.c.o (memchr)
/usr/lib/gcc/arm-none-eabi/13.2.1/../../../arm-none-eabi/lib/thumb/v6-m/nofp/libg.a(libc_a-memmove.o)
                              CMakeFiles/prog.dir/stk500v1.c.o (memmove)
/usr/lib/gcc/arm-none-eabi/13.2.1/../../../arm-none-eabi/lib/thumb/v6-m/nofp/libg.a(libc_a-calloc.o)
                              CMakeFiles/prog.dir/home/sebastiaan/Documents/ProtocolDIrectory/avr-pico-programmer-release/pico-sdk/src/rp2_common/pico_malloc/malloc.c.o (calloc)
/usr/lib/gcc/arm-none-eabi/13.2.1/../../../arm-none-eabi/lib/thumb/v6-m/nofp/libg.a(libc_a-impure.o)
                              /usr/lib/gcc/arm-none-eabi/13.2.1/../../../arm-none-eabi/lib/thumb/v6-m/nofp/libg.a(libc_a-calloc.o) (_impure_ptr)
/usr/lib/gcc/arm-none-eabi/13.2.1/../../../arm-none-eabi/lib/thumb/v6-m/nofp/libg.a(libc_a-callocr.o)
                              /usr/lib/gcc/arm-none-eabi/13.2.1/../../../arm-none-eabi/lib/thumb/v6-m/nofp/libg.a(libc_a-calloc.o) (_calloc_r)
/usr/lib/gcc/arm-none-eabi/13.2.1/../../../arm-none-eabi/lib/thumb/v6-m/nofp/libg.a(libc_a-realloc.o)
                              CMakeFiles/prog.dir/home/sebastiaan/Documents/ProtocolDIrectory/avr-pico-programmer-release/pico-sdk/src/rp2_common/pico_malloc/malloc.c.o (realloc)
/usr/lib/gcc/arm-none-eabi/13.2.1/../../../arm-none-eabi/lib/thumb/v6-m/nofp/libg.a(libc_a-mallocr.o)
                              /usr/lib/gcc/arm-none-eabi/13.2.1/../../../arm-none-eabi/lib/thumb/v6-m/nofp/libg.a(libc_a-callocr.o) (_malloc_r)
/usr/lib/gcc/arm-none-eabi/13.2.1/../../../arm-none-eabi/lib/thumb/v6-m/nofp/libg.a(libc_a-freer.o)
                              /usr/lib/gcc/arm-none-eabi/13.2.1/../../../arm-none-eabi/lib/thumb/v6-m/nofp/libg.a(libc_a-mallocr.o) (_free_r)
/usr/lib/gcc/arm-none-eabi/13.2.1/../../../arm-none-eabi/lib/thumb/v6-m/nofp/libg.a(libc_a-memcmp.o)
                              CMakeFiles/prog.dir/home/sebastiaan/Documents/ProtocolDIrectory/avr-pico-programmer-release/pico-sdk/src/rp2_common/pico_atomic/atomic.c.o (memcmp)
/usr/lib/gcc/arm-none-eabi/13.2.1/../../../arm-none-eabi/lib/thumb/v6-m/nofp/libg.a(libc_a-malloc.o)
                              CMakeFiles/prog.dir/home/sebastiaan/Documents/ProtocolDIrectory/avr-pico-programmer-release/pico-sdk/src/rp2_common/pico_malloc/malloc.c.o (malloc)
/usr/lib/gcc/arm-none-eabi/13.2.1/../../../arm-none-eabi/lib/thumb/v6-m/nofp/libg.a(libc_a-sysconf.o)
                              /usr/lib/gcc/arm-none-eabi/13.2.1/../../../arm-none-eabi/lib/thumb/v6-m/nofp/libg.a(libc_a-mallocr.o) (sysconf)
/usr/lib/gcc/arm-none-eabi/13.2.1/../../../arm-none-eabi/lib/thumb/v6-m/nofp/libg.a(libc_a-init.o)
                              /usr/lib/gcc/arm-none-eabi/13.2.1/../../../arm-none-eabi/lib/thumb/v6-m/nofp/crt0.o (__libc_init_array)
/usr/lib/gcc/arm-none-eabi/13.2.1/../../../arm-none-eabi/lib/thumb/v6-m/nofp/libg.a(libc_a-reallocr.o)
                              /usr/lib/gcc/arm-none-eabi/13.2.1/../../../arm-none-eabi/lib/thumb/v6-m/nofp/libg.a(libc_a-realloc.o) (_realloc_r)
/usr/lib/gcc/arm-none-eabi/13.2.1/../../../arm-none-eabi/lib/thumb/v6-m/nofp/libg.a(libc_a-mktime.o)
                              CMakeFiles/prog.dir/home/sebastiaan/Documents/ProtocolDIrectory/avr-pico-programmer-release/pico-sdk/src/common/pico_util/datetime.c.o (mktime)
/usr/lib/gcc/arm-none-eabi/13.2.1/../../../arm-none-eabi/lib/thumb/v6-m/nofp/libg.a(libc_a-mlock.o)
                              /usr/lib/gcc/arm-none-eabi/13.2.1/../../../arm-none-eabi/lib/thumb/v6-m/nofp/libg.a(libc_a-mallocr.o) (__malloc_lock)
/usr/lib/gcc/arm-none-eabi/13.2.1/../../../arm-none-eabi/lib/thumb/v6-m/nofp/libg.a(libc_a-findfp.o)
                              /usr/lib/gcc/arm-none-eabi/13.2.1/../../../arm-none-eabi/lib/thumb/v6-m/nofp/libg.a(libc_a-impure.o) (__sf)
/usr/lib/gcc/arm-none-eabi/13.2.1/../../../arm-none-eabi/lib/thumb/v6-m/nofp/libg.a(libc_a-tzlock.o)
                              /usr/lib/gcc/arm-none-eabi/13.2.1/../../../arm-none-eabi/lib/thumb/v6-m/nofp/libg.a(libc_a-mktime.o) (__tz_lock)
/usr/lib/gcc/arm-none-eabi/13.2.1/../../../arm-none-eabi/lib/thumb/v6-m/nofp/libg.a(libc_a-atexit.o)
                              /usr/lib/gcc/arm-none-eabi/13.2.1/../../../arm-none-eabi/lib/thumb/v6-m/nofp/crt0.o (atexit)
/usr/lib/gcc/arm-none-eabi/13.2.1/../../../arm-none-eabi/lib/thumb/v6-m/nofp/libg.a(libc_a-lcltime_r.o)
[...]
Memory Configuration

Name             Origin             Length             Attributes
FLASH            0x10000000         0x00200000         xr
RAM              0x20000000         0x00040000         xrw
SCRATCH_X        0x20040000         0x00001000         xrw
SCRATCH_Y        0x20041000         0x00001000         xrw
*default*        0x00000000         0xffffffff

Linker script and memory map

LOAD /usr/lib/gcc/arm-none-eabi/13.2.1/thumb/v6-m/nofp/crti.o
LOAD /usr/lib/gcc/arm-none-eabi/13.2.1/thumb/v6-m/nofp/crtbegin.o
LOAD /usr/lib/gcc/arm-none-eabi/13.2.1/../../../arm-none-eabi/lib/thumb/v6-m/nofp/crt0.o

.flash_begin    0x10000000        0x0
                0x10000000                        __flash_binary_start = .

.boot2          0x10000000      0x100
                0x10000000                        __boot2_start__ = .
 *(.boot2)
 .boot2         0x10000000      0x100 pico-sdk/src/rp2040/boot_stage2/CMakeFiles/bs2_default_library.dir/bs2_default_padded_checksummed.S.o
                0x10000100                        __boot2_end__ = .
                0x00000001                        ASSERT (((__boot2_end__ - __boot2_start__) == 0x100), ERROR: Pico second stage bootloader must be 256 bytes in size)

.text           0x10000100     0x4818
                0x10000100                        __logical_binary_start = .
 *(.vectors)
 .vectors       0x10000100       0xd4 CMakeFiles/prog.dir/home/sebastiaan/Documents/ProtocolDIrectory/avr-pico-programmer-release/pico-sdk/src/rp2_common/pico_crt0/crt0.S.o
                0x10000100                __vectors
                0x10000100                __VECTOR_TABLE
                0x100001c0                isr_irq30
                0x100001c0                __unhandled_user_irq
                0x100001c0                isr_irq13
                0x100001c0                isr_irq27
                0x100001c0                isr_irq31
                0x100001c0                isr_irq5
                0x100001c0                isr_irq11
                0x100001c0                isr_irq23
                0x100001c0                isr_irq18
                0x100001c0                isr_irq28
                0x100001c0                isr_irq19
                0x100001c0                isr_irq0
                0x100001c0                isr_irq6
                0x100001c0                isr_irq22
                0x100001c0                isr_irq17
                0x100001c0                isr_irq14
                0x100001c0                __vectors_end
                0x100001c0                __default_isrs_start
                0x100001c0                isr_irq2
                0x100001c0                isr_irq10
                0x100001c0                isr_irq8
                0x100001c0                isr_irq24
                0x100001c0                isr_irq1
                0x100001c0                isr_irq7
                0x100001c0                isr_irq21
                0x100001c0                isr_irq20
                0x100001c0                isr_irq15
                0x100001c0                isr_irq25
                0x100001c0                isr_irq4
                0x100001c0                isr_irq16
                0x100001c0                isr_irq29
                0x100001c0                isr_irq26
                0x100001c0                isr_irq3
                0x100001c0                isr_irq12
                0x100001c0                isr_irq9
                0x100001c6                unhandled_user_irq_num_in_r0
                0x100001c8                isr_invalid
                0x100001ca                isr_nmi
                0x100001cc                isr_hardfault
                0x100001ce                isr_svcall
                0x100001d0                isr_pendsv
                0x100001d2                isr_systick
                0x100001d4                __default_isrs_end
 *(.binary_info_header)
 .binary_info_header
                0x100001d4       0x14 CMakeFiles/prog.dir/home/sebastiaan/Documents/ProtocolDIrectory/avr-pico-programmer-release/pico-sdk/src/rp2_common/pico_crt0/crt0.S.o
                0x100001e8                        __binary_info_header_end = .
 *(.embedded_block)
                0x100001e8                        __embedded_block_end = .
 *(.reset)
 .reset         0x100001e8       0x9c CMakeFiles/prog.dir/home/sebastiaan/Documents/ProtocolDIrectory/avr-pico-programmer-release/pico-sdk/src/rp2_common/pico_crt0/crt0.S.o
                0x100001e8                _entry_point
 *(.init)
 .init          0x10000284        0x4 /usr/lib/gcc/arm-none-eabi/13.2.1/thumb/v6-m/nofp/crti.o
                0x10000284                _init
 *(EXCLUDE_FILE(*libm.a: *libc.a:*lib_a-mem*.o *libgcc.a:) .text*)
 .text          0x10000288       0x98 /usr/lib/gcc/arm-none-eabi/13.2.1/thumb/v6-m/nofp/crtbegin.o
 .text.startup.main
                0x10000320       0x54 CMakeFiles/prog.dir/main.c.o
                0x10000320                main
 .text.avr_read_signature
                0x10000374       0x4c CMakeFiles/prog.dir/avrprog.c.o
                0x10000374                avr_read_signature
 .text.avr_spi_init
                0x100003c0       0x68 CMakeFiles/prog.dir/avrprog.c.o
                0x100003c0                avr_spi_init
 .text.avr_enter_programming_mode
                0x10000428       0x68 CMakeFiles/prog.dir/avrprog.c.o
                0x10000428                avr_enter_programming_mode
 .text.avr_leave_programming_mode
                0x10000490       0x14 CMakeFiles/prog.dir/avrprog.c.o
                0x10000490                avr_leave_programming_mode
 .text.avr_erase_memory
                0x100004a4       0x50 CMakeFiles/prog.dir/avrprog.c.o
                0x100004a4                avr_erase_memory
 .text.avr_write_temporary_buffer_16
                0x100004f4       0x5c CMakeFiles/prog.dir/avrprog.c.o
                0x100004f4                avr_write_temporary_buffer_16
 .text.avr_flash_program_memory
                0x10000550       0x30 CMakeFiles/prog.dir/avrprog.c.o
                0x10000550                avr_flash_program_memory
 .text.avr_read_program_memory
                0x10000580       0x6c CMakeFiles/prog.dir/avrprog.c.o
                0x10000580                avr_read_program_memory
 .text.avr_lookup_device_by_signature
                0x100005ec       0x34 CMakeFiles/prog.dir/avr_devices.c.o
                0x100005ec                avr_lookup_device_by_signature
 .text.stk500v1_init
                0x10000620       0x20 CMakeFiles/prog.dir/stk500v1.c.o
                0x10000620                stk500v1_init
 .text.stk500v1_feed
                0x10000640      0x480 CMakeFiles/prog.dir/stk500v1.c.o
                0x10000640                stk500v1_feed
 .text.tud_descriptor_device_cb
                0x10000ac0        0x8 CMakeFiles/prog.dir/usb_descriptors.c.o
                0x10000ac0                tud_descriptor_device_cb
 .text.tud_descriptor_configuration_cb
                0x10000ac8        0x8 CMakeFiles/prog.dir/usb_descriptors.c.o
                0x10000ac8                tud_descriptor_configuration_cb
 .text.tud_descriptor_string_cb
                0x10000ad0       0x70 CMakeFiles/prog.dir/usb_descriptors.c.o
                0x10000ad0                tud_descriptor_string_cb
 .text.gpio_set_function
                0x10000b40       0x34 CMakeFiles/prog.dir/home/sebastiaan/Documents/ProtocolDIrectory/avr-pico-programmer-release/pico-sdk/src/rp2_common/hardware_gpio/gpio.c.o
                0x10000b40                gpio_set_function
 .text.gpio_init
                0x10000b74       0x40 CMakeFiles/prog.dir/home/sebastiaan/Documents/ProtocolDIrectory/avr-pico-programmer-release/pico-sdk/src/rp2_common/hardware_gpio/gpio.c.o
                0x10000b74                gpio_init
 .text.rp2040_chip_version
                0x10000bb4        0xc CMakeFiles/prog.dir/home/sebastiaan/Documents/ProtocolDIrectory/avr-pico-programmer-release/pico-sdk/src/rp2040/pico_platform/platform.c.o
                0x10000bb4                rp2040_chip_version
 .text.panic    0x10000bc0       0x30 CMakeFiles/prog.dir/home/sebastiaan/Documents/ProtocolDIrectory/avr-pico-programmer-release/pico-sdk/src/rp2_common/pico_platform_panic/panic.c.o
                0x10000bc0                panic
 .text.hw_claim_or_assert
                0x10000bf0       0x44 CMakeFiles/prog.dir/home/sebastiaan/Documents/ProtocolDIrectory/avr-pico-programmer-release/pico-sdk/src/common/hardware_claim/claim.c.o
                0x10000bf0                hw_claim_or_assert
 .text.hw_claim_unused_from_range
                0x10000c34       0x9c CMakeFiles/prog.dir/home/sebastiaan/Documents/ProtocolDIrectory/avr-pico-programmer-release/pico-sdk/src/common/hardware_claim/claim.c.o
                0x10000c34                hw_claim_unused_from_range
 .text.next_striped_spin_lock_num
                0x10000cd0       0x18 CMakeFiles/prog.dir/home/sebastiaan/Documents/ProtocolDIrectory/avr-pico-programmer-release/pico-sdk/src/rp2_common/hardware_sync/sync.c.o
                0x10000cd0                next_striped_spin_lock_num
 .text.spin_lock_claim_unused
                0x10000ce8       0x24 CMakeFiles/prog.dir/home/sebastiaan/Documents/ProtocolDIrectory/avr-pico-programmer-release/pico-sdk/src/rp2_common/hardware_sync/sync.c.o
                0x10000ce8                spin_lock_claim_unused
 .text.spin_locks_reset
                0x10000d0c       0x1c CMakeFiles/prog.dir/home/sebastiaan/Documents/ProtocolDIrectory/avr-pico-programmer-release/pico-sdk/src/rp2_common/hardware_sync_spin_lock/sync_spin_lock.c.o
                0x10000d0c                spin_locks_reset
 .text.runtime_init_per_core_irq_priorities
                0x10000d28       0x24 CMakeFiles/prog.dir/home/sebastiaan/Documents/ProtocolDIrectory/avr-pico-programmer-release/pico-sdk/src/rp2_common/hardware_irq/irq.c.o
                0x10000d28                runtime_init_per_core_irq_priorities
 .text.irq_set_enabled
                0x10000d4c       0x24 CMakeFiles/prog.dir/home/sebastiaan/Documents/ProtocolDIrectory/avr-pico-programmer-release/pico-sdk/src/rp2_common/hardware_irq/irq.c.o
                0x10000d4c                irq_set_enabled
 .text.irq_set_exclusive_handler
                0x10000d70       0x54 CMakeFiles/prog.dir/home/sebastiaan/Documents/ProtocolDIrectory/avr-pico-programmer-release/pico-sdk/src/rp2_common/hardware_irq/irq.c.o
                0x10000d70                irq_set_exclusive_handler
 .text.irq_add_shared_handler
                0x10000dc4      0x1f4 CMakeFiles/prog.dir/home/sebastiaan/Documents/ProtocolDIrectory/avr-pico-programmer-release/pico-sdk/src/rp2_common/hardware_irq/irq.c.o
                0x10000dc4                irq_add_shared_handler
 .text.irq_remove_handler
                0x10000fb8      0x1d4 CMakeFiles/prog.dir/home/sebastiaan/Documents/ProtocolDIrectory/avr-pico-programmer-release/pico-sdk/src/rp2_common/hardware_irq/irq.c.o
                0x10000fb8                irq_remove_handler
 .text.irq_add_tail_to_free_list
                0x1000118c       0xb4 CMakeFiles/prog.dir/home/sebastiaan/Documents/ProtocolDIrectory/avr-pico-programmer-release/pico-sdk/src/rp2_common/hardware_irq/irq.c.o
                0x1000118c                irq_add_tail_to_free_list
 .text.lock_init
                0x10001240       0x10 CMakeFiles/prog.dir/home/sebastiaan/Documents/ProtocolDIrectory/avr-pico-programmer-release/pico-sdk/src/common/pico_sync/lock_core.c.o
                0x10001240                lock_init
 .text.runtime_init_mutex
                0x10001250       0x50 CMakeFiles/prog.dir/home/sebastiaan/Documents/ProtocolDIrectory/avr-pico-programmer-release/pico-sdk/src/common/pico_sync/mutex.c.o
                0x10001250                runtime_init_mutex
 .text.mutex_init
                0x100012a0       0x1c CMakeFiles/prog.dir/home/sebastiaan/Documents/ProtocolDIrectory/avr-pico-programmer-release/pico-sdk/src/common/pico_sync/mutex.c.o
                0x100012a0                mutex_init
 .text.critical_section_init
                0x100012bc       0x1c CMakeFiles/prog.dir/home/sebastiaan/Documents/ProtocolDIrectory/avr-pico-programmer-release/pico-sdk/src/common/pico_sync/critical_section.c.o
                0x100012bc                critical_section_init
 .text.sleep_until_callback
                0x100012d8       0x30 CMakeFiles/prog.dir/home/sebastiaan/Documents/ProtocolDIrectory/avr-pico-programmer-release/pico-sdk/src/common/pico_time/time.c.o
 .text.alarm_pool_irq_handler
                0x10001308      0x2fc CMakeFiles/prog.dir/home/sebastiaan/Documents/ProtocolDIrectory/avr-pico-programmer-release/pico-sdk/src/common/pico_time/time.c.o
 .text.runtime_init_default_alarm_pool
                0x10001604       0xdc CMakeFiles/prog.dir/home/sebastiaan/Documents/ProtocolDIrectory/avr-pico-programmer-release/pico-sdk/src/common/pico_time/time.c.o
                0x10001604                runtime_init_default_alarm_pool
 .text.alarm_pool_add_alarm_at_force_in_context
                0x100016e0       0xb0 CMakeFiles/prog.dir/home/sebastiaan/Documents/ProtocolDIrectory/avr-pico-programmer-release/pico-sdk/src/common/pico_time/time.c.o
                0x100016e0                alarm_pool_add_alarm_at_force_in_context
 .text.alarm_pool_cancel_alarm
                0x10001790       0x74 CMakeFiles/prog.dir/home/sebastiaan/Documents/ProtocolDIrectory/avr-pico-programmer-release/pico-sdk/src/common/pico_time/time.c.o
                0x10001790                alarm_pool_cancel_alarm
 .text.sleep_until
                0x10001804       0xd8 CMakeFiles/prog.dir/home/sebastiaan/Documents/ProtocolDIrectory/avr-pico-programmer-release/pico-sdk/src/common/pico_time/time.c.o
                0x10001804                sleep_until
 .text.sleep_ms
                0x100018dc       0x38 CMakeFiles/prog.dir/home/sebastiaan/Documents/ProtocolDIrectory/avr-pico-programmer-release/pico-sdk/src/common/pico_time/time.c.o
                0x100018dc                sleep_ms
 .text.best_effort_wfe_or_timeout
                0x10001914       0xf8 CMakeFiles/prog.dir/home/sebastiaan/Documents/ProtocolDIrectory/avr-pico-programmer-release/pico-sdk/src/common/pico_time/time.c.o
                0x10001914                best_effort_wfe_or_timeout
 .text.timer_hardware_alarm_claim
                0x10001a0c       0x14 CMakeFiles/prog.dir/home/sebastiaan/Documents/ProtocolDIrectory/avr-pico-programmer-release/pico-sdk/src/rp2_common/hardware_timer/timer.c.o
                0x10001a0c                timer_hardware_alarm_claim
 .text.timer_time_us_64
                0x10001a20       0x10 CMakeFiles/prog.dir/home/sebastiaan/Documents/ProtocolDIrectory/avr-pico-programmer-release/pico-sdk/src/rp2_common/hardware_timer/timer.c.o
                0x10001a20                timer_time_us_64
 .text.time_us_64
                0x10001a30       0x14 CMakeFiles/prog.dir/home/sebastiaan/Documents/ProtocolDIrectory/avr-pico-programmer-release/pico-sdk/src/rp2_common/hardware_timer/timer.c.o
                0x10001a30                time_us_64
 .text.busy_wait_us
                0x10001a44       0x68 CMakeFiles/prog.dir/home/sebastiaan/Documents/ProtocolDIrectory/avr-pico-programmer-release/pico-sdk/src/rp2_common/hardware_timer/timer.c.o
                0x10001a44                busy_wait_us
 .text.busy_wait_until
                0x10001aac       0x20 CMakeFiles/prog.dir/home/sebastiaan/Documents/ProtocolDIrectory/avr-pico-programmer-release/pico-sdk/src/rp2_common/hardware_timer/timer.c.o
                0x10001aac                busy_wait_until
 .text.uart_init
                0x10001acc      0x120 CMakeFiles/prog.dir/home/sebastiaan/Documents/ProtocolDIrectory/avr-pico-programmer-release/pico-sdk/src/rp2_common/hardware_uart/uart.c.o
                0x10001acc                uart_init
 .text.clock_configure_int_divider
                0x10001bec       0xf4 CMakeFiles/prog.dir/home/sebastiaan/Documents/ProtocolDIrectory/avr-pico-programmer-release/pico-sdk/src/rp2_common/hardware_clocks/clocks.c.o
                0x10001bec                clock_configure_int_divider
 .text.clock_configure_undivided
                0x10001ce0       0xe8 CMakeFiles/prog.dir/home/sebastiaan/Documents/ProtocolDIrectory/avr-pico-programmer-release/pico-sdk/src/rp2_common/hardware_clocks/clocks.c.o
                0x10001ce0                clock_configure_undivided
 .text.clock_get_hz
                0x10001dc8        0xc CMakeFiles/prog.dir/home/sebastiaan/Documents/ProtocolDIrectory/avr-pico-programmer-release/pico-sdk/src/rp2_common/hardware_clocks/clocks.c.o
                0x10001dc8                clock_get_hz
 .text.pll_init
                0x10001dd4       0xa4 CMakeFiles/prog.dir/home/sebastiaan/Documents/ProtocolDIrectory/avr-pico-programmer-release/pico-sdk/src/rp2_common/hardware_pll/pll.c.o
                0x10001dd4                pll_init
 .text.tick_start
                0x10001e78       0x10 CMakeFiles/prog.dir/home/sebastiaan/Documents/ProtocolDIrectory/avr-pico-programmer-release/pico-sdk/src/rp2_common/hardware_ticks/ticks.c.o
                0x10001e78                tick_start
 .text.rom_func_lookup
                0x10001e88       0x10 CMakeFiles/prog.dir/home/sebastiaan/Documents/ProtocolDIrectory/avr-pico-programmer-release/pico-sdk/src/rp2_common/pico_bootrom/bootrom.c.o
                0x10001e88                rom_func_lookup
 .text.rom_data_lookup
                0x10001e98       0x10 CMakeFiles/prog.dir/home/sebastiaan/Documents/ProtocolDIrectory/avr-pico-programmer-release/pico-sdk/src/rp2_common/pico_bootrom/bootrom.c.o
                0x10001e98                rom_data_lookup
 .text.rom_funcs_lookup
                0x10001ea8       0x44 CMakeFiles/prog.dir/home/sebastiaan/Documents/ProtocolDIrectory/avr-pico-programmer-release/pico-sdk/src/rp2_common/pico_bootrom/bootrom.c.o
                0x10001ea8                rom_funcs_lookup
 .text.xosc_init
                0x10001eec       0x28 CMakeFiles/prog.dir/home/sebastiaan/Documents/ProtocolDIrectory/avr-pico-programmer-release/pico-sdk/src/rp2_common/hardware_xosc/xosc.c.o
                0x10001eec                xosc_init
 .text.first_per_core_initializer
                0x10001f14        0x4 CMakeFiles/prog.dir/home/sebastiaan/Documents/ProtocolDIrectory/avr-pico-programmer-release/pico-sdk/src/rp2_common/pico_runtime/runtime.c.o
 .text.hard_assertion_failure
                0x10001f18        0xc CMakeFiles/prog.dir/home/sebastiaan/Documents/ProtocolDIrectory/avr-pico-programmer-release/pico-sdk/src/rp2_common/pico_runtime/runtime.c.o
                0x10001f18                hard_assertion_failure
 .text.runtime_run_initializers
                0x10001f24       0x28 CMakeFiles/prog.dir/home/sebastiaan/Documents/ProtocolDIrectory/avr-pico-programmer-release/pico-sdk/src/rp2_common/pico_runtime/runtime.c.o
                0x10001f24                runtime_run_initializers
 .text.runtime_init_early_resets
                0x10001f4c       0x2c CMakeFiles/prog.dir/home/sebastiaan/Documents/ProtocolDIrectory/avr-pico-programmer-release/pico-sdk/src/rp2_common/pico_runtime_init/runtime_init.c.o
                0x10001f4c                runtime_init_early_resets
 .text.runtime_init_usb_power_down
                0x10001f78       0x1c CMakeFiles/prog.dir/home/sebastiaan/Documents/ProtocolDIrectory/avr-pico-programmer-release/pico-sdk/src/rp2_common/pico_runtime_init/runtime_init.c.o
                0x10001f78                runtime_init_usb_power_down
 .text.runtime_init_post_clock_resets
                0x10001f94       0x20 CMakeFiles/prog.dir/home/sebastiaan/Documents/ProtocolDIrectory/avr-pico-programmer-release/pico-sdk/src/rp2_common/pico_runtime_init/runtime_init.c.o
                0x10001f94                runtime_init_post_clock_resets
 .text.runtime_init_rp2040_gpio_ie_disable
                0x10001fb4       0x14 CMakeFiles/prog.dir/home/sebastiaan/Documents/ProtocolDIrectory/avr-pico-programmer-release/pico-sdk/src/rp2_common/pico_runtime_init/runtime_init.c.o
                0x10001fb4                runtime_init_rp2040_gpio_ie_disable
 .text.runtime_init_spin_locks_reset
                0x10001fc8        0x8 CMakeFiles/prog.dir/home/sebastiaan/Documents/ProtocolDIrectory/avr-pico-programmer-release/pico-sdk/src/rp2_common/pico_runtime_init/runtime_init.c.o
                0x10001fc8                runtime_init_spin_locks_reset
 .text.runtime_init_install_ram_vector_table
                0x10001fd0       0xb4 CMakeFiles/prog.dir/home/sebastiaan/Documents/ProtocolDIrectory/avr-pico-programmer-release/pico-sdk/src/rp2_common/pico_runtime_init/runtime_init.c.o
                0x10001fd0                runtime_init_install_ram_vector_table
 .text.runtime_init_clocks
                0x10002084       0xd8 CMakeFiles/prog.dir/home/sebastiaan/Documents/ProtocolDIrectory/avr-pico-programmer-release/pico-sdk/src/rp2_common/pico_runtime_init/runtime_init_clocks.c.o
                0x10002084                runtime_init_clocks
 .text          0x1000215c       0x10 CMakeFiles/prog.dir/home/sebastiaan/Documents/ProtocolDIrectory/avr-pico-programmer-release/pico-sdk/src/rp2_common/pico_bit_ops/bit_ops_aeabi.S.o
 .text.__wrap___aeabi_uidiv
                0x1000216c       0x4c CMakeFiles/prog.dir/home/sebastiaan/Documents/ProtocolDIrectory/avr-pico-programmer-release/pico-sdk/src/rp2_common/pico_divider/divider_hardware.S.o
                0x1000216c                __wrap___aeabi_uidiv
                0x1000216c                __wrap___aeabi_uidivmod
                0x1000216c                div_u32u32
                0x1000216c                divmod_u32u32
                0x10002174                divmod_u32u32_unsafe
                0x1000219c                divmod_u32u32_savestate
 .text.__aeabi_double_init
                0x100021b8       0xa4 CMakeFiles/prog.dir/home/sebastiaan/Documents/ProtocolDIrectory/avr-pico-programmer-release/pico-sdk/src/rp2_common/pico_double/double_init_rom_rp2040.c.o
                0x100021b8                __aeabi_double_init
 .text.double_table_shim_on_use_helper
                0x1000225c       0x2c CMakeFiles/prog.dir/home/sebastiaan/Documents/ProtocolDIrectory/avr-pico-programmer-release/pico-sdk/src/rp2_common/pico_double/double_v1_rom_shim_rp2040.S.o
                0x1000225c                double_table_shim_on_use_helper
 .text.__aeabi_lmul
                0x10002288       0x32 CMakeFiles/prog.dir/home/sebastiaan/Documents/ProtocolDIrectory/avr-pico-programmer-release/pico-sdk/src/rp2_common/pico_int64_ops/pico_int64_ops_aeabi.S.o
                0x10002288                __wrap___aeabi_lmul
 *fill*         0x100022ba        0x2 
 .text.__aeabi_float_init
                0x100022bc       0x64 CMakeFiles/prog.dir/home/sebastiaan/Documents/ProtocolDIrectory/avr-pico-programmer-release/pico-sdk/src/rp2_common/pico_float/float_init_rom_rp2040.c.o
                0x100022bc                __aeabi_float_init
 .text.float_table_shim_on_use_helper
                0x10002320       0x2c CMakeFiles/prog.dir/home/sebastiaan/Documents/ProtocolDIrectory/avr-pico-programmer-release/pico-sdk/src/rp2_common/pico_float/float_v1_rom_shim_rp2040.S.o
                0x10002320                float_table_shim_on_use_helper
 .text          0x1000234c       0x10 CMakeFiles/prog.dir/home/sebastiaan/Documents/ProtocolDIrectory/avr-pico-programmer-release/pico-sdk/src/rp2_common/pico_mem_ops/mem_ops_aeabi.S.o
                0x1000234c                __aeabi_mem_init
 .text.memset   0x1000235c        0xc CMakeFiles/prog.dir/home/sebastiaan/Documents/ProtocolDIrectory/avr-pico-programmer-release/pico-sdk/src/rp2_common/pico_mem_ops/mem_ops_aeabi.S.o
                0x1000235c                __wrap_memset
 .text.memcpy   0x10002368        0xc CMakeFiles/prog.dir/home/sebastiaan/Documents/ProtocolDIrectory/avr-pico-programmer-release/pico-sdk/src/rp2_common/pico_mem_ops/mem_ops_aeabi.S.o
                0x10002368                __wrap___aeabi_memcpy
                0x10002368                __wrap_memcpy
 .text._out_char
                0x10002374       0x10 CMakeFiles/prog.dir/home/sebastiaan/Documents/ProtocolDIrectory/avr-pico-programmer-release/pico-sdk/src/rp2_common/pico_printf/printf.c.o
 .text.weak_raw_vprintf
                0x10002384       0x30 CMakeFiles/prog.dir/home/sebastiaan/Documents/ProtocolDIrectory/avr-pico-programmer-release/pico-sdk/src/rp2_common/pico_printf/printf.c.o
                0x10002384                weak_raw_vprintf
 .text._exit    0x100023b4        0x4 CMakeFiles/prog.dir/home/sebastiaan/Documents/ProtocolDIrectory/avr-pico-programmer-release/pico-sdk/src/rp2_common/pico_clib_interface/newlib_interface.c.o
                0x100023b4                _exit
 .text.exit     0x100023b8        0x8 CMakeFiles/prog.dir/home/sebastiaan/Documents/ProtocolDIrectory/avr-pico-programmer-release/pico-sdk/src/rp2_common/pico_clib_interface/newlib_interface.c.o
                0x100023b8                exit
 .text.runtime_init
                0x100023c0       0x2c CMakeFiles/prog.dir/home/sebastiaan/Documents/ProtocolDIrectory/avr-pico-programmer-release/pico-sdk/src/rp2_common/pico_clib_interface/newlib_interface.c.o
                0x100023c0                runtime_init
 .text.stdio_out_chars_no_crlf
                0x100023ec       0x10 CMakeFiles/prog.dir/home/sebastiaan/Documents/ProtocolDIrectory/avr-pico-programmer-release/pico-sdk/src/rp2_common/pico_stdio/stdio.c.o
 .text.stdio_out_chars_crlf
                0x100023fc       0x94 CMakeFiles/prog.dir/home/sebastiaan/Documents/ProtocolDIrectory/avr-pico-programmer-release/pico-sdk/src/rp2_common/pico_stdio/stdio.c.o
 .text.stdio_put_string
                0x10002490      0x100 CMakeFiles/prog.dir/home/sebastiaan/Documents/ProtocolDIrectory/avr-pico-programmer-release/pico-sdk/src/rp2_common/pico_stdio/stdio.c.o
                0x10002490                stdio_put_string
 .text.stdio_set_driver_enabled
                0x10002590       0x30 CMakeFiles/prog.dir/home/sebastiaan/Documents/ProtocolDIrectory/avr-pico-programmer-release/pico-sdk/src/rp2_common/pico_stdio/stdio.c.o
                0x10002590                stdio_set_driver_enabled
 .text.stdio_init_all
                0x100025c0        0xc CMakeFiles/prog.dir/home/sebastiaan/Documents/ProtocolDIrectory/avr-pico-programmer-release/pico-sdk/src/rp2_common/pico_stdio/stdio.c.o
                0x100025c0                stdio_init_all
 .text.__wrap_putchar
                0x100025cc       0x98 CMakeFiles/prog.dir/home/sebastiaan/Documents/ProtocolDIrectory/avr-pico-programmer-release/pico-sdk/src/rp2_common/pico_stdio/stdio.c.o
                0x100025cc                stdio_putchar
                0x100025cc                __wrap_putchar
 .text.__wrap_puts
                0x10002664       0x3c CMakeFiles/prog.dir/home/sebastiaan/Documents/ProtocolDIrectory/avr-pico-programmer-release/pico-sdk/src/rp2_common/pico_stdio/stdio.c.o
                0x10002664                __wrap_puts
                0x10002664                stdio_puts
 .text.stdio_uart_out_chars
                0x100026a0       0x4c CMakeFiles/prog.dir/home/sebastiaan/Documents/ProtocolDIrectory/avr-pico-programmer-release/pico-sdk/src/rp2_common/pico_stdio_uart/stdio_uart.c.o
 .text.stdio_uart_in_chars
                0x100026ec       0x90 CMakeFiles/prog.dir/home/sebastiaan/Documents/ProtocolDIrectory/avr-pico-programmer-release/pico-sdk/src/rp2_common/pico_stdio_uart/stdio_uart.c.o
                0x100026ec                stdio_uart_in_chars
 .text.on_uart_rx
                0x1000277c       0x28 CMakeFiles/prog.dir/home/sebastiaan/Documents/ProtocolDIrectory/avr-pico-programmer-release/pico-sdk/src/rp2_common/pico_stdio_uart/stdio_uart.c.o
 .text.stdio_uart_out_flush
                0x100027a4       0x14 CMakeFiles/prog.dir/home/sebastiaan/Documents/ProtocolDIrectory/avr-pico-programmer-release/pico-sdk/src/rp2_common/pico_stdio_uart/stdio_uart.c.o
 .text.stdio_uart_set_chars_available_callback
                0x100027b8       0x84 CMakeFiles/prog.dir/home/sebastiaan/Documents/ProtocolDIrectory/avr-pico-programmer-release/pico-sdk/src/rp2_common/pico_stdio_uart/stdio_uart.c.o
 .text.stdio_uart_init
                0x1000283c       0x50 CMakeFiles/prog.dir/home/sebastiaan/Documents/ProtocolDIrectory/avr-pico-programmer-release/pico-sdk/src/rp2_common/pico_stdio_uart/stdio_uart.c.o
                0x1000283c                stdio_uart_init
 .text.spi_init
                0x1000288c      0x13c CMakeFiles/prog.dir/home/sebastiaan/Documents/ProtocolDIrectory/avr-pico-programmer-release/pico-sdk/src/rp2_common/hardware_spi/spi.c.o
                0x1000288c                spi_init
 .text.dcd_init
                0x100029c8       0x90 CMakeFiles/prog.dir/home/sebastiaan/Documents/ProtocolDIrectory/avr-pico-programmer-release/pico-sdk/lib/tinyusb/src/portable/raspberrypi/rp2040/dcd_rp2040.c.o
                0x100029c8                dcd_init
 .text.dcd_int_enable
                0x10002a58        0xc CMakeFiles/prog.dir/home/sebastiaan/Documents/ProtocolDIrectory/avr-pico-programmer-release/pico-sdk/lib/tinyusb/src/portable/raspberrypi/rp2040/dcd_rp2040.c.o
                0x10002a58                dcd_int_enable
 .text.dcd_set_address
                0x10002a64       0x14 CMakeFiles/prog.dir/home/sebastiaan/Documents/ProtocolDIrectory/avr-pico-programmer-release/pico-sdk/lib/tinyusb/src/portable/raspberrypi/rp2040/dcd_rp2040.c.o
                0x10002a64                dcd_set_address
 .text.dcd_sof_enable
                0x10002a78       0x1c CMakeFiles/prog.dir/home/sebastiaan/Documents/ProtocolDIrectory/avr-pico-programmer-release/pico-sdk/lib/tinyusb/src/portable/raspberrypi/rp2040/dcd_rp2040.c.o
                0x10002a78                dcd_sof_enable
 .text.dcd_edpt0_status_complete
                0x10002a94       0x1c CMakeFiles/prog.dir/home/sebastiaan/Documents/ProtocolDIrectory/avr-pico-programmer-release/pico-sdk/lib/tinyusb/src/portable/raspberrypi/rp2040/dcd_rp2040.c.o
                0x10002a94                dcd_edpt0_status_complete
 .text.dcd_edpt_open
                0x10002ab0      0x114 CMakeFiles/prog.dir/home/sebastiaan/Documents/ProtocolDIrectory/avr-pico-programmer-release/pico-sdk/lib/tinyusb/src/portable/raspberrypi/rp2040/dcd_rp2040.c.o
                0x10002ab0                dcd_edpt_open
 .text.dcd_edpt_close_all
                0x10002bc4        0x8 CMakeFiles/prog.dir/home/sebastiaan/Documents/ProtocolDIrectory/avr-pico-programmer-release/pico-sdk/lib/tinyusb/src/portable/raspberrypi/rp2040/dcd_rp2040.c.o
                0x10002bc4                dcd_edpt_close_all
 .text.dcd_edpt_xfer
                0x10002bcc       0x24 CMakeFiles/prog.dir/home/sebastiaan/Documents/ProtocolDIrectory/avr-pico-programmer-release/pico-sdk/lib/tinyusb/src/portable/raspberrypi/rp2040/dcd_rp2040.c.o
                0x10002bcc                dcd_edpt_xfer
 .text.dcd_edpt_stall
                0x10002bf0       0x34 CMakeFiles/prog.dir/home/sebastiaan/Documents/ProtocolDIrectory/avr-pico-programmer-release/pico-sdk/lib/tinyusb/src/portable/raspberrypi/rp2040/dcd_rp2040.c.o
                0x10002bf0                dcd_edpt_stall
 .text.dcd_edpt_clear_stall
                0x10002c24       0x30 CMakeFiles/prog.dir/home/sebastiaan/Documents/ProtocolDIrectory/avr-pico-programmer-release/pico-sdk/lib/tinyusb/src/portable/raspberrypi/rp2040/dcd_rp2040.c.o
                0x10002c24                dcd_edpt_clear_stall
 .text.rp2040_usb_init
                0x10002c54       0x40 CMakeFiles/prog.dir/home/sebastiaan/Documents/ProtocolDIrectory/avr-pico-programmer-release/pico-sdk/lib/tinyusb/src/portable/raspberrypi/rp2040/rp2040_usb.c.o
                0x10002c54                rp2040_usb_init
 .text.hw_endpoint_xfer_start
                0x10002c94       0x40 CMakeFiles/prog.dir/home/sebastiaan/Documents/ProtocolDIrectory/avr-pico-programmer-release/pico-sdk/lib/tinyusb/src/portable/raspberrypi/rp2040/rp2040_usb.c.o
                0x10002c94                hw_endpoint_xfer_start
 .text.tud_vendor_control_xfer_cb
                0x10002cd4        0x4 CMakeFiles/prog.dir/home/sebastiaan/Documents/ProtocolDIrectory/avr-pico-programmer-release/pico-sdk/lib/tinyusb/src/device/usbd.c.o
                0x10002cd4                tud_vendor_control_xfer_cb
 .text.tud_event_hook_cb
                0x10002cd8        0x4 CMakeFiles/prog.dir/home/sebastiaan/Documents/ProtocolDIrectory/avr-pico-programmer-release/pico-sdk/lib/tinyusb/src/device/usbd.c.o
                0x10002cd8                tud_event_hook_cb
 .text.tud_sof_cb
                0x10002cdc        0x4 CMakeFiles/prog.dir/home/sebastiaan/Documents/ProtocolDIrectory/avr-pico-programmer-release/pico-sdk/lib/tinyusb/src/device/usbd.c.o
                0x10002cdc                tud_sof_cb
 .text.tud_descriptor_bos_cb
                0x10002ce0        0x4 CMakeFiles/prog.dir/home/sebastiaan/Documents/ProtocolDIrectory/avr-pico-programmer-release/pico-sdk/lib/tinyusb/src/device/usbd.c.o
                0x10002ce0                tud_descriptor_bos_cb
 .text.tud_descriptor_device_qualifier_cb
                0x10002ce4        0x4 CMakeFiles/prog.dir/home/sebastiaan/Documents/ProtocolDIrectory/avr-pico-programmer-release/pico-sdk/lib/tinyusb/src/device/usbd.c.o
                0x10002ce4                tud_descriptor_device_qualifier_cb
 .text.tud_descriptor_other_speed_configuration_cb
                0x10002ce8        0x4 CMakeFiles/prog.dir/home/sebastiaan/Documents/ProtocolDIrectory/avr-pico-programmer-release/pico-sdk/lib/tinyusb/src/device/usbd.c.o
                0x10002ce8                tud_descriptor_other_speed_configuration_cb
 .text.tud_mount_cb
                0x10002cec        0x4 CMakeFiles/prog.dir/home/sebastiaan/Documents/ProtocolDIrectory/avr-pico-programmer-release/pico-sdk/lib/tinyusb/src/device/usbd.c.o
                0x10002cec                tud_mount_cb
 .text.tud_umount_cb
                0x10002cf0        0x4 CMakeFiles/prog.dir/home/sebastiaan/Documents/ProtocolDIrectory/avr-pico-programmer-release/pico-sdk/lib/tinyusb/src/device/usbd.c.o
                0x10002cf0                tud_umount_cb
 .text.tud_suspend_cb
                0x10002cf4        0x4 CMakeFiles/prog.dir/home/sebastiaan/Documents/ProtocolDIrectory/avr-pico-programmer-release/pico-sdk/lib/tinyusb/src/device/usbd.c.o
                0x10002cf4                tud_suspend_cb
 .text.tud_resume_cb
                0x10002cf8        0x4 CMakeFiles/prog.dir/home/sebastiaan/Documents/ProtocolDIrectory/avr-pico-programmer-release/pico-sdk/lib/tinyusb/src/device/usbd.c.o
                0x10002cf8                tud_resume_cb
 .text.tud_mounted
                0x10002cfc       0x10 CMakeFiles/prog.dir/home/sebastiaan/Documents/ProtocolDIrectory/avr-pico-programmer-release/pico-sdk/lib/tinyusb/src/device/usbd.c.o
                0x10002cfc                tud_mounted
 .text.tud_suspended
                0x10002d0c       0x10 CMakeFiles/prog.dir/home/sebastiaan/Documents/ProtocolDIrectory/avr-pico-programmer-release/pico-sdk/lib/tinyusb/src/device/usbd.c.o
                0x10002d0c                tud_suspended
 .text.tud_rhport_init
                0x10002d1c       0xf4 CMakeFiles/prog.dir/home/sebastiaan/Documents/ProtocolDIrectory/avr-pico-programmer-release/pico-sdk/lib/tinyusb/src/device/usbd.c.o
                0x10002d1c                tud_rhport_init
 .text.tud_task_ext
                0x10002e10      0x7d8 CMakeFiles/prog.dir/home/sebastiaan/Documents/ProtocolDIrectory/avr-pico-programmer-release/pico-sdk/lib/tinyusb/src/device/usbd.c.o
                0x10002e10                tud_task_ext
 .text.usbd_open_edpt_pair
                0x100035e8       0x9c CMakeFiles/prog.dir/home/sebastiaan/Documents/ProtocolDIrectory/avr-pico-programmer-release/pico-sdk/lib/tinyusb/src/device/usbd.c.o
                0x100035e8                usbd_open_edpt_pair
 .text.usbd_edpt_open
                0x10003684       0x34 CMakeFiles/prog.dir/home/sebastiaan/Documents/ProtocolDIrectory/avr-pico-programmer-release/pico-sdk/lib/tinyusb/src/device/usbd.c.o
                0x10003684                usbd_edpt_open
 .text.usbd_edpt_claim
                0x100036b8       0x28 CMakeFiles/prog.dir/home/sebastiaan/Documents/ProtocolDIrectory/avr-pico-programmer-release/pico-sdk/lib/tinyusb/src/device/usbd.c.o
                0x100036b8                usbd_edpt_claim
 .text.usbd_edpt_release
                0x100036e0       0x28 CMakeFiles/prog.dir/home/sebastiaan/Documents/ProtocolDIrectory/avr-pico-programmer-release/pico-sdk/lib/tinyusb/src/device/usbd.c.o
                0x100036e0                usbd_edpt_release
 .text.usbd_edpt_xfer
                0x10003708       0x4c CMakeFiles/prog.dir/home/sebastiaan/Documents/ProtocolDIrectory/avr-pico-programmer-release/pico-sdk/lib/tinyusb/src/device/usbd.c.o
                0x10003708                usbd_edpt_xfer
 .text.tud_control_status
                0x10003754       0x2c CMakeFiles/prog.dir/home/sebastiaan/Documents/ProtocolDIrectory/avr-pico-programmer-release/pico-sdk/lib/tinyusb/src/device/usbd_control.c.o
                0x10003754                tud_control_status
 .text.tud_control_xfer
                0x10003780       0xac CMakeFiles/prog.dir/home/sebastiaan/Documents/ProtocolDIrectory/avr-pico-programmer-release/pico-sdk/lib/tinyusb/src/device/usbd_control.c.o
                0x10003780                tud_control_xfer
 .text.usbd_control_reset
                0x1000382c       0x14 CMakeFiles/prog.dir/home/sebastiaan/Documents/ProtocolDIrectory/avr-pico-programmer-release/pico-sdk/lib/tinyusb/src/device/usbd_control.c.o
                0x1000382c                usbd_control_reset
 .text.usbd_control_set_complete_callback
                0x10003840        0xc CMakeFiles/prog.dir/home/sebastiaan/Documents/ProtocolDIrectory/avr-pico-programmer-release/pico-sdk/lib/tinyusb/src/device/usbd_control.c.o
                0x10003840                usbd_control_set_complete_callback
 .text.usbd_control_set_request
                0x1000384c       0x1c CMakeFiles/prog.dir/home/sebastiaan/Documents/ProtocolDIrectory/avr-pico-programmer-release/pico-sdk/lib/tinyusb/src/device/usbd_control.c.o
                0x1000384c                usbd_control_set_request
 .text.usbd_control_xfer_cb
                0x10003868       0xec CMakeFiles/prog.dir/home/sebastiaan/Documents/ProtocolDIrectory/avr-pico-programmer-release/pico-sdk/lib/tinyusb/src/device/usbd_control.c.o
                0x10003868                usbd_control_xfer_cb
 .text._prep_out_transaction.isra.0
                0x10003954       0x74 CMakeFiles/prog.dir/home/sebastiaan/Documents/ProtocolDIrectory/avr-pico-programmer-release/pico-sdk/lib/tinyusb/src/class/cdc/cdc_device.c.o
 .text.tud_cdc_n_connected
                0x100039c8       0x34 CMakeFiles/prog.dir/home/sebastiaan/Documents/ProtocolDIrectory/avr-pico-programmer-release/pico-sdk/lib/tinyusb/src/class/cdc/cdc_device.c.o
                0x100039c8                tud_cdc_n_connected
 .text.tud_cdc_n_available
                0x100039fc       0x1c CMakeFiles/prog.dir/home/sebastiaan/Documents/ProtocolDIrectory/avr-pico-programmer-release/pico-sdk/lib/tinyusb/src/class/cdc/cdc_device.c.o
                0x100039fc                tud_cdc_n_available
 .text.tud_cdc_n_read
                0x10003a18       0xa0 CMakeFiles/prog.dir/home/sebastiaan/Documents/ProtocolDIrectory/avr-pico-programmer-release/pico-sdk/lib/tinyusb/src/class/cdc/cdc_device.c.o
                0x10003a18                tud_cdc_n_read
 .text.tud_cdc_n_write_flush
                0x10003ab8       0x7c CMakeFiles/prog.dir/home/sebastiaan/Documents/ProtocolDIrectory/avr-pico-programmer-release/pico-sdk/lib/tinyusb/src/class/cdc/cdc_device.c.o
                0x10003ab8                tud_cdc_n_write_flush
 .text.tud_cdc_n_write
                0x10003b34       0x44 CMakeFiles/prog.dir/home/sebastiaan/Documents/ProtocolDIrectory/avr-pico-programmer-release/pico-sdk/lib/tinyusb/src/class/cdc/cdc_device.c.o
                0x10003b34                tud_cdc_n_write
 .text.cdcd_init
                0x10003b78       0x7c CMakeFiles/prog.dir/home/sebastiaan/Documents/ProtocolDIrectory/avr-pico-programmer-release/pico-sdk/lib/tinyusb/src/class/cdc/cdc_device.c.o
                0x10003b78                cdcd_init
 .text.cdcd_deinit
                0x10003bf4       0x34 CMakeFiles/prog.dir/home/sebastiaan/Documents/ProtocolDIrectory/avr-pico-programmer-release/pico-sdk/lib/tinyusb/src/class/cdc/cdc_device.c.o
                0x10003bf4                cdcd_deinit
 .text.cdcd_reset
                0x10003c28       0x4c CMakeFiles/prog.dir/home/sebastiaan/Documents/ProtocolDIrectory/avr-pico-programmer-release/pico-sdk/lib/tinyusb/src/class/cdc/cdc_device.c.o
                0x10003c28                cdcd_reset
 .text.cdcd_open
                0x10003c74       0xa8 CMakeFiles/prog.dir/home/sebastiaan/Documents/ProtocolDIrectory/avr-pico-programmer-release/pico-sdk/lib/tinyusb/src/class/cdc/cdc_device.c.o
                0x10003c74                cdcd_open
 .text.cdcd_control_xfer_cb
                0x10003d1c       0xe8 CMakeFiles/prog.dir/home/sebastiaan/Documents/ProtocolDIrectory/avr-pico-programmer-release/pico-sdk/lib/tinyusb/src/class/cdc/cdc_device.c.o
                0x10003d1c                cdcd_control_xfer_cb
 .text.cdcd_xfer_cb
                0x10003e04      0x100 CMakeFiles/prog.dir/home/sebastiaan/Documents/ProtocolDIrectory/avr-pico-programmer-release/pico-sdk/lib/tinyusb/src/class/cdc/cdc_device.c.o
                0x10003e04                cdcd_xfer_cb
 .text.tusb_rhport_init
                0x10003f04       0x48 CMakeFiles/prog.dir/home/sebastiaan/Documents/ProtocolDIrectory/avr-pico-programmer-release/pico-sdk/lib/tinyusb/src/tusb.c.o
                0x10003f04                tusb_rhport_init
 .text.tu_edpt_claim
                0x10003f4c       0x50 CMakeFiles/prog.dir/home/sebastiaan/Documents/ProtocolDIrectory/avr-pico-programmer-release/pico-sdk/lib/tinyusb/src/tusb.c.o
                0x10003f4c                tu_edpt_claim
 .text.tu_edpt_release
                0x10003f9c       0x38 CMakeFiles/prog.dir/home/sebastiaan/Documents/ProtocolDIrectory/avr-pico-programmer-release/pico-sdk/lib/tinyusb/src/tusb.c.o
                0x10003f9c                tu_edpt_release
 .text.tu_edpt_validate
                0x10003fd4       0x7c CMakeFiles/prog.dir/home/sebastiaan/Documents/ProtocolDIrectory/avr-pico-programmer-release/pico-sdk/lib/tinyusb/src/tusb.c.o
                0x10003fd4                tu_edpt_validate
 .text.tu_edpt_bind_driver
                0x10004050       0x34 CMakeFiles/prog.dir/home/sebastiaan/Documents/ProtocolDIrectory/avr-pico-programmer-release/pico-sdk/lib/tinyusb/src/tusb.c.o
                0x10004050                tu_edpt_bind_driver
 .text.tu_fifo_config
                0x10004084       0x6c CMakeFiles/prog.dir/home/sebastiaan/Documents/ProtocolDIrectory/avr-pico-programmer-release/pico-sdk/lib/tinyusb/src/common/tusb_fifo.c.o
                0x10004084                tu_fifo_config
 .text.tu_fifo_count
                0x100040f0       0x2c CMakeFiles/prog.dir/home/sebastiaan/Documents/ProtocolDIrectory/avr-pico-programmer-release/pico-sdk/lib/tinyusb/src/common/tusb_fifo.c.o
                0x100040f0                tu_fifo_count
 .text.tu_fifo_empty
                0x1000411c       0x10 CMakeFiles/prog.dir/home/sebastiaan/Documents/ProtocolDIrectory/avr-pico-programmer-release/pico-sdk/lib/tinyusb/src/common/tusb_fifo.c.o
                0x1000411c                tu_fifo_empty
 .text.tu_fifo_remaining
                0x1000412c       0x2c CMakeFiles/prog.dir/home/sebastiaan/Documents/ProtocolDIrectory/avr-pico-programmer-release/pico-sdk/lib/tinyusb/src/common/tusb_fifo.c.o
                0x1000412c                tu_fifo_remaining
 .text.tu_fifo_read
                0x10004158       0x9c CMakeFiles/prog.dir/home/sebastiaan/Documents/ProtocolDIrectory/avr-pico-programmer-release/pico-sdk/lib/tinyusb/src/common/tusb_fifo.c.o
                0x10004158                tu_fifo_read
 .text.tu_fifo_read_n
                0x100041f4       0xe8 CMakeFiles/prog.dir/home/sebastiaan/Documents/ProtocolDIrectory/avr-pico-programmer-release/pico-sdk/lib/tinyusb/src/common/tusb_fifo.c.o
                0x100041f4                tu_fifo_read_n
 .text.tu_fifo_write
                0x100042dc       0xa8 CMakeFiles/prog.dir/home/sebastiaan/Documents/ProtocolDIrectory/avr-pico-programmer-release/pico-sdk/lib/tinyusb/src/common/tusb_fifo.c.o
                0x100042dc                tu_fifo_write
 .text.tu_fifo_write_n
                0x10004384      0x178 CMakeFiles/prog.dir/home/sebastiaan/Documents/ProtocolDIrectory/avr-pico-programmer-release/pico-sdk/lib/tinyusb/src/common/tusb_fifo.c.o
                0x10004384                tu_fifo_write_n
 .text.tu_fifo_clear
                0x100044fc       0x40 CMakeFiles/prog.dir/home/sebastiaan/Documents/ProtocolDIrectory/avr-pico-programmer-release/pico-sdk/lib/tinyusb/src/common/tusb_fifo.c.o
                0x100044fc                tu_fifo_clear
 .text.tu_fifo_set_overwritable
                0x1000453c       0x48 CMakeFiles/prog.dir/home/sebastiaan/Documents/ProtocolDIrectory/avr-pico-programmer-release/pico-sdk/lib/tinyusb/src/common/tusb_fifo.c.o
                0x1000453c                tu_fifo_set_overwritable
 .text.startup._retrieve_unique_id_on_boot
                0x10004584       0x10 CMakeFiles/prog.dir/home/sebastiaan/Documents/ProtocolDIrectory/avr-pico-programmer-release/pico-sdk/src/rp2_common/pico_unique_id/unique_id.c.o
 .text.flash_get_unique_id
                0x10004594       0x3c CMakeFiles/prog.dir/home/sebastiaan/Documents/ProtocolDIrectory/avr-pico-programmer-release/pico-sdk/src/rp2_common/hardware_flash/flash.c.o
                0x10004594                flash_get_unique_id
 .text          0x100045d0       0x74 /usr/lib/gcc/arm-none-eabi/13.2.1/../../../arm-none-eabi/lib/thumb/v6-m/nofp/libg.a(libc_a-memchr-stub.o)
                0x100045d0                memchr
 .text          0x10004644       0xb0 /usr/lib/gcc/arm-none-eabi/13.2.1/../../../arm-none-eabi/lib/thumb/v6-m/nofp/libg.a(libc_a-memmove.o)
                0x10004644                memmove
 .text          0x100046f4       0x10 /usr/lib/gcc/arm-none-eabi/13.2.1/../../../arm-none-eabi/lib/thumb/v6-m/nofp/libg.a(libc_a-atexit.o)
                0x100046f4                atexit
 .text          0x10004704       0x5c /usr/lib/gcc/arm-none-eabi/13.2.1/../../../arm-none-eabi/lib/thumb/v6-m/nofp/libg.a(libc_a-strlen-stub.o)
                0x10004704                strlen
 .text          0x10004760       0x28 /usr/lib/gcc/arm-none-eabi/13.2.1/../../../arm-none-eabi/lib/thumb/v6-m/nofp/libg.a(libc_a-fini.o)
                0x10004760                __libc_fini_array
 .text          0x10004788       0x78 /usr/lib/gcc/arm-none-eabi/13.2.1/../../../arm-none-eabi/lib/thumb/v6-m/nofp/libg.a(libc_a-__atexit.o)
                0x10004788                __register_exitproc
 .text.startup  0x10004800       0x18 /usr/lib/gcc/arm-none-eabi/13.2.1/../../../arm-none-eabi/lib/thumb/v6-m/nofp/libg.a(libc_a-__call_atexit.o)
 *(.fini)
 .fini          0x10004818        0x4 /usr/lib/gcc/arm-none-eabi/13.2.1/thumb/v6-m/nofp/crti.o
                0x10004818                _fini
 *fill*         0x1000481c        0x4 
 .fini.__stub   0x10004820       0xb0 linker stubs
 *crtbegin.o(.ctors)
 *crtbegin?.o(.ctors)
 *(EXCLUDE_FILE(*crtend.o *crtend?.o) .ctors)
 *(SORT_BY_NAME(.ctors.*))
 *(.ctors)
 *crtbegin.o(.dtors)
 *crtbegin?.o(.dtors)
 *(EXCLUDE_FILE(*crtend.o *crtend?.o) .dtors)
 *(SORT_BY_NAME(.dtors.*))
 *(.dtors)
                0x100048d0                        . = ALIGN (0x4)
                0x100048d0                        PROVIDE (__preinit_array_start = .)
 *(SORT_BY_NAME(.preinit_array.*))
 .preinit_array.00100
                0x100048d0        0x4 CMakeFiles/prog.dir/home/sebastiaan/Documents/ProtocolDIrectory/avr-pico-programmer-release/pico-sdk/src/rp2_common/pico_runtime_init/runtime_init.c.o
                0x100048d0                __pre_init_runtime_init_early_resets
 .preinit_array.00101
                0x100048d4        0x4 CMakeFiles/prog.dir/home/sebastiaan/Documents/ProtocolDIrectory/avr-pico-programmer-release/pico-sdk/src/rp2_common/pico_runtime_init/runtime_init.c.o
                0x100048d4                __pre_init_runtime_init_usb_power_down
 .preinit_array.00275
                0x100048d8        0x4 CMakeFiles/prog.dir/home/sebastiaan/Documents/ProtocolDIrectory/avr-pico-programmer-release/pico-sdk/src/rp2_common/pico_bit_ops/bit_ops_aeabi.S.o
 .preinit_array.00300
                0x100048dc        0x4 CMakeFiles/prog.dir/home/sebastiaan/Documents/ProtocolDIrectory/avr-pico-programmer-release/pico-sdk/src/rp2_common/pico_mem_ops/mem_ops_aeabi.S.o
 .preinit_array.00350
                0x100048e0        0x4 CMakeFiles/prog.dir/home/sebastiaan/Documents/ProtocolDIrectory/avr-pico-programmer-release/pico-sdk/src/rp2_common/pico_double/double_aeabi_rp2040.S.o
 .preinit_array.00350
                0x100048e4        0x4 CMakeFiles/prog.dir/home/sebastiaan/Documents/ProtocolDIrectory/avr-pico-programmer-release/pico-sdk/src/rp2_common/pico_float/float_aeabi_rp2040.S.o
 .preinit_array.00500
                0x100048e8        0x4 CMakeFiles/prog.dir/home/sebastiaan/Documents/ProtocolDIrectory/avr-pico-programmer-release/pico-sdk/src/rp2_common/pico_runtime_init/runtime_init.c.o
                0x100048e8                __pre_init_runtime_init_clocks
 .preinit_array.00600
                0x100048ec        0x4 CMakeFiles/prog.dir/home/sebastiaan/Documents/ProtocolDIrectory/avr-pico-programmer-release/pico-sdk/src/rp2_common/pico_runtime_init/runtime_init.c.o
                0x100048ec                __pre_init_runtime_init_post_clock_resets
 .preinit_array.00700
                0x100048f0        0x4 CMakeFiles/prog.dir/home/sebastiaan/Documents/ProtocolDIrectory/avr-pico-programmer-release/pico-sdk/src/rp2_common/pico_runtime_init/runtime_init.c.o
                0x100048f0                __pre_init_runtime_init_rp2040_gpio_ie_disable
 .preinit_array.01000
                0x100048f4        0x4 CMakeFiles/prog.dir/home/sebastiaan/Documents/ProtocolDIrectory/avr-pico-programmer-release/pico-sdk/src/rp2_common/pico_runtime_init/runtime_init.c.o
                0x100048f4                __pre_init_runtime_init_spin_locks_reset
 .preinit_array.01100
                0x100048f8        0x4 CMakeFiles/prog.dir/home/sebastiaan/Documents/ProtocolDIrectory/avr-pico-programmer-release/pico-sdk/src/common/pico_sync/mutex.c.o
                0x100048f8                __pre_init_runtime_init_mutex
 .preinit_array.10080
                0x100048fc        0x4 CMakeFiles/prog.dir/home/sebastiaan/Documents/ProtocolDIrectory/avr-pico-programmer-release/pico-sdk/src/rp2_common/pico_runtime_init/runtime_init.c.o
                0x100048fc                __pre_init_runtime_init_install_ram_vector_table
 .preinit_array.11000
                0x10004900        0x4 CMakeFiles/prog.dir/home/sebastiaan/Documents/ProtocolDIrectory/avr-pico-programmer-release/pico-sdk/src/common/pico_time/time.c.o
                0x10004900                __pre_init_runtime_init_default_alarm_pool
 .preinit_array.YYYYY
                0x10004904        0x4 CMakeFiles/prog.dir/home/sebastiaan/Documents/ProtocolDIrectory/avr-pico-programmer-release/pico-sdk/src/rp2_common/pico_runtime/runtime.c.o
                0x10004904                __pre_init_first_per_core_initializer
 .preinit_array.ZZZZZ.01200
                0x10004908        0x4 CMakeFiles/prog.dir/home/sebastiaan/Documents/ProtocolDIrectory/avr-pico-programmer-release/pico-sdk/src/rp2_common/hardware_irq/irq.c.o
                0x10004908                __pre_init_runtime_init_per_core_irq_priorities
 *(.preinit_array)
                0x1000490c                        PROVIDE (__preinit_array_end = .)
                0x1000490c                        . = ALIGN (0x4)
                0x1000490c                        PROVIDE (__init_array_start = .)
 *(SORT_BY_NAME(.init_array.*))
 .init_array.00000
                0x1000490c        0x4 /usr/lib/gcc/arm-none-eabi/13.2.1/../../../arm-none-eabi/lib/thumb/v6-m/nofp/libg.a(libc_a-__call_atexit.o)
 .init_array.01000
                0x10004910        0x4 CMakeFiles/prog.dir/home/sebastiaan/Documents/ProtocolDIrectory/avr-pico-programmer-release/pico-sdk/src/rp2_common/pico_unique_id/unique_id.c.o
 *(.init_array)
 .init_array    0x10004914        0x4 /usr/lib/gcc/arm-none-eabi/13.2.1/thumb/v6-m/nofp/crtbegin.o
                0x10004918                        PROVIDE (__init_array_end = .)
                0x10004918                        . = ALIGN (0x4)
                0x10004918                        PROVIDE (__fini_array_start = .)
 *(SORT_BY_NAME(.fini_array.*))
 *(.fini_array)
                0x10004918                        PROVIDE (__fini_array_end = .)
 *(.eh_frame*)
 .eh_frame      0x10004918        0x0 /usr/lib/gcc/arm-none-eabi/13.2.1/thumb/v6-m/nofp/crtbegin.o
                0x10004918                        . = ALIGN (0x4)

.glue_7         0x10004918        0x0
 .glue_7        0x10004918        0x0 linker stubs

.glue_7t        0x10004918        0x0
 .glue_7t       0x10004918        0x0 linker stubs

.vfp11_veneer   0x10004918        0x0
 .vfp11_veneer  0x10004918        0x0 linker stubs

.v4_bx          0x10004918        0x0
 .v4_bx         0x10004918        0x0 linker stubs

.iplt           0x10004918        0x0
 .iplt          0x10004918        0x0 /usr/lib/gcc/arm-none-eabi/13.2.1/thumb/v6-m/nofp/crtbegin.o

.rodata         0x10004918      0x630
 *(EXCLUDE_FILE(*libm.a: *libc.a:*lib_a-mem*.o *libgcc.a:) .rodata*)
 .rodata.avr_erase_memory.str1.4
                0x10004918      0x20c CMakeFiles/prog.dir/avrprog.c.o
                                 0xa2 (size before relaxing)
 .rodata.str1.4
                0x10004b24       0x15 CMakeFiles/prog.dir/avr_devices.c.o
 .rodata.devices
                0x10004b24       0x20 CMakeFiles/prog.dir/avr_devices.c.o
 .rodata.stk500v1_feed
                0x10004b44      0x230 CMakeFiles/prog.dir/stk500v1.c.o
 .rodata.CSWTCH.37
                0x10004d74        0x3 CMakeFiles/prog.dir/stk500v1.c.o
 *fill*         0x10004d77        0x1 
 .rodata.sign_on.0
                0x10004d78        0x7 CMakeFiles/prog.dir/stk500v1.c.o
 .rodata.str1.4
                0x10004d7f       0x24 CMakeFiles/prog.dir/usb_descriptors.c.o
 *fill*         0x10004d7f        0x1 
 .rodata.string_desc_arr
                0x10004d80       0x14 CMakeFiles/prog.dir/usb_descriptors.c.o
 .rodata.__compound_literal.0
                0x10004d94        0x2 CMakeFiles/prog.dir/usb_descriptors.c.o
 *fill*         0x10004d96        0x2 
 .rodata.desc_fs_configuration
                0x10004d98       0x4b CMakeFiles/prog.dir/usb_descriptors.c.o
 *fill*         0x10004de3        0x1 
 .rodata.desc_device
                0x10004de4       0x12 CMakeFiles/prog.dir/usb_descriptors.c.o
 .rodata.panic.str1.4
                0x10004df6       0x12 CMakeFiles/prog.dir/home/sebastiaan/Documents/ProtocolDIrectory/avr-pico-programmer-release/pico-sdk/src/rp2_common/pico_platform_panic/panic.c.o
 .rodata.spin_lock_claim_unused.str1.4
                0x10004df6       0x1b CMakeFiles/prog.dir/home/sebastiaan/Documents/ProtocolDIrectory/avr-pico-programmer-release/pico-sdk/src/rp2_common/hardware_sync/sync.c.o
 .rodata.timer_hardware_alarm_claim.str1.4
                0x10004df6       0x22 CMakeFiles/prog.dir/home/sebastiaan/Documents/ProtocolDIrectory/avr-pico-programmer-release/pico-sdk/src/rp2_common/hardware_timer/timer.c.o
 .rodata.hard_assertion_failure.str1.4
                0x10004df6        0xc CMakeFiles/prog.dir/home/sebastiaan/Documents/ProtocolDIrectory/avr-pico-programmer-release/pico-sdk/src/rp2_common/pico_runtime/runtime.c.o
 .rodata.str1.4
                0x10004df6       0x3c CMakeFiles/prog.dir/home/sebastiaan/Documents/ProtocolDIrectory/avr-pico-programmer-release/pico-sdk/src/rp2_common/pico_standard_binary_info/standard_binary_info.c.o
 *fill*         0x10004df6        0x2 
 .rodata.__bi_84
                0x10004df8        0xc CMakeFiles/prog.dir/home/sebastiaan/Documents/ProtocolDIrectory/avr-pico-programmer-release/pico-sdk/src/rp2_common/pico_standard_binary_info/standard_binary_info.c.o
 .rodata.__bi_78
                0x10004e04        0xc CMakeFiles/prog.dir/home/sebastiaan/Documents/ProtocolDIrectory/avr-pico-programmer-release/pico-sdk/src/rp2_common/pico_standard_binary_info/standard_binary_info.c.o
 .rodata.__bi_54
                0x10004e10        0xc CMakeFiles/prog.dir/home/sebastiaan/Documents/ProtocolDIrectory/avr-pico-programmer-release/pico-sdk/src/rp2_common/pico_standard_binary_info/standard_binary_info.c.o
 .rodata.__bi_48
                0x10004e1c        0xc CMakeFiles/prog.dir/home/sebastiaan/Documents/ProtocolDIrectory/avr-pico-programmer-release/pico-sdk/src/rp2_common/pico_standard_binary_info/standard_binary_info.c.o
 .rodata.__bi_42
                0x10004e28        0xc CMakeFiles/prog.dir/home/sebastiaan/Documents/ProtocolDIrectory/avr-pico-programmer-release/pico-sdk/src/rp2_common/pico_standard_binary_info/standard_binary_info.c.o
 .rodata.__bi_34
                0x10004e34        0xc CMakeFiles/prog.dir/home/sebastiaan/Documents/ProtocolDIrectory/avr-pico-programmer-release/pico-sdk/src/rp2_common/pico_standard_binary_info/standard_binary_info.c.o
 .rodata.__bi_26
                0x10004e40        0xc CMakeFiles/prog.dir/home/sebastiaan/Documents/ProtocolDIrectory/avr-pico-programmer-release/pico-sdk/src/rp2_common/pico_standard_binary_info/standard_binary_info.c.o
 .rodata.crlf_str.0
                0x10004e4c        0x2 CMakeFiles/prog.dir/home/sebastiaan/Documents/ProtocolDIrectory/avr-pico-programmer-release/pico-sdk/src/rp2_common/pico_stdio/stdio.c.o
 .rodata.str1.4
                0x10004e4e       0x2c CMakeFiles/prog.dir/home/sebastiaan/Documents/ProtocolDIrectory/avr-pico-programmer-release/pico-sdk/src/rp2_common/pico_stdio_uart/stdio_uart.c.o
 *fill*         0x10004e4e        0x2 
 .rodata.__bi_45.4
                0x10004e50        0xc CMakeFiles/prog.dir/home/sebastiaan/Documents/ProtocolDIrectory/avr-pico-programmer-release/pico-sdk/src/rp2_common/pico_stdio_uart/stdio_uart.c.o
 .rodata.__bi_49.5
                0x10004e5c        0x8 CMakeFiles/prog.dir/home/sebastiaan/Documents/ProtocolDIrectory/avr-pico-programmer-release/pico-sdk/src/rp2_common/pico_stdio_uart/stdio_uart.c.o
 .rodata.__bi_50.6
                0x10004e64        0x8 CMakeFiles/prog.dir/home/sebastiaan/Documents/ProtocolDIrectory/avr-pico-programmer-release/pico-sdk/src/rp2_common/pico_stdio_uart/stdio_uart.c.o
 .rodata.str1.4
                0x10004e6c       0x14 CMakeFiles/prog.dir/home/sebastiaan/Documents/ProtocolDIrectory/avr-pico-programmer-release/pico-sdk/lib/tinyusb/src/portable/raspberrypi/rp2040/dcd_rp2040.c.o
 .rodata.str1.4
                0x10004e6c       0x48 CMakeFiles/prog.dir/home/sebastiaan/Documents/ProtocolDIrectory/avr-pico-programmer-release/pico-sdk/lib/tinyusb/src/portable/raspberrypi/rp2040/rp2040_usb.c.o
 .rodata.tud_task_ext
                0x10004e6c       0x8c CMakeFiles/prog.dir/home/sebastiaan/Documents/ProtocolDIrectory/avr-pico-programmer-release/pico-sdk/lib/tinyusb/src/device/usbd.c.o
 .rodata        0x10004ef8       0x1c CMakeFiles/prog.dir/home/sebastiaan/Documents/ProtocolDIrectory/avr-pico-programmer-release/pico-sdk/lib/tinyusb/src/device/usbd.c.o
 .rodata._usbd_driver
                0x10004f14       0x20 CMakeFiles/prog.dir/home/sebastiaan/Documents/ProtocolDIrectory/avr-pico-programmer-release/pico-sdk/lib/tinyusb/src/device/usbd.c.o
 .rodata.str1.4
                0x10004f34        0x4 CMakeFiles/prog.dir/home/sebastiaan/Documents/ProtocolDIrectory/avr-pico-programmer-release/pico-sdk/lib/tinyusb/hw/bsp/rp2040/family.c.o
 .rodata.__bi_153.0
                0x10004f34        0xc CMakeFiles/prog.dir/home/sebastiaan/Documents/ProtocolDIrectory/avr-pico-programmer-release/pico-sdk/lib/tinyusb/hw/bsp/rp2040/family.c.o
 .rodata.__bi_163.1
                0x10004f40        0x8 CMakeFiles/prog.dir/home/sebastiaan/Documents/ProtocolDIrectory/avr-pico-programmer-release/pico-sdk/lib/tinyusb/hw/bsp/rp2040/family.c.o
                0x10004f48                        . = ALIGN (0x4)
 *(SORT_BY_ALIGNMENT(SORT_BY_NAME(.flashdata*)))
                0x10004f48                        . = ALIGN (0x4)

.ARM.extab
 *(.ARM.extab* .gnu.linkonce.armextab.*)
                0x10004f48                        __exidx_start = .

.ARM.exidx
 *(.ARM.exidx* .gnu.linkonce.armexidx.*)
                0x10004f48                        __exidx_end = .
                0x10004f48                        . = ALIGN (0x4)
                0x10004f48                        __binary_info_start = .

.binary_info    0x10004f48       0x30
 *(.binary_info.keep.*)
 .binary_info.keep.__bi_ptr84
                0x10004f48        0x4 CMakeFiles/prog.dir/home/sebastiaan/Documents/ProtocolDIrectory/avr-pico-programmer-release/pico-sdk/src/rp2_common/pico_standard_binary_info/standard_binary_info.c.o
 .binary_info.keep.__bi_ptr78
                0x10004f4c        0x4 CMakeFiles/prog.dir/home/sebastiaan/Documents/ProtocolDIrectory/avr-pico-programmer-release/pico-sdk/src/rp2_common/pico_standard_binary_info/standard_binary_info.c.o
 .binary_info.keep.__bi_ptr54
                0x10004f50        0x4 CMakeFiles/prog.dir/home/sebastiaan/Documents/ProtocolDIrectory/avr-pico-programmer-release/pico-sdk/src/rp2_common/pico_standard_binary_info/standard_binary_info.c.o
 .binary_info.keep.__bi_ptr48
                0x10004f54        0x4 CMakeFiles/prog.dir/home/sebastiaan/Documents/ProtocolDIrectory/avr-pico-programmer-release/pico-sdk/src/rp2_common/pico_standard_binary_info/standard_binary_info.c.o
 .binary_info.keep.__bi_ptr42
                0x10004f58        0x4 CMakeFiles/prog.dir/home/sebastiaan/Documents/ProtocolDIrectory/avr-pico-programmer-release/pico-sdk/src/rp2_common/pico_standard_binary_info/standard_binary_info.c.o
 .binary_info.keep.__bi_ptr34
                0x10004f5c        0x4 CMakeFiles/prog.dir/home/sebastiaan/Documents/ProtocolDIrectory/avr-pico-programmer-release/pico-sdk/src/rp2_common/pico_standard_binary_info/standard_binary_info.c.o
 .binary_info.keep.__bi_ptr26
                0x10004f60        0x4 CMakeFiles/prog.dir/home/sebastiaan/Documents/ProtocolDIrectory/avr-pico-programmer-release/pico-sdk/src/rp2_common/pico_standard_binary_info/standard_binary_info.c.o
 .binary_info.keep.__bi_ptr163
                0x10004f64        0x4 CMakeFiles/prog.dir/home/sebastiaan/Documents/ProtocolDIrectory/avr-pico-programmer-release/pico-sdk/lib/tinyusb/hw/bsp/rp2040/family.c.o
 .binary_info.keep.__bi_ptr153
                0x10004f68        0x4 CMakeFiles/prog.dir/home/sebastiaan/Documents/ProtocolDIrectory/avr-pico-programmer-release/pico-sdk/lib/tinyusb/hw/bsp/rp2040/family.c.o
 *(.binary_info.*)
 .binary_info.__bi_ptr50
                0x10004f6c        0x4 CMakeFiles/prog.dir/home/sebastiaan/Documents/ProtocolDIrectory/avr-pico-programmer-release/pico-sdk/src/rp2_common/pico_stdio_uart/stdio_uart.c.o
 .binary_info.__bi_ptr49
                0x10004f70        0x4 CMakeFiles/prog.dir/home/sebastiaan/Documents/ProtocolDIrectory/avr-pico-programmer-release/pico-sdk/src/rp2_common/pico_stdio_uart/stdio_uart.c.o
 .binary_info.__bi_ptr45
                0x10004f74        0x4 CMakeFiles/prog.dir/home/sebastiaan/Documents/ProtocolDIrectory/avr-pico-programmer-release/pico-sdk/src/rp2_common/pico_stdio_uart/stdio_uart.c.o
                0x10004f78                        __binary_info_end = .
                0x10004f78                        . = ALIGN (0x4)

.ram_vector_table
                0x20000000       0xc0
 *(.ram_vector_table)
 .ram_vector_table
                0x20000000       0xc0 CMakeFiles/prog.dir/home/sebastiaan/Documents/ProtocolDIrectory/avr-pico-programmer-release/pico-sdk/src/rp2_common/pico_runtime_init/runtime_init.c.o
                0x20000000                ram_vector_table

.uninitialized_data
                0x200000c0        0x0
                0x200000c0                        . = ALIGN (0x4)
 *(.uninitialized_data*)

.data           0x200000c0      0xfe0 load address 0x10004f78
                0x200000c0                        __data_start__ = .
 *(vtable)
 *(.time_critical*)
 .time_critical.mutex_try_enter_block_until
                0x200000c0       0x9c CMakeFiles/prog.dir/home/sebastiaan/Documents/ProtocolDIrectory/avr-pico-programmer-release/pico-sdk/src/common/pico_sync/mutex.c.o
                0x200000c0                mutex_try_enter_block_until
 .time_critical.mutex_enter_timeout_ms
                0x2000015c       0x90 CMakeFiles/prog.dir/home/sebastiaan/Documents/ProtocolDIrectory/avr-pico-programmer-release/pico-sdk/src/common/pico_sync/mutex.c.o
                0x2000015c                mutex_enter_timeout_ms
 .time_critical.mutex_exit
                0x200001ec       0x28 CMakeFiles/prog.dir/home/sebastiaan/Documents/ProtocolDIrectory/avr-pico-programmer-release/pico-sdk/src/common/pico_sync/mutex.c.o
                0x200001ec                mutex_exit
 .time_critical.spi_write_read_blocking
                0x20000214       0x74 CMakeFiles/prog.dir/home/sebastiaan/Documents/ProtocolDIrectory/avr-pico-programmer-release/pico-sdk/src/rp2_common/hardware_spi/spi.c.o
                0x20000214                spi_write_read_blocking
 .time_critical.reset_non_control_endpoints
                0x20000288       0x68 CMakeFiles/prog.dir/home/sebastiaan/Documents/ProtocolDIrectory/avr-pico-programmer-release/pico-sdk/lib/tinyusb/src/portable/raspberrypi/rp2040/dcd_rp2040.c.o
 .time_critical.hw_handle_buff_status
                0x200002f0       0xa0 CMakeFiles/prog.dir/home/sebastiaan/Documents/ProtocolDIrectory/avr-pico-programmer-release/pico-sdk/lib/tinyusb/src/portable/raspberrypi/rp2040/dcd_rp2040.c.o
 .time_critical.dcd_rp2040_irq
                0x20000390      0x544 CMakeFiles/prog.dir/home/sebastiaan/Documents/ProtocolDIrectory/avr-pico-programmer-release/pico-sdk/lib/tinyusb/src/portable/raspberrypi/rp2040/dcd_rp2040.c.o
 .time_critical.prepare_ep_buffer
                0x200008d4       0xe0 CMakeFiles/prog.dir/home/sebastiaan/Documents/ProtocolDIrectory/avr-pico-programmer-release/pico-sdk/lib/tinyusb/src/portable/raspberrypi/rp2040/rp2040_usb.c.o
 .time_critical.sync_ep_buffer
                0x200009b4       0xa8 CMakeFiles/prog.dir/home/sebastiaan/Documents/ProtocolDIrectory/avr-pico-programmer-release/pico-sdk/lib/tinyusb/src/portable/raspberrypi/rp2040/rp2040_usb.c.o
 .time_critical._hw_endpoint_xfer_sync
                0x20000a5c       0x28 CMakeFiles/prog.dir/home/sebastiaan/Documents/ProtocolDIrectory/avr-pico-programmer-release/pico-sdk/lib/tinyusb/src/portable/raspberrypi/rp2040/rp2040_usb.c.o
 .time_critical.e15_is_bulkin_ep
                0x20000a84       0x28 CMakeFiles/prog.dir/home/sebastiaan/Documents/ProtocolDIrectory/avr-pico-programmer-release/pico-sdk/lib/tinyusb/src/portable/raspberrypi/rp2040/rp2040_usb.c.o
 .time_critical.e15_is_critical_frame_period
                0x20000aac       0x34 CMakeFiles/prog.dir/home/sebastiaan/Documents/ProtocolDIrectory/avr-pico-programmer-release/pico-sdk/lib/tinyusb/src/portable/raspberrypi/rp2040/rp2040_usb.c.o
 .time_critical.hw_endpoint_reset_transfer
                0x20000ae0        0xc CMakeFiles/prog.dir/home/sebastiaan/Documents/ProtocolDIrectory/avr-pico-programmer-release/pico-sdk/lib/tinyusb/src/portable/raspberrypi/rp2040/rp2040_usb.c.o
                0x20000ae0                hw_endpoint_reset_transfer
 .time_critical._hw_endpoint_buffer_control_update32
                0x20000aec       0x50 CMakeFiles/prog.dir/home/sebastiaan/Documents/ProtocolDIrectory/avr-pico-programmer-release/pico-sdk/lib/tinyusb/src/portable/raspberrypi/rp2040/rp2040_usb.c.o
                0x20000aec                _hw_endpoint_buffer_control_update32
 .time_critical.hw_endpoint_start_next_buffer
                0x20000b3c       0x6c CMakeFiles/prog.dir/home/sebastiaan/Documents/ProtocolDIrectory/avr-pico-programmer-release/pico-sdk/lib/tinyusb/src/portable/raspberrypi/rp2040/rp2040_usb.c.o
                0x20000b3c                hw_endpoint_start_next_buffer
 .time_critical.hw_endpoint_xfer_continue
                0x20000ba8       0x40 CMakeFiles/prog.dir/home/sebastiaan/Documents/ProtocolDIrectory/avr-pico-programmer-release/pico-sdk/lib/tinyusb/src/portable/raspberrypi/rp2040/rp2040_usb.c.o
                0x20000ba8                hw_endpoint_xfer_continue
 .time_critical.tinyusb
                0x20000be8      0x1e0 CMakeFiles/prog.dir/home/sebastiaan/Documents/ProtocolDIrectory/avr-pico-programmer-release/pico-sdk/lib/tinyusb/src/device/usbd.c.o
                0x20000be8                dcd_event_handler
 .time_critical.flash_init_boot2_copyout
                0x20000dc8       0x30 CMakeFiles/prog.dir/home/sebastiaan/Documents/ProtocolDIrectory/avr-pico-programmer-release/pico-sdk/src/rp2_common/hardware_flash/flash.c.o
 .time_critical.flash_enable_xip_via_boot2
                0x20000df8        0xc CMakeFiles/prog.dir/home/sebastiaan/Documents/ProtocolDIrectory/avr-pico-programmer-release/pico-sdk/src/rp2_common/hardware_flash/flash.c.o
 .time_critical.flash_save_hardware_state
                0x20000e04       0x20 CMakeFiles/prog.dir/home/sebastiaan/Documents/ProtocolDIrectory/avr-pico-programmer-release/pico-sdk/src/rp2_common/hardware_flash/flash.c.o
 .time_critical.flash_restore_hardware_state
                0x20000e24       0x20 CMakeFiles/prog.dir/home/sebastiaan/Documents/ProtocolDIrectory/avr-pico-programmer-release/pico-sdk/src/rp2_common/hardware_flash/flash.c.o
 .time_critical.flash_cs_force
                0x20000e44       0x38 CMakeFiles/prog.dir/home/sebastiaan/Documents/ProtocolDIrectory/avr-pico-programmer-release/pico-sdk/src/rp2_common/hardware_flash/flash.c.o
 .time_critical.flash_do_cmd
                0x20000e7c       0xd0 CMakeFiles/prog.dir/home/sebastiaan/Documents/ProtocolDIrectory/avr-pico-programmer-release/pico-sdk/src/rp2_common/hardware_flash/flash.c.o
                0x20000e7c                flash_do_cmd
 *(.text*)
 .text          0x20000f4c        0x4 /usr/lib/gcc/arm-none-eabi/13.2.1/thumb/v6-m/nofp/libgcc.a(_dvmd_tls.o)
                0x20000f4c                __aeabi_ldiv0
                0x20000f4c                __aeabi_idiv0
 .text.__stub   0x20000f50       0x80 linker stubs
                0x20000fd0                        . = ALIGN (0x4)
 *(.rodata*)
                0x20000fd0                        . = ALIGN (0x4)
 *(.data*)
 .data.page_size_bytes
                0x20000fd0        0x2 CMakeFiles/prog.dir/stk500v1.c.o
 .data.striped_spin_lock_num
                0x20000fd2        0x1 CMakeFiles/prog.dir/home/sebastiaan/Documents/ProtocolDIrectory/avr-pico-programmer-release/pico-sdk/src/rp2_common/hardware_sync/sync.c.o
 *fill*         0x20000fd3        0x1 
 .data          0x20000fd4       0x48 CMakeFiles/prog.dir/home/sebastiaan/Documents/ProtocolDIrectory/avr-pico-programmer-release/pico-sdk/src/rp2_common/hardware_irq/irq_handler_chain.S.o
                0x20000fd4                irq_handler_chain_slots
                0x20001004                irq_handler_chain_first_slot
                0x2000100e                irq_handler_chain_remove_tail
 .data.default_alarm_pool
                0x2000101c       0x18 CMakeFiles/prog.dir/home/sebastiaan/Documents/ProtocolDIrectory/avr-pico-programmer-release/pico-sdk/src/common/pico_time/time.c.o
 *fill*         0x20001034        0xc 
 .data.aeabi_bits_funcs
                0x20001040       0x10 CMakeFiles/prog.dir/home/sebastiaan/Documents/ProtocolDIrectory/avr-pico-programmer-release/pico-sdk/src/rp2_common/pico_bit_ops/bit_ops_aeabi.S.o
                0x20001040                aeabi_bits_funcs
                0x20001050                aeabi_bits_funcs_end
 .data.aeabi_mem_funcs
                0x20001050       0x10 CMakeFiles/prog.dir/home/sebastiaan/Documents/ProtocolDIrectory/avr-pico-programmer-release/pico-sdk/src/rp2_common/pico_mem_ops/mem_ops_aeabi.S.o
                0x20001050                aeabi_mem_funcs
                0x20001060                aeabi_mem_funcs_end
 .data.stdio_uart
                0x20001060       0x18 CMakeFiles/prog.dir/home/sebastiaan/Documents/ProtocolDIrectory/avr-pico-programmer-release/pico-sdk/src/rp2_common/pico_stdio_uart/stdio_uart.c.o
                0x20001060                stdio_uart
 .data._usbd_qdef
                0x20001078       0x1c CMakeFiles/prog.dir/home/sebastiaan/Documents/ProtocolDIrectory/avr-pico-programmer-release/pico-sdk/lib/tinyusb/src/device/usbd.c.o
                0x20001078                _usbd_qdef
 .data._usbd_rhport
                0x20001094        0x1 CMakeFiles/prog.dir/home/sebastiaan/Documents/ProtocolDIrectory/avr-pico-programmer-release/pico-sdk/lib/tinyusb/src/device/usbd.c.o
                0x20001098                        . = ALIGN (0x4)
 *fill*         0x20001095        0x3 
 *(.after_data.*)
                0x20001098                        . = ALIGN (0x4)
                0x20001098                        PROVIDE (__mutex_array_start = .)
 *(SORT_BY_NAME(.mutex_array.*))
 *(.mutex_array)
 .mutex_array   0x20001098        0x8 CMakeFiles/prog.dir/home/sebastiaan/Documents/ProtocolDIrectory/avr-pico-programmer-release/pico-sdk/src/rp2_common/pico_stdio/stdio.c.o
                0x200010a0                        PROVIDE (__mutex_array_end = .)
                0x200010a0                        . = ALIGN (0x4)
 *(.jcr)
                0x200010a0                        . = ALIGN (0x4)

.tm_clone_table
                0x200010a0        0x0 load address 0x10005f58
 .tm_clone_table
                0x200010a0        0x0 /usr/lib/gcc/arm-none-eabi/13.2.1/thumb/v6-m/nofp/crtbegin.o
 .tm_clone_table
                0x200010a0        0x0 /usr/lib/gcc/arm-none-eabi/13.2.1/thumb/v6-m/nofp/crtend.o

.igot.plt       0x200010a0        0x0 load address 0x10005f58
 .igot.plt      0x200010a0        0x0 /usr/lib/gcc/arm-none-eabi/13.2.1/thumb/v6-m/nofp/crtbegin.o

.tdata          0x200010a0        0x0 load address 0x10005f58
                0x200010a0                        . = ALIGN (0x4)
 *(.tdata .tdata.* .gnu.linkonce.td.*)
                0x200010a0                        __tdata_end = .
                0x200010a0                        PROVIDE (__data_end__ = .)
                0x10004f78                        __etext = LOADADDR (.data)

.tbss           0x200010a0        0x0 load address 0x10005f58
                0x200010a0                        . = ALIGN (0x4)
                0x200010a0                        __bss_start__ = .
                0x200010a0                        __tls_base = .
 *(.tbss .tbss.* .gnu.linkonce.tb.*)
 *(.tcommon)
                0x200010a0                        __tls_end = .

.bss            0x200010a0     0x1348 load address 0x10005f58
                0x200010a0                        . = ALIGN (0x4)
                0x200010a0                        __tbss_end = .
 *(SORT_BY_ALIGNMENT(SORT_BY_NAME(.bss*)))
 .bss.default_alarm_pool_entries
                0x200010a0      0x180 CMakeFiles/prog.dir/home/sebastiaan/Documents/ProtocolDIrectory/avr-pico-programmer-release/pico-sdk/src/common/pico_time/time.c.o
 .bss.sd_table  0x20001220      0x100 CMakeFiles/prog.dir/home/sebastiaan/Documents/ProtocolDIrectory/avr-pico-programmer-release/pico-sdk/src/rp2_common/pico_double/double_init_rom_rp2040.c.o
                0x20001220                sd_table
 .bss.sf_table  0x20001320      0x100 CMakeFiles/prog.dir/home/sebastiaan/Documents/ProtocolDIrectory/avr-pico-programmer-release/pico-sdk/src/rp2_common/pico_float/float_init_rom_rp2040.c.o
                0x20001320                sf_table
 .bss           0x20001420       0x1c /usr/lib/gcc/arm-none-eabi/13.2.1/thumb/v6-m/nofp/crtbegin.o
 .bss           0x2000143c      0x190 /usr/lib/gcc/arm-none-eabi/13.2.1/../../../arm-none-eabi/lib/thumb/v6-m/nofp/libg.a(libc_a-__atexit.o)
                0x2000143c                __atexit0
 .bss           0x200015cc        0x4 /usr/lib/gcc/arm-none-eabi/13.2.1/../../../arm-none-eabi/lib/thumb/v6-m/nofp/libg.a(libc_a-__call_atexit.o)
                0x200015cc                __atexit
 .bss._app_driver
                0x200015d0        0x4 CMakeFiles/prog.dir/home/sebastiaan/Documents/ProtocolDIrectory/avr-pico-programmer-release/pico-sdk/lib/tinyusb/src/device/usbd.c.o
 .bss._cdcd_epbuf
                0x200015d4       0x80 CMakeFiles/prog.dir/home/sebastiaan/Documents/ProtocolDIrectory/avr-pico-programmer-release/pico-sdk/lib/tinyusb/src/class/cdc/cdc_device.c.o
 .bss._cdcd_fifo_cfg
                0x20001654        0x1 CMakeFiles/prog.dir/home/sebastiaan/Documents/ProtocolDIrectory/avr-pico-programmer-release/pico-sdk/lib/tinyusb/src/class/cdc/cdc_device.c.o
 *fill*         0x20001655        0x3 
 .bss._cdcd_itf
                0x20001658      0x248 CMakeFiles/prog.dir/home/sebastiaan/Documents/ProtocolDIrectory/avr-pico-programmer-release/pico-sdk/lib/tinyusb/src/class/cdc/cdc_device.c.o
 .bss._ctrl_epbuf
                0x200018a0       0x40 CMakeFiles/prog.dir/home/sebastiaan/Documents/ProtocolDIrectory/avr-pico-programmer-release/pico-sdk/lib/tinyusb/src/device/usbd_control.c.o
 .bss._ctrl_xfer
                0x200018e0       0x14 CMakeFiles/prog.dir/home/sebastiaan/Documents/ProtocolDIrectory/avr-pico-programmer-release/pico-sdk/lib/tinyusb/src/device/usbd_control.c.o
 .bss._desc_str
                0x200018f4       0x40 CMakeFiles/prog.dir/usb_descriptors.c.o
 .bss._tusb_rhport_role
                0x20001934        0x2 CMakeFiles/prog.dir/home/sebastiaan/Documents/ProtocolDIrectory/avr-pico-programmer-release/pico-sdk/lib/tinyusb/src/tusb.c.o
                0x20001934                _tusb_rhport_role
 *fill*         0x20001936        0x2 
 .bss._ubsd_mutexdef
                0x20001938        0x8 CMakeFiles/prog.dir/home/sebastiaan/Documents/ProtocolDIrectory/avr-pico-programmer-release/pico-sdk/lib/tinyusb/src/device/usbd.c.o
 .bss._usbd_dev
                0x20001940       0x54 CMakeFiles/prog.dir/home/sebastiaan/Documents/ProtocolDIrectory/avr-pico-programmer-release/pico-sdk/lib/tinyusb/src/device/usbd.c.o
 .bss._usbd_mutex
                0x20001994        0x4 CMakeFiles/prog.dir/home/sebastiaan/Documents/ProtocolDIrectory/avr-pico-programmer-release/pico-sdk/lib/tinyusb/src/device/usbd.c.o
 .bss._usbd_q   0x20001998        0x4 CMakeFiles/prog.dir/home/sebastiaan/Documents/ProtocolDIrectory/avr-pico-programmer-release/pico-sdk/lib/tinyusb/src/device/usbd.c.o
 .bss._usbd_qdef_buf
                0x2000199c       0xc0 CMakeFiles/prog.dir/home/sebastiaan/Documents/ProtocolDIrectory/avr-pico-programmer-release/pico-sdk/lib/tinyusb/src/device/usbd.c.o
                0x2000199c                _usbd_qdef_buf
 .bss.boot2_copyout
                0x20001a5c      0x100 CMakeFiles/prog.dir/home/sebastiaan/Documents/ProtocolDIrectory/avr-pico-programmer-release/pico-sdk/src/rp2_common/hardware_flash/flash.c.o
 .bss.chars_available_callback
                0x20001b5c        0x4 CMakeFiles/prog.dir/home/sebastiaan/Documents/ProtocolDIrectory/avr-pico-programmer-release/pico-sdk/src/rp2_common/pico_stdio_uart/stdio_uart.c.o
 .bss.chars_available_param
                0x20001b60        0x4 CMakeFiles/prog.dir/home/sebastiaan/Documents/ProtocolDIrectory/avr-pico-programmer-release/pico-sdk/src/rp2_common/pico_stdio_uart/stdio_uart.c.o
 .bss.claimed   0x20001b64        0x4 CMakeFiles/prog.dir/home/sebastiaan/Documents/ProtocolDIrectory/avr-pico-programmer-release/pico-sdk/src/rp2_common/hardware_sync/sync.c.o
 .bss.claimed   0x20001b68        0x1 CMakeFiles/prog.dir/home/sebastiaan/Documents/ProtocolDIrectory/avr-pico-programmer-release/pico-sdk/src/rp2_common/hardware_timer/timer.c.o
 *fill*         0x20001b69        0x3 
 .bss.configured_freq
                0x20001b6c       0x28 CMakeFiles/prog.dir/home/sebastiaan/Documents/ProtocolDIrectory/avr-pico-programmer-release/pico-sdk/src/rp2_common/hardware_clocks/clocks.c.o
 .bss.current_address
                0x20001b94        0x4 CMakeFiles/prog.dir/stk500v1.c.o
 .bss.drivers   0x20001b98        0x4 CMakeFiles/prog.dir/home/sebastiaan/Documents/ProtocolDIrectory/avr-pico-programmer-release/pico-sdk/src/rp2_common/pico_stdio/stdio.c.o
 .bss.e15_last_sof
                0x20001b9c        0x4 CMakeFiles/prog.dir/home/sebastiaan/Documents/ProtocolDIrectory/avr-pico-programmer-release/pico-sdk/lib/tinyusb/src/portable/raspberrypi/rp2040/rp2040_usb.c.o
                0x20001b9c                e15_last_sof
 .bss.erase_c   0x20001ba0        0x4 CMakeFiles/prog.dir/avrprog.c.o
                0x20001ba0                erase_c
 .bss.filter    0x20001ba4        0x4 CMakeFiles/prog.dir/home/sebastiaan/Documents/ProtocolDIrectory/avr-pico-programmer-release/pico-sdk/src/rp2_common/pico_stdio/stdio.c.o
 .bss.hw_endpoints
                0x20001ba8      0x400 CMakeFiles/prog.dir/home/sebastiaan/Documents/ProtocolDIrectory/avr-pico-programmer-release/pico-sdk/lib/tinyusb/src/portable/raspberrypi/rp2040/dcd_rp2040.c.o
 .bss.lazy_vsnprintf
                0x20001fa8        0x4 CMakeFiles/prog.dir/home/sebastiaan/Documents/ProtocolDIrectory/avr-pico-programmer-release/pico-sdk/src/rp2_common/pico_printf/printf.c.o
 .bss.next_buffer_ptr
                0x20001fac        0x4 CMakeFiles/prog.dir/home/sebastiaan/Documents/ProtocolDIrectory/avr-pico-programmer-release/pico-sdk/lib/tinyusb/src/portable/raspberrypi/rp2040/dcd_rp2040.c.o
 .bss.output_buffer
                0x20001fb0        0x4 CMakeFiles/prog.dir/avrprog.c.o
                0x20001fb0                output_buffer
 .bss.pools     0x20001fb4       0x10 CMakeFiles/prog.dir/home/sebastiaan/Documents/ProtocolDIrectory/avr-pico-programmer-release/pico-sdk/src/common/pico_time/time.c.o
 .bss.retrieved_id
                0x20001fc4        0x8 CMakeFiles/prog.dir/home/sebastiaan/Documents/ProtocolDIrectory/avr-pico-programmer-release/pico-sdk/src/rp2_common/pico_unique_id/unique_id.c.o
 .bss.rx_buf    0x20001fcc      0x400 CMakeFiles/prog.dir/stk500v1.c.o
 .bss.rx_len    0x200023cc        0x4 CMakeFiles/prog.dir/stk500v1.c.o
 .bss.sf_clz_func
                0x200023d0        0x4 CMakeFiles/prog.dir/home/sebastiaan/Documents/ProtocolDIrectory/avr-pico-programmer-release/pico-sdk/src/rp2_common/pico_double/double_init_rom_rp2040.c.o
                0x200023d0                sf_clz_func
 .bss.sleep_notifier
                0x200023d4        0x4 CMakeFiles/prog.dir/home/sebastiaan/Documents/ProtocolDIrectory/avr-pico-programmer-release/pico-sdk/src/common/pico_time/time.c.o
 .bss.uart_char_to_line_feed
                0x200023d8        0x4 CMakeFiles/prog.dir/home/sebastiaan/Documents/ProtocolDIrectory/avr-pico-programmer-release/pico-sdk/src/rp2_common/hardware_uart/uart.c.o
                0x200023d8                uart_char_to_line_feed
 .bss.uart_instance
                0x200023dc        0x4 CMakeFiles/prog.dir/home/sebastiaan/Documents/ProtocolDIrectory/avr-pico-programmer-release/pico-sdk/src/rp2_common/pico_stdio_uart/stdio_uart.c.o
 .bss._app_driver_count
                0x200023e0        0x1 CMakeFiles/prog.dir/home/sebastiaan/Documents/ProtocolDIrectory/avr-pico-programmer-release/pico-sdk/lib/tinyusb/src/device/usbd.c.o
 .bss._sof_enable
                0x200023e1        0x1 CMakeFiles/prog.dir/home/sebastiaan/Documents/ProtocolDIrectory/avr-pico-programmer-release/pico-sdk/lib/tinyusb/src/portable/raspberrypi/rp2040/dcd_rp2040.c.o
 .bss._usbd_queued_setup
                0x200023e2        0x1 CMakeFiles/prog.dir/home/sebastiaan/Documents/ProtocolDIrectory/avr-pico-programmer-release/pico-sdk/lib/tinyusb/src/device/usbd.c.o
 .bss.boot2_copyout_valid
                0x200023e3        0x1 CMakeFiles/prog.dir/home/sebastiaan/Documents/ProtocolDIrectory/avr-pico-programmer-release/pico-sdk/src/rp2_common/hardware_flash/flash.c.o
 .bss.irq_handler_chain_free_slot_head
                0x200023e4        0x1 CMakeFiles/prog.dir/home/sebastiaan/Documents/ProtocolDIrectory/avr-pico-programmer-release/pico-sdk/src/rp2_common/hardware_irq/irq.c.o
 *(COMMON)
                0x200023e8                        . = ALIGN (0x4)
 *fill*         0x200023e5        0x3 
                0x200023e8                        __bss_end__ = .

.heap           0x200023e8      0x800 load address 0x10005f58
                0x200023e8                        __end__ = .
                0x200023e8                        end = __end__
 *(.heap*)
 .heap          0x200023e8      0x800 CMakeFiles/prog.dir/home/sebastiaan/Documents/ProtocolDIrectory/avr-pico-programmer-release/pico-sdk/src/rp2_common/pico_crt0/crt0.S.o
                0x20040000                        __HeapLimit = (ORIGIN (RAM) + LENGTH (RAM))

.scratch_x      0x20040000        0x0 load address 0x10005f58
                0x20040000                        __scratch_x_start__ = .
 *(.scratch_x.*)
                0x20040000                        . = ALIGN (0x4)
                0x20040000                        __scratch_x_end__ = .
                0x10005f58                        __scratch_x_source__ = LOADADDR (.scratch_x)

.scratch_y      0x20041000        0x0 load address 0x10005f58
                0x20041000                        __scratch_y_start__ = .
 *(.scratch_y.*)
                0x20041000                        . = ALIGN (0x4)
                0x20041000                        __scratch_y_end__ = .
                0x10005f58                        __scratch_y_source__ = LOADADDR (.scratch_y)

.stack1_dummy
 *(.stack1*)

.stack_dummy    0x20041000      0x800
 *(.stack*)
 .stack         0x20041000      0x800 CMakeFiles/prog.dir/home/sebastiaan/Documents/ProtocolDIrectory/avr-pico-programmer-release/pico-sdk/src/rp2_common/pico_crt0/crt0.S.o

.rel.dyn        0x20041800        0x0
 .rel.iplt      0x20041800        0x0 /usr/lib/gcc/arm-none-eabi/13.2.1/thumb/v6-m/nofp/crtbegin.o

.flash_end      0x10005f58        0x0
 *(.embedded_end_block*)
                0x10005f58                        PROVIDE (__flash_binary_end = .)
                0x20040000                        __StackLimit = (ORIGIN (RAM) + LENGTH (RAM))
                0x20041000                        __StackOneTop = (ORIGIN (SCRATCH_X) + LENGTH (SCRATCH_X))
                0x20042000                        __StackTop = (ORIGIN (SCRATCH_Y) + LENGTH (SCRATCH_Y))
                0x20041000                        __StackOneBottom = (__StackOneTop - SIZEOF (.stack1_dummy))
                0x20041800                        __StackBottom = (__StackTop - SIZEOF (.stack_dummy))
                0x20042000                        PROVIDE (__stack = __StackTop)
                [!provide]                        PROVIDE (__heap_start = __end__)
                [!provide]                        PROVIDE (__heap_end = __HeapLimit)
                [!provide]                        PROVIDE (__tls_align = MAX (ALIGNOF (.tdata), ALIGNOF (.tbss)))
                [!provide]                        PROVIDE (__tls_size_align = (((__tls_size + __tls_align) - 0x1) & ~ ((__tls_align - 0x1))))
                [!provide]                        PROVIDE (__arm32_tls_tcb_offset = MAX (0x8, __tls_align))
                [!provide]                        PROVIDE (_end = __end__)
                [!provide]                        PROVIDE (__llvm_libc_heap_limit = __HeapLimit)
                0x00000001                        ASSERT ((__StackLimit >= __HeapLimit), region RAM overflowed)
                0x00000001                        ASSERT (((__binary_info_header_end - __logical_binary_start) <= 0x100), Binary info must be in first 256 bytes of the binary)
LOAD CMakeFiles/prog.dir/main.c.o
LOAD CMakeFiles/prog.dir/avrprog.c.o
LOAD CMakeFiles/prog.dir/avr_devices.c.o
LOAD CMakeFiles/prog.dir/stk500v1.c.o
LOAD CMakeFiles/prog.dir/usb_descriptors.c.o
LOAD CMakeFiles/prog.dir/home/sebastiaan/Documents/ProtocolDIrectory/avr-pico-programmer-release/pico-sdk/src/rp2_common/pico_stdlib/stdlib.c.o
LOAD CMakeFiles/prog.dir/home/sebastiaan/Documents/ProtocolDIrectory/avr-pico-programmer-release/pico-sdk/src/rp2_common/hardware_gpio/gpio.c.o
LOAD CMakeFiles/prog.dir/home/sebastiaan/Documents/ProtocolDIrectory/avr-pico-programmer-release/pico-sdk/src/rp2040/pico_platform/platform.c.o
LOAD CMakeFiles/prog.dir/home/sebastiaan/Documents/ProtocolDIrectory/avr-pico-programmer-release/pico-sdk/src/rp2_common/pico_platform_common/common.c.o
LOAD CMakeFiles/prog.dir/home/sebastiaan/Documents/ProtocolDIrectory/avr-pico-programmer-release/pico-sdk/src/rp2_common/pico_platform_panic/panic.c.o
LOAD CMakeFiles/prog.dir/home/sebastiaan/Documents/ProtocolDIrectory/avr-pico-programmer-release/pico-sdk/src/common/hardware_claim/claim.c.o
LOAD CMakeFiles/prog.dir/home/sebastiaan/Documents/ProtocolDIrectory/avr-pico-programmer-release/pico-sdk/src/rp2_common/hardware_sync/sync.c.o
LOAD CMakeFiles/prog.dir/home/sebastiaan/Documents/ProtocolDIrectory/avr-pico-programmer-release/pico-sdk/src/rp2_common/hardware_sync_spin_lock/sync_spin_lock.c.o
LOAD CMakeFiles/prog.dir/home/sebastiaan/Documents/ProtocolDIrectory/avr-pico-programmer-release/pico-sdk/src/rp2_common/hardware_irq/irq.c.o
LOAD CMakeFiles/prog.dir/home/sebastiaan/Documents/ProtocolDIrectory/avr-pico-programmer-release/pico-sdk/src/rp2_common/hardware_irq/irq_handler_chain.S.o
LOAD CMakeFiles/prog.dir/home/sebastiaan/Documents/ProtocolDIrectory/avr-pico-programmer-release/pico-sdk/src/common/pico_sync/sem.c.o
LOAD CMakeFiles/prog.dir/home/sebastiaan/Documents/ProtocolDIrectory/avr-pico-programmer-release/pico-sdk/src/common/pico_sync/lock_core.c.o
LOAD CMakeFiles/prog.dir/home/sebastiaan/Documents/ProtocolDIrectory/avr-pico-programmer-release/pico-sdk/src/common/pico_sync/mutex.c.o
LOAD CMakeFiles/prog.dir/home/sebastiaan/Documents/ProtocolDIrectory/avr-pico-programmer-release/pico-sdk/src/common/pico_sync/critical_section.c.o
LOAD CMakeFiles/prog.dir/home/sebastiaan/Documents/ProtocolDIrectory/avr-pico-programmer-release/pico-sdk/src/common/pico_time/time.c.o
LOAD CMakeFiles/prog.dir/home/sebastiaan/Documents/ProtocolDIrectory/avr-pico-programmer-release/pico-sdk/src/common/pico_time/timeout_helper.c.o
LOAD CMakeFiles/prog.dir/home/sebastiaan/Documents/ProtocolDIrectory/avr-pico-programmer-release/pico-sdk/src/rp2_common/hardware_timer/timer.c.o
LOAD CMakeFiles/prog.dir/home/sebastiaan/Documents/ProtocolDIrectory/avr-pico-programmer-release/pico-sdk/src/common/pico_util/datetime.c.o
LOAD CMakeFiles/prog.dir/home/sebastiaan/Documents/ProtocolDIrectory/avr-pico-programmer-release/pico-sdk/src/common/pico_util/pheap.c.o
LOAD CMakeFiles/prog.dir/home/sebastiaan/Documents/ProtocolDIrectory/avr-pico-programmer-release/pico-sdk/src/common/pico_util/queue.c.o
LOAD CMakeFiles/prog.dir/home/sebastiaan/Documents/ProtocolDIrectory/avr-pico-programmer-release/pico-sdk/src/rp2_common/hardware_uart/uart.c.o
LOAD CMakeFiles/prog.dir/home/sebastiaan/Documents/ProtocolDIrectory/avr-pico-programmer-release/pico-sdk/src/rp2_common/hardware_clocks/clocks.c.o
LOAD CMakeFiles/prog.dir/home/sebastiaan/Documents/ProtocolDIrectory/avr-pico-programmer-release/pico-sdk/src/rp2_common/hardware_pll/pll.c.o
LOAD CMakeFiles/prog.dir/home/sebastiaan/Documents/ProtocolDIrectory/avr-pico-programmer-release/pico-sdk/src/rp2_common/hardware_vreg/vreg.c.o
LOAD CMakeFiles/prog.dir/home/sebastiaan/Documents/ProtocolDIrectory/avr-pico-programmer-release/pico-sdk/src/rp2_common/hardware_watchdog/watchdog.c.o
LOAD CMakeFiles/prog.dir/home/sebastiaan/Documents/ProtocolDIrectory/avr-pico-programmer-release/pico-sdk/src/rp2_common/hardware_ticks/ticks.c.o
LOAD CMakeFiles/prog.dir/home/sebastiaan/Documents/ProtocolDIrectory/avr-pico-programmer-release/pico-sdk/src/rp2_common/pico_bootrom/bootrom.c.o
LOAD CMakeFiles/prog.dir/home/sebastiaan/Documents/ProtocolDIrectory/avr-pico-programmer-release/pico-sdk/src/rp2_common/pico_bootrom/bootrom_lock.c.o
LOAD CMakeFiles/prog.dir/home/sebastiaan/Documents/ProtocolDIrectory/avr-pico-programmer-release/pico-sdk/src/rp2_common/hardware_boot_lock/boot_lock.c.o
LOAD CMakeFiles/prog.dir/home/sebastiaan/Documents/ProtocolDIrectory/avr-pico-programmer-release/pico-sdk/src/rp2_common/pico_flash/flash.c.o
LOAD CMakeFiles/prog.dir/home/sebastiaan/Documents/ProtocolDIrectory/avr-pico-programmer-release/pico-sdk/src/rp2_common/hardware_xosc/xosc.c.o
LOAD CMakeFiles/prog.dir/home/sebastiaan/Documents/ProtocolDIrectory/avr-pico-programmer-release/pico-sdk/src/rp2_common/hardware_divider/divider.S.o
LOAD CMakeFiles/prog.dir/home/sebastiaan/Documents/ProtocolDIrectory/avr-pico-programmer-release/pico-sdk/src/rp2_common/pico_runtime/runtime.c.o
LOAD CMakeFiles/prog.dir/home/sebastiaan/Documents/ProtocolDIrectory/avr-pico-programmer-release/pico-sdk/src/rp2_common/pico_runtime_init/runtime_init.c.o
LOAD CMakeFiles/prog.dir/home/sebastiaan/Documents/ProtocolDIrectory/avr-pico-programmer-release/pico-sdk/src/rp2_common/pico_runtime_init/runtime_init_clocks.c.o
LOAD CMakeFiles/prog.dir/home/sebastiaan/Documents/ProtocolDIrectory/avr-pico-programmer-release/pico-sdk/src/rp2_common/pico_runtime_init/runtime_init_stack_guard.c.o
LOAD CMakeFiles/prog.dir/home/sebastiaan/Documents/ProtocolDIrectory/avr-pico-programmer-release/pico-sdk/src/rp2_common/pico_bit_ops/bit_ops_aeabi.S.o
LOAD CMakeFiles/prog.dir/home/sebastiaan/Documents/ProtocolDIrectory/avr-pico-programmer-release/pico-sdk/src/rp2_common/pico_divider/divider_hardware.S.o
LOAD CMakeFiles/prog.dir/home/sebastiaan/Documents/ProtocolDIrectory/avr-pico-programmer-release/pico-sdk/src/rp2_common/pico_double/double_aeabi_rp2040.S.o
LOAD CMakeFiles/prog.dir/home/sebastiaan/Documents/ProtocolDIrectory/avr-pico-programmer-release/pico-sdk/src/rp2_common/pico_double/double_init_rom_rp2040.c.o
LOAD CMakeFiles/prog.dir/home/sebastiaan/Documents/ProtocolDIrectory/avr-pico-programmer-release/pico-sdk/src/rp2_common/pico_double/double_math.c.o
LOAD CMakeFiles/prog.dir/home/sebastiaan/Documents/ProtocolDIrectory/avr-pico-programmer-release/pico-sdk/src/rp2_common/pico_double/double_v1_rom_shim_rp2040.S.o
LOAD CMakeFiles/prog.dir/home/sebastiaan/Documents/ProtocolDIrectory/avr-pico-programmer-release/pico-sdk/src/rp2_common/pico_int64_ops/pico_int64_ops_aeabi.S.o
LOAD CMakeFiles/prog.dir/home/sebastiaan/Documents/ProtocolDIrectory/avr-pico-programmer-release/pico-sdk/src/rp2_common/pico_float/float_aeabi_rp2040.S.o